Archive member included to satisfy reference by file (symbol)

/home/chris/opt/STM32CubeIDE/st/stm32cubeide_1.2.0/plugins/com.st.stm32cube.ide.mcu.externaltools.gnu-tools-for-stm32.7-2018-q2-update.linux64_1.4.0.202007081208/tools/bin/../lib/gcc/arm-none-eabi/7.3.1/../../../../arm-none-eabi/lib/thumb/v7e-m/fpv4-sp/hard/libc_nano.a(lib_a-errno.o)
                              Core/Src/syscalls.o (__errno)
/home/chris/opt/STM32CubeIDE/st/stm32cubeide_1.2.0/plugins/com.st.stm32cube.ide.mcu.externaltools.gnu-tools-for-stm32.7-2018-q2-update.linux64_1.4.0.202007081208/tools/bin/../lib/gcc/arm-none-eabi/7.3.1/../../../../arm-none-eabi/lib/thumb/v7e-m/fpv4-sp/hard/libc_nano.a(lib_a-exit.o)
                              /home/chris/opt/STM32CubeIDE/st/stm32cubeide_1.2.0/plugins/com.st.stm32cube.ide.mcu.externaltools.gnu-tools-for-stm32.7-2018-q2-update.linux64_1.4.0.202007081208/tools/bin/../lib/gcc/arm-none-eabi/7.3.1/../../../../arm-none-eabi/lib/thumb/v7e-m/fpv4-sp/hard/crt0.o (exit)
/home/chris/opt/STM32CubeIDE/st/stm32cubeide_1.2.0/plugins/com.st.stm32cube.ide.mcu.externaltools.gnu-tools-for-stm32.7-2018-q2-update.linux64_1.4.0.202007081208/tools/bin/../lib/gcc/arm-none-eabi/7.3.1/../../../../arm-none-eabi/lib/thumb/v7e-m/fpv4-sp/hard/libc_nano.a(lib_a-impure.o)
                              /home/chris/opt/STM32CubeIDE/st/stm32cubeide_1.2.0/plugins/com.st.stm32cube.ide.mcu.externaltools.gnu-tools-for-stm32.7-2018-q2-update.linux64_1.4.0.202007081208/tools/bin/../lib/gcc/arm-none-eabi/7.3.1/../../../../arm-none-eabi/lib/thumb/v7e-m/fpv4-sp/hard/libc_nano.a(lib_a-exit.o) (_global_impure_ptr)
/home/chris/opt/STM32CubeIDE/st/stm32cubeide_1.2.0/plugins/com.st.stm32cube.ide.mcu.externaltools.gnu-tools-for-stm32.7-2018-q2-update.linux64_1.4.0.202007081208/tools/bin/../lib/gcc/arm-none-eabi/7.3.1/../../../../arm-none-eabi/lib/thumb/v7e-m/fpv4-sp/hard/libc_nano.a(lib_a-init.o)
                              /home/chris/opt/STM32CubeIDE/st/stm32cubeide_1.2.0/plugins/com.st.stm32cube.ide.mcu.externaltools.gnu-tools-for-stm32.7-2018-q2-update.linux64_1.4.0.202007081208/tools/bin/../lib/gcc/arm-none-eabi/7.3.1/../../../../arm-none-eabi/lib/thumb/v7e-m/fpv4-sp/hard/crt0.o (__libc_init_array)
/home/chris/opt/STM32CubeIDE/st/stm32cubeide_1.2.0/plugins/com.st.stm32cube.ide.mcu.externaltools.gnu-tools-for-stm32.7-2018-q2-update.linux64_1.4.0.202007081208/tools/bin/../lib/gcc/arm-none-eabi/7.3.1/../../../../arm-none-eabi/lib/thumb/v7e-m/fpv4-sp/hard/libc_nano.a(lib_a-memcpy-stub.o)
                              Middlewares/ST/BlueNRG-MS/hci/controller/bluenrg_gap_aci.o (memcpy)
/home/chris/opt/STM32CubeIDE/st/stm32cubeide_1.2.0/plugins/com.st.stm32cube.ide.mcu.externaltools.gnu-tools-for-stm32.7-2018-q2-update.linux64_1.4.0.202007081208/tools/bin/../lib/gcc/arm-none-eabi/7.3.1/../../../../arm-none-eabi/lib/thumb/v7e-m/fpv4-sp/hard/libc_nano.a(lib_a-memset.o)
                              /home/chris/opt/STM32CubeIDE/st/stm32cubeide_1.2.0/plugins/com.st.stm32cube.ide.mcu.externaltools.gnu-tools-for-stm32.7-2018-q2-update.linux64_1.4.0.202007081208/tools/bin/../lib/gcc/arm-none-eabi/7.3.1/../../../../arm-none-eabi/lib/thumb/v7e-m/fpv4-sp/hard/crt0.o (memset)
/home/chris/opt/STM32CubeIDE/st/stm32cubeide_1.2.0/plugins/com.st.stm32cube.ide.mcu.externaltools.gnu-tools-for-stm32.7-2018-q2-update.linux64_1.4.0.202007081208/tools/bin/../lib/gcc/arm-none-eabi/7.3.1/../../../../arm-none-eabi/lib/thumb/v7e-m/fpv4-sp/hard/libc_nano.a(lib_a-printf.o)
                              Core/Src/app_x-cube-ble1.o (printf)
/home/chris/opt/STM32CubeIDE/st/stm32cubeide_1.2.0/plugins/com.st.stm32cube.ide.mcu.externaltools.gnu-tools-for-stm32.7-2018-q2-update.linux64_1.4.0.202007081208/tools/bin/../lib/gcc/arm-none-eabi/7.3.1/../../../../arm-none-eabi/lib/thumb/v7e-m/fpv4-sp/hard/libc_nano.a(lib_a-findfp.o)
                              /home/chris/opt/STM32CubeIDE/st/stm32cubeide_1.2.0/plugins/com.st.stm32cube.ide.mcu.externaltools.gnu-tools-for-stm32.7-2018-q2-update.linux64_1.4.0.202007081208/tools/bin/../lib/gcc/arm-none-eabi/7.3.1/../../../../arm-none-eabi/lib/thumb/v7e-m/fpv4-sp/hard/libc_nano.a(lib_a-printf.o) (__sinit)
/home/chris/opt/STM32CubeIDE/st/stm32cubeide_1.2.0/plugins/com.st.stm32cube.ide.mcu.externaltools.gnu-tools-for-stm32.7-2018-q2-update.linux64_1.4.0.202007081208/tools/bin/../lib/gcc/arm-none-eabi/7.3.1/../../../../arm-none-eabi/lib/thumb/v7e-m/fpv4-sp/hard/libc_nano.a(lib_a-fwalk.o)
                              /home/chris/opt/STM32CubeIDE/st/stm32cubeide_1.2.0/plugins/com.st.stm32cube.ide.mcu.externaltools.gnu-tools-for-stm32.7-2018-q2-update.linux64_1.4.0.202007081208/tools/bin/../lib/gcc/arm-none-eabi/7.3.1/../../../../arm-none-eabi/lib/thumb/v7e-m/fpv4-sp/hard/libc_nano.a(lib_a-findfp.o) (_fwalk)
[...]
Memory Configuration

Name             Origin             Length             Attributes
RAM              0x0000000020000000 0x0000000000018000 xrw
RAM2             0x0000000010000000 0x0000000000008000 xrw
FLASH            0x0000000008000000 0x0000000000100000 xr
*default*        0x0000000000000000 0xffffffffffffffff

Linker script and memory map

LOAD /home/chris/opt/STM32CubeIDE/st/stm32cubeide_1.2.0/plugins/com.st.stm32cube.ide.mcu.externaltools.gnu-tools-for-stm32.7-2018-q2-update.linux64_1.4.0.202007081208/tools/bin/../lib/gcc/arm-none-eabi/7.3.1/thumb/v7e-m/fpv4-sp/hard/crti.o
LOAD /home/chris/opt/STM32CubeIDE/st/stm32cubeide_1.2.0/plugins/com.st.stm32cube.ide.mcu.externaltools.gnu-tools-for-stm32.7-2018-q2-update.linux64_1.4.0.202007081208/tools/bin/../lib/gcc/arm-none-eabi/7.3.1/thumb/v7e-m/fpv4-sp/hard/crtbegin.o
LOAD /home/chris/opt/STM32CubeIDE/st/stm32cubeide_1.2.0/plugins/com.st.stm32cube.ide.mcu.externaltools.gnu-tools-for-stm32.7-2018-q2-update.linux64_1.4.0.202007081208/tools/bin/../lib/gcc/arm-none-eabi/7.3.1/../../../../arm-none-eabi/lib/thumb/v7e-m/fpv4-sp/hard/crt0.o
LOAD BlueNRG-MS/Target/hci_tl_interface.o
LOAD Core/Src/app_x-cube-ble1.o
LOAD Core/Src/custom_bus.o
LOAD Core/Src/main.o
LOAD Core/Src/stm32l4xx_hal_msp.o
LOAD Core/Src/stm32l4xx_it.o
LOAD Core/Src/syscalls.o
LOAD Core/Src/sysmem.o
LOAD Core/Src/system_stm32l4xx.o
LOAD Core/Startup/startup_stm32l476rgtx.o
LOAD Drivers/STM32L4xx_HAL_Driver/Src/stm32l4xx_hal.o
LOAD Drivers/STM32L4xx_HAL_Driver/Src/stm32l4xx_hal_cortex.o
LOAD Drivers/STM32L4xx_HAL_Driver/Src/stm32l4xx_hal_dma.o
LOAD Drivers/STM32L4xx_HAL_Driver/Src/stm32l4xx_hal_dma_ex.o
LOAD Drivers/STM32L4xx_HAL_Driver/Src/stm32l4xx_hal_exti.o
LOAD Drivers/STM32L4xx_HAL_Driver/Src/stm32l4xx_hal_flash.o
LOAD Drivers/STM32L4xx_HAL_Driver/Src/stm32l4xx_hal_flash_ex.o
LOAD Drivers/STM32L4xx_HAL_Driver/Src/stm32l4xx_hal_flash_ramfunc.o
LOAD Drivers/STM32L4xx_HAL_Driver/Src/stm32l4xx_hal_gpio.o
LOAD Drivers/STM32L4xx_HAL_Driver/Src/stm32l4xx_hal_i2c.o
LOAD Drivers/STM32L4xx_HAL_Driver/Src/stm32l4xx_hal_i2c_ex.o
LOAD Drivers/STM32L4xx_HAL_Driver/Src/stm32l4xx_hal_pwr.o
LOAD Drivers/STM32L4xx_HAL_Driver/Src/stm32l4xx_hal_pwr_ex.o
LOAD Drivers/STM32L4xx_HAL_Driver/Src/stm32l4xx_hal_rcc.o
LOAD Drivers/STM32L4xx_HAL_Driver/Src/stm32l4xx_hal_rcc_ex.o
LOAD Drivers/STM32L4xx_HAL_Driver/Src/stm32l4xx_hal_spi.o
LOAD Drivers/STM32L4xx_HAL_Driver/Src/stm32l4xx_hal_spi_ex.o
LOAD Drivers/STM32L4xx_HAL_Driver/Src/stm32l4xx_hal_tim.o
LOAD Drivers/STM32L4xx_HAL_Driver/Src/stm32l4xx_hal_tim_ex.o
LOAD Drivers/STM32L4xx_HAL_Driver/Src/stm32l4xx_hal_uart.o
LOAD Drivers/STM32L4xx_HAL_Driver/Src/stm32l4xx_hal_uart_ex.o
LOAD Middlewares/ST/BlueNRG-MS/hci/controller/bluenrg_IFR.o
LOAD Middlewares/ST/BlueNRG-MS/hci/controller/bluenrg_gap_aci.o
LOAD Middlewares/ST/BlueNRG-MS/hci/controller/bluenrg_gatt_aci.o
LOAD Middlewares/ST/BlueNRG-MS/hci/controller/bluenrg_hal_aci.o
LOAD Middlewares/ST/BlueNRG-MS/hci/controller/bluenrg_l2cap_aci.o
LOAD Middlewares/ST/BlueNRG-MS/hci/controller/bluenrg_updater_aci.o
LOAD Middlewares/ST/BlueNRG-MS/hci/controller/bluenrg_utils_small.o
LOAD Middlewares/ST/BlueNRG-MS/hci/hci_le.o
LOAD Middlewares/ST/BlueNRG-MS/hci/hci_tl_patterns/Basic/hci_tl.o
LOAD Middlewares/ST/BlueNRG-MS/utils/ble_list.o
START GROUP
LOAD /home/chris/opt/STM32CubeIDE/st/stm32cubeide_1.2.0/plugins/com.st.stm32cube.ide.mcu.externaltools.gnu-tools-for-stm32.7-2018-q2-update.linux64_1.4.0.202007081208/tools/bin/../lib/gcc/arm-none-eabi/7.3.1/../../../../arm-none-eabi/lib/thumb/v7e-m/fpv4-sp/hard/libc_nano.a
LOAD /home/chris/opt/STM32CubeIDE/st/stm32cubeide_1.2.0/plugins/com.st.stm32cube.ide.mcu.externaltools.gnu-tools-for-stm32.7-2018-q2-update.linux64_1.4.0.202007081208/tools/bin/../lib/gcc/arm-none-eabi/7.3.1/../../../../arm-none-eabi/lib/thumb/v7e-m/fpv4-sp/hard/libm.a
END GROUP
START GROUP
LOAD /home/chris/opt/STM32CubeIDE/st/stm32cubeide_1.2.0/plugins/com.st.stm32cube.ide.mcu.externaltools.gnu-tools-for-stm32.7-2018-q2-update.linux64_1.4.0.202007081208/tools/bin/../lib/gcc/arm-none-eabi/7.3.1/thumb/v7e-m/fpv4-sp/hard/libgcc.a
LOAD /home/chris/opt/STM32CubeIDE/st/stm32cubeide_1.2.0/plugins/com.st.stm32cube.ide.mcu.externaltools.gnu-tools-for-stm32.7-2018-q2-update.linux64_1.4.0.202007081208/tools/bin/../lib/gcc/arm-none-eabi/7.3.1/../../../../arm-none-eabi/lib/thumb/v7e-m/fpv4-sp/hard/libc_nano.a
END GROUP
START GROUP
LOAD /home/chris/opt/STM32CubeIDE/st/stm32cubeide_1.2.0/plugins/com.st.stm32cube.ide.mcu.externaltools.gnu-tools-for-stm32.7-2018-q2-update.linux64_1.4.0.202007081208/tools/bin/../lib/gcc/arm-none-eabi/7.3.1/thumb/v7e-m/fpv4-sp/hard/libgcc.a
LOAD /home/chris/opt/STM32CubeIDE/st/stm32cubeide_1.2.0/plugins/com.st.stm32cube.ide.mcu.externaltools.gnu-tools-for-stm32.7-2018-q2-update.linux64_1.4.0.202007081208/tools/bin/../lib/gcc/arm-none-eabi/7.3.1/../../../../arm-none-eabi/lib/thumb/v7e-m/fpv4-sp/hard/libc_nano.a
LOAD /home/chris/opt/STM32CubeIDE/st/stm32cubeide_1.2.0/plugins/com.st.stm32cube.ide.mcu.externaltools.gnu-tools-for-stm32.7-2018-q2-update.linux64_1.4.0.202007081208/tools/bin/../lib/gcc/arm-none-eabi/7.3.1/../../../../arm-none-eabi/lib/thumb/v7e-m/fpv4-sp/hard/libnosys.a
END GROUP
START GROUP
LOAD /home/chris/opt/STM32CubeIDE/st/stm32cubeide_1.2.0/plugins/com.st.stm32cube.ide.mcu.externaltools.gnu-tools-for-stm32.7-2018-q2-update.linux64_1.4.0.202007081208/tools/bin/../lib/gcc/arm-none-eabi/7.3.1/thumb/v7e-m/fpv4-sp/hard/libgcc.a
LOAD /home/chris/opt/STM32CubeIDE/st/stm32cubeide_1.2.0/plugins/com.st.stm32cube.ide.mcu.externaltools.gnu-tools-for-stm32.7-2018-q2-update.linux64_1.4.0.202007081208/tools/bin/../lib/gcc/arm-none-eabi/7.3.1/../../../../arm-none-eabi/lib/thumb/v7e-m/fpv4-sp/hard/libc_nano.a
LOAD /home/chris/opt/STM32CubeIDE/st/stm32cubeide_1.2.0/plugins/com.st.stm32cube.ide.mcu.externaltools.gnu-tools-for-stm32.7-2018-q2-update.linux64_1.4.0.202007081208/tools/bin/../lib/gcc/arm-none-eabi/7.3.1/../../../../arm-none-eabi/lib/thumb/v7e-m/fpv4-sp/hard/libnosys.a
END GROUP
LOAD /home/chris/opt/STM32CubeIDE/st/stm32cubeide_1.2.0/plugins/com.st.stm32cube.ide.mcu.externaltools.gnu-tools-for-stm32.7-2018-q2-update.linux64_1.4.0.202007081208/tools/bin/../lib/gcc/arm-none-eabi/7.3.1/thumb/v7e-m/fpv4-sp/hard/crtend.o
LOAD /home/chris/opt/STM32CubeIDE/st/stm32cubeide_1.2.0/plugins/com.st.stm32cube.ide.mcu.externaltools.gnu-tools-for-stm32.7-2018-q2-update.linux64_1.4.0.202007081208/tools/bin/../lib/gcc/arm-none-eabi/7.3.1/thumb/v7e-m/fpv4-sp/hard/crtn.o
                0x0000000020018000                _estack = (ORIGIN (RAM) + LENGTH (RAM))
                0x0000000000000200                _Min_Heap_Size = 0x200
                0x0000000000000400                _Min_Stack_Size = 0x400

.isr_vector     0x0000000008000000      0x188
                0x0000000008000000                . = ALIGN (0x4)
 *(.isr_vector)
 .isr_vector    0x0000000008000000      0x188 Core/Startup/startup_stm32l476rgtx.o
                0x0000000008000000                g_pfnVectors
                0x0000000008000188                . = ALIGN (0x4)

.text           0x0000000008000190     0x583c
                0x0000000008000190                . = ALIGN (0x4)
 *(.text)
 .text          0x0000000008000190       0x40 /home/chris/opt/STM32CubeIDE/st/stm32cubeide_1.2.0/plugins/com.st.stm32cube.ide.mcu.externaltools.gnu-tools-for-stm32.7-2018-q2-update.linux64_1.4.0.202007081208/tools/bin/../lib/gcc/arm-none-eabi/7.3.1/thumb/v7e-m/fpv4-sp/hard/crtbegin.o
 .text          0x00000000080001d0       0xa0 /home/chris/opt/STM32CubeIDE/st/stm32cubeide_1.2.0/plugins/com.st.stm32cube.ide.mcu.externaltools.gnu-tools-for-stm32.7-2018-q2-update.linux64_1.4.0.202007081208/tools/bin/../lib/gcc/arm-none-eabi/7.3.1/../../../../arm-none-eabi/lib/thumb/v7e-m/fpv4-sp/hard/libc_nano.a(lib_a-memchr.o)
                0x00000000080001d0                memchr
 .text          0x0000000008000270       0x30 /home/chris/opt/STM32CubeIDE/st/stm32cubeide_1.2.0/plugins/com.st.stm32cube.ide.mcu.externaltools.gnu-tools-for-stm32.7-2018-q2-update.linux64_1.4.0.202007081208/tools/bin/../lib/gcc/arm-none-eabi/7.3.1/thumb/v7e-m/fpv4-sp/hard/libgcc.a(_aeabi_uldivmod.o)
                0x0000000008000270                __aeabi_uldivmod
 .text          0x00000000080002a0      0x2cc /home/chris/opt/STM32CubeIDE/st/stm32cubeide_1.2.0/plugins/com.st.stm32cube.ide.mcu.externaltools.gnu-tools-for-stm32.7-2018-q2-update.linux64_1.4.0.202007081208/tools/bin/../lib/gcc/arm-none-eabi/7.3.1/thumb/v7e-m/fpv4-sp/hard/libgcc.a(_udivmoddi4.o)
                0x00000000080002a0                __udivmoddi4
 .text          0x000000000800056c        0x4 /home/chris/opt/STM32CubeIDE/st/stm32cubeide_1.2.0/plugins/com.st.stm32cube.ide.mcu.externaltools.gnu-tools-for-stm32.7-2018-q2-update.linux64_1.4.0.202007081208/tools/bin/../lib/gcc/arm-none-eabi/7.3.1/thumb/v7e-m/fpv4-sp/hard/libgcc.a(_dvmd_tls.o)
                0x000000000800056c                __aeabi_ldiv0
                0x000000000800056c                __aeabi_idiv0
 *(.text*)
 .text.HCI_TL_SPI_Init
                0x0000000008000570       0x8c BlueNRG-MS/Target/hci_tl_interface.o
                0x0000000008000570                HCI_TL_SPI_Init
 .text.HCI_TL_SPI_DeInit
                0x00000000080005fc       0x28 BlueNRG-MS/Target/hci_tl_interface.o
                0x00000000080005fc                HCI_TL_SPI_DeInit
 .text.HCI_TL_SPI_Reset
                0x0000000008000624       0x38 BlueNRG-MS/Target/hci_tl_interface.o
                0x0000000008000624                HCI_TL_SPI_Reset
 .text.HCI_TL_SPI_Receive
                0x000000000800065c       0xb4 BlueNRG-MS/Target/hci_tl_interface.o
                0x000000000800065c                HCI_TL_SPI_Receive
 .text.HCI_TL_SPI_Send
                0x0000000008000710       0xa8 BlueNRG-MS/Target/hci_tl_interface.o
                0x0000000008000710                HCI_TL_SPI_Send
 .text.IsDataAvailable
                0x00000000080007b8       0x1e BlueNRG-MS/Target/hci_tl_interface.o
 *fill*         0x00000000080007d6        0x2 
 .text.hci_tl_lowlevel_init
                0x00000000080007d8       0x74 BlueNRG-MS/Target/hci_tl_interface.o
                0x00000000080007d8                hci_tl_lowlevel_init
 .text.hci_tl_lowlevel_isr
                0x000000000800084c       0x22 BlueNRG-MS/Target/hci_tl_interface.o
                0x000000000800084c                hci_tl_lowlevel_isr
 *fill*         0x000000000800086e        0x2 
 .text.MX_BlueNRG_MS_Init
                0x0000000008000870       0x80 Core/Src/app_x-cube-ble1.o
                0x0000000008000870                MX_BlueNRG_MS_Init
 .text.MX_BlueNRG_MS_Process
                0x00000000080008f0       0x22 Core/Src/app_x-cube-ble1.o
                0x00000000080008f0                MX_BlueNRG_MS_Process
 *fill*         0x0000000008000912        0x2 
 .text.receiveData
                0x0000000008000914       0xac Core/Src/app_x-cube-ble1.o
                0x0000000008000914                receiveData
 .text.user_notify
                0x00000000080009c0       0x5c Core/Src/app_x-cube-ble1.o
                0x00000000080009c0                user_notify
 .text.BSP_SPI1_Init
                0x0000000008000a1c       0x60 Core/Src/custom_bus.o
                0x0000000008000a1c                BSP_SPI1_Init
 .text.BSP_SPI1_SendRecv
                0x0000000008000a7c       0x40 Core/Src/custom_bus.o
                0x0000000008000a7c                BSP_SPI1_SendRecv
 .text.BSP_GetTick
                0x0000000008000abc        0xe Core/Src/custom_bus.o
                0x0000000008000abc                BSP_GetTick
 *fill*         0x0000000008000aca        0x2 
 .text.MX_SPI1_Init
                0x0000000008000acc       0x84 Core/Src/custom_bus.o
                0x0000000008000acc                MX_SPI1_Init
 .text.SPI1_MspInit
                0x0000000008000b50       0xac Core/Src/custom_bus.o
 .text.main     0x0000000008000bfc       0x1e Core/Src/main.o
                0x0000000008000bfc                main
 .text.SystemClock_Config
                0x0000000008000c1a       0xca Core/Src/main.o
                0x0000000008000c1a                SystemClock_Config
 .text.MX_USART1_UART_Init
                0x0000000008000ce4       0x60 Core/Src/main.o
 .text.MX_GPIO_Init
                0x0000000008000d44       0x9c Core/Src/main.o
 .text.Error_Handler
                0x0000000008000de0        0xe Core/Src/main.o
                0x0000000008000de0                Error_Handler
 *fill*         0x0000000008000dee        0x2 
 .text.HAL_MspInit
                0x0000000008000df0       0x48 Core/Src/stm32l4xx_hal_msp.o
                0x0000000008000df0                HAL_MspInit
 .text.HAL_UART_MspInit
                0x0000000008000e38       0x88 Core/Src/stm32l4xx_hal_msp.o
                0x0000000008000e38                HAL_UART_MspInit
 .text.NMI_Handler
                0x0000000008000ec0        0xe Core/Src/stm32l4xx_it.o
                0x0000000008000ec0                NMI_Handler
 .text.HardFault_Handler
                0x0000000008000ece        0x6 Core/Src/stm32l4xx_it.o
                0x0000000008000ece                HardFault_Handler
 .text.MemManage_Handler
                0x0000000008000ed4        0x6 Core/Src/stm32l4xx_it.o
                0x0000000008000ed4                MemManage_Handler
 .text.BusFault_Handler
                0x0000000008000eda        0x6 Core/Src/stm32l4xx_it.o
                0x0000000008000eda                BusFault_Handler
 .text.UsageFault_Handler
                0x0000000008000ee0        0x6 Core/Src/stm32l4xx_it.o
                0x0000000008000ee0                UsageFault_Handler
 .text.SVC_Handler
                0x0000000008000ee6        0xe Core/Src/stm32l4xx_it.o
                0x0000000008000ee6                SVC_Handler
 .text.DebugMon_Handler
                0x0000000008000ef4        0xe Core/Src/stm32l4xx_it.o
                0x0000000008000ef4                DebugMon_Handler
 .text.PendSV_Handler
                0x0000000008000f02        0xe Core/Src/stm32l4xx_it.o
                0x0000000008000f02                PendSV_Handler
 .text.SysTick_Handler
                0x0000000008000f10        0xc Core/Src/stm32l4xx_it.o
                0x0000000008000f10                SysTick_Handler
 .text._read    0x0000000008000f1c       0x3a Core/Src/syscalls.o
                0x0000000008000f1c                _read
 .text._write   0x0000000008000f56       0x38 Core/Src/syscalls.o
                0x0000000008000f56                _write
 .text._close   0x0000000008000f8e       0x18 Core/Src/syscalls.o
                0x0000000008000f8e                _close
 .text._fstat   0x0000000008000fa6       0x20 Core/Src/syscalls.o
                0x0000000008000fa6                _fstat
 .text._isatty  0x0000000008000fc6       0x16 Core/Src/syscalls.o
                0x0000000008000fc6                _isatty
 .text._lseek   0x0000000008000fdc       0x1a Core/Src/syscalls.o
                0x0000000008000fdc                _lseek
 *fill*         0x0000000008000ff6        0x2 
 .text._sbrk    0x0000000008000ff8       0x6c Core/Src/sysmem.o
                0x0000000008000ff8                _sbrk
 .text.SystemInit
                0x0000000008001064       0x6c Core/Src/system_stm32l4xx.o
                0x0000000008001064                SystemInit
 .text.Reset_Handler
                0x00000000080010d0       0x50 Core/Startup/startup_stm32l476rgtx.o
                0x00000000080010d0                Reset_Handler
 .text.Default_Handler
                0x0000000008001120        0x2 Core/Startup/startup_stm32l476rgtx.o
                0x0000000008001120                RTC_Alarm_IRQHandler
                0x0000000008001120                EXTI2_IRQHandler
                0x0000000008001120                TIM8_TRG_COM_IRQHandler
                0x0000000008001120                TIM8_CC_IRQHandler
                0x0000000008001120                TIM1_CC_IRQHandler
                0x0000000008001120                TSC_IRQHandler
                0x0000000008001120                TAMP_STAMP_IRQHandler
                0x0000000008001120                EXTI3_IRQHandler
                0x0000000008001120                LPTIM2_IRQHandler
                0x0000000008001120                DFSDM1_FLT1_IRQHandler
                0x0000000008001120                I2C3_ER_IRQHandler
                0x0000000008001120                DFSDM1_FLT2_IRQHandler
                0x0000000008001120                EXTI0_IRQHandler
                0x0000000008001120                I2C2_EV_IRQHandler
                0x0000000008001120                CAN1_RX0_IRQHandler
                0x0000000008001120                FPU_IRQHandler
                0x0000000008001120                TIM1_UP_TIM16_IRQHandler
                0x0000000008001120                ADC1_2_IRQHandler
                0x0000000008001120                SPI1_IRQHandler
                0x0000000008001120                TIM6_DAC_IRQHandler
                0x0000000008001120                TIM8_UP_IRQHandler
                0x0000000008001120                DMA2_Channel2_IRQHandler
                0x0000000008001120                DMA1_Channel4_IRQHandler
                0x0000000008001120                SAI2_IRQHandler
                0x0000000008001120                DFSDM1_FLT3_IRQHandler
                0x0000000008001120                USART3_IRQHandler
                0x0000000008001120                DMA1_Channel7_IRQHandler
                0x0000000008001120                CAN1_RX1_IRQHandler
                0x0000000008001120                LCD_IRQHandler
                0x0000000008001120                UART5_IRQHandler
                0x0000000008001120                ADC3_IRQHandler
                0x0000000008001120                TIM4_IRQHandler
                0x0000000008001120                DMA2_Channel1_IRQHandler
                0x0000000008001120                QUADSPI_IRQHandler
                0x0000000008001120                I2C1_EV_IRQHandler
                0x0000000008001120                DMA1_Channel6_IRQHandler
                0x0000000008001120                UART4_IRQHandler
                0x0000000008001120                DMA2_Channel4_IRQHandler
                0x0000000008001120                TIM3_IRQHandler
                0x0000000008001120                RCC_IRQHandler
                0x0000000008001120                DMA1_Channel1_IRQHandler
                0x0000000008001120                Default_Handler
                0x0000000008001120                DMA2_Channel7_IRQHandler
                0x0000000008001120                EXTI15_10_IRQHandler
                0x0000000008001120                TIM7_IRQHandler
                0x0000000008001120                SDMMC1_IRQHandler
                0x0000000008001120                TIM5_IRQHandler
                0x0000000008001120                I2C3_EV_IRQHandler
                0x0000000008001120                EXTI9_5_IRQHandler
                0x0000000008001120                RTC_WKUP_IRQHandler
                0x0000000008001120                PVD_PVM_IRQHandler
                0x0000000008001120                SPI2_IRQHandler
                0x0000000008001120                CAN1_TX_IRQHandler
                0x0000000008001120                DMA2_Channel5_IRQHandler
                0x0000000008001120                DMA1_Channel5_IRQHandler
                0x0000000008001120                EXTI4_IRQHandler
                0x0000000008001120                RNG_IRQHandler
                0x0000000008001120                TIM1_TRG_COM_TIM17_IRQHandler
                0x0000000008001120                DMA1_Channel3_IRQHandler
                0x0000000008001120                COMP_IRQHandler
                0x0000000008001120                WWDG_IRQHandler
                0x0000000008001120                LPUART1_IRQHandler
                0x0000000008001120                DMA2_Channel6_IRQHandler
                0x0000000008001120                TIM2_IRQHandler
                0x0000000008001120                EXTI1_IRQHandler
                0x0000000008001120                USART2_IRQHandler
                0x0000000008001120                DFSDM1_FLT0_IRQHandler
                0x0000000008001120                I2C2_ER_IRQHandler
                0x0000000008001120                DMA1_Channel2_IRQHandler
                0x0000000008001120                TIM8_BRK_IRQHandler
                0x0000000008001120                CAN1_SCE_IRQHandler
                0x0000000008001120                FLASH_IRQHandler
                0x0000000008001120                USART1_IRQHandler
                0x0000000008001120                OTG_FS_IRQHandler
                0x0000000008001120                SPI3_IRQHandler
                0x0000000008001120                I2C1_ER_IRQHandler
                0x0000000008001120                FMC_IRQHandler
                0x0000000008001120                SWPMI1_IRQHandler
                0x0000000008001120                LPTIM1_IRQHandler
                0x0000000008001120                SAI1_IRQHandler
                0x0000000008001120                DMA2_Channel3_IRQHandler
                0x0000000008001120                TIM1_BRK_TIM15_IRQHandler
 .text.HAL_Init
                0x0000000008001122       0x30 Drivers/STM32L4xx_HAL_Driver/Src/stm32l4xx_hal.o
                0x0000000008001122                HAL_Init
 *fill*         0x0000000008001152        0x2 
 .text.HAL_InitTick
                0x0000000008001154       0x78 Drivers/STM32L4xx_HAL_Driver/Src/stm32l4xx_hal.o
                0x0000000008001154                HAL_InitTick
 .text.HAL_IncTick
                0x00000000080011cc       0x28 Drivers/STM32L4xx_HAL_Driver/Src/stm32l4xx_hal.o
                0x00000000080011cc                HAL_IncTick
 .text.HAL_GetTick
                0x00000000080011f4       0x18 Drivers/STM32L4xx_HAL_Driver/Src/stm32l4xx_hal.o
                0x00000000080011f4                HAL_GetTick
 .text.HAL_Delay
                0x000000000800120c       0x44 Drivers/STM32L4xx_HAL_Driver/Src/stm32l4xx_hal.o
                0x000000000800120c                HAL_Delay
 .text.__NVIC_SetPriorityGrouping
                0x0000000008001250       0x48 Drivers/STM32L4xx_HAL_Driver/Src/stm32l4xx_hal_cortex.o
 .text.__NVIC_GetPriorityGrouping
                0x0000000008001298       0x1c Drivers/STM32L4xx_HAL_Driver/Src/stm32l4xx_hal_cortex.o
 .text.__NVIC_EnableIRQ
                0x00000000080012b4       0x3c Drivers/STM32L4xx_HAL_Driver/Src/stm32l4xx_hal_cortex.o
 .text.__NVIC_SetPriority
                0x00000000080012f0       0x54 Drivers/STM32L4xx_HAL_Driver/Src/stm32l4xx_hal_cortex.o
 .text.NVIC_EncodePriority
                0x0000000008001344       0x66 Drivers/STM32L4xx_HAL_Driver/Src/stm32l4xx_hal_cortex.o
 *fill*         0x00000000080013aa        0x2 
 .text.SysTick_Config
                0x00000000080013ac       0x44 Drivers/STM32L4xx_HAL_Driver/Src/stm32l4xx_hal_cortex.o
 .text.HAL_NVIC_SetPriorityGrouping
                0x00000000080013f0       0x16 Drivers/STM32L4xx_HAL_Driver/Src/stm32l4xx_hal_cortex.o
                0x00000000080013f0                HAL_NVIC_SetPriorityGrouping
 .text.HAL_NVIC_SetPriority
                0x0000000008001406       0x38 Drivers/STM32L4xx_HAL_Driver/Src/stm32l4xx_hal_cortex.o
                0x0000000008001406                HAL_NVIC_SetPriority
 .text.HAL_NVIC_EnableIRQ
                0x000000000800143e       0x1c Drivers/STM32L4xx_HAL_Driver/Src/stm32l4xx_hal_cortex.o
                0x000000000800143e                HAL_NVIC_EnableIRQ
 .text.HAL_SYSTICK_Config
                0x000000000800145a       0x18 Drivers/STM32L4xx_HAL_Driver/Src/stm32l4xx_hal_cortex.o
                0x000000000800145a                HAL_SYSTICK_Config
 .text.HAL_EXTI_RegisterCallback
                0x0000000008001472       0x34 Drivers/STM32L4xx_HAL_Driver/Src/stm32l4xx_hal_exti.o
                0x0000000008001472                HAL_EXTI_RegisterCallback
 .text.HAL_EXTI_GetHandle
                0x00000000080014a6       0x28 Drivers/STM32L4xx_HAL_Driver/Src/stm32l4xx_hal_exti.o
                0x00000000080014a6                HAL_EXTI_GetHandle
 *fill*         0x00000000080014ce        0x2 
 .text.HAL_GPIO_Init
                0x00000000080014d0      0x350 Drivers/STM32L4xx_HAL_Driver/Src/stm32l4xx_hal_gpio.o
                0x00000000080014d0                HAL_GPIO_Init
 .text.HAL_GPIO_DeInit
                0x0000000008001820      0x1e8 Drivers/STM32L4xx_HAL_Driver/Src/stm32l4xx_hal_gpio.o
                0x0000000008001820                HAL_GPIO_DeInit
 .text.HAL_GPIO_ReadPin
                0x0000000008001a08       0x30 Drivers/STM32L4xx_HAL_Driver/Src/stm32l4xx_hal_gpio.o
                0x0000000008001a08                HAL_GPIO_ReadPin
 .text.HAL_GPIO_WritePin
                0x0000000008001a38       0x30 Drivers/STM32L4xx_HAL_Driver/Src/stm32l4xx_hal_gpio.o
                0x0000000008001a38                HAL_GPIO_WritePin
 .text.HAL_PWREx_GetVoltageRange
                0x0000000008001a68       0x1c Drivers/STM32L4xx_HAL_Driver/Src/stm32l4xx_hal_pwr_ex.o
                0x0000000008001a68                HAL_PWREx_GetVoltageRange
 .text.HAL_PWREx_ControlVoltageScaling
                0x0000000008001a84       0xac Drivers/STM32L4xx_HAL_Driver/Src/stm32l4xx_hal_pwr_ex.o
                0x0000000008001a84                HAL_PWREx_ControlVoltageScaling
 .text.HAL_RCC_OscConfig
                0x0000000008001b30      0x7cc Drivers/STM32L4xx_HAL_Driver/Src/stm32l4xx_hal_rcc.o
                0x0000000008001b30                HAL_RCC_OscConfig
 .text.HAL_RCC_ClockConfig
                0x00000000080022fc      0x1c4 Drivers/STM32L4xx_HAL_Driver/Src/stm32l4xx_hal_rcc.o
                0x00000000080022fc                HAL_RCC_ClockConfig
 .text.HAL_RCC_GetSysClockFreq
                0x00000000080024c0      0x114 Drivers/STM32L4xx_HAL_Driver/Src/stm32l4xx_hal_rcc.o
                0x00000000080024c0                HAL_RCC_GetSysClockFreq
 .text.HAL_RCC_GetHCLKFreq
                0x00000000080025d4       0x18 Drivers/STM32L4xx_HAL_Driver/Src/stm32l4xx_hal_rcc.o
                0x00000000080025d4                HAL_RCC_GetHCLKFreq
 .text.HAL_RCC_GetPCLK1Freq
                0x00000000080025ec       0x2c Drivers/STM32L4xx_HAL_Driver/Src/stm32l4xx_hal_rcc.o
                0x00000000080025ec                HAL_RCC_GetPCLK1Freq
 .text.HAL_RCC_GetPCLK2Freq
                0x0000000008002618       0x2c Drivers/STM32L4xx_HAL_Driver/Src/stm32l4xx_hal_rcc.o
                0x0000000008002618                HAL_RCC_GetPCLK2Freq
 .text.RCC_SetFlashLatencyFromMSIRange
                0x0000000008002644       0xc0 Drivers/STM32L4xx_HAL_Driver/Src/stm32l4xx_hal_rcc.o
 .text.HAL_RCCEx_PeriphCLKConfig
                0x0000000008002704      0x5cc Drivers/STM32L4xx_HAL_Driver/Src/stm32l4xx_hal_rcc_ex.o
                0x0000000008002704                HAL_RCCEx_PeriphCLKConfig
 .text.RCCEx_PLLSAI1_Config
                0x0000000008002cd0      0x1e0 Drivers/STM32L4xx_HAL_Driver/Src/stm32l4xx_hal_rcc_ex.o
 .text.RCCEx_PLLSAI2_Config
                0x0000000008002eb0      0x1b4 Drivers/STM32L4xx_HAL_Driver/Src/stm32l4xx_hal_rcc_ex.o
 .text.HAL_SPI_Init
                0x0000000008003064      0x146 Drivers/STM32L4xx_HAL_Driver/Src/stm32l4xx_hal_spi.o
                0x0000000008003064                HAL_SPI_Init
 .text.HAL_SPI_MspInit
                0x00000000080031aa       0x14 Drivers/STM32L4xx_HAL_Driver/Src/stm32l4xx_hal_spi.o
                0x00000000080031aa                HAL_SPI_MspInit
 .text.HAL_SPI_TransmitReceive
                0x00000000080031be      0x426 Drivers/STM32L4xx_HAL_Driver/Src/stm32l4xx_hal_spi.o
                0x00000000080031be                HAL_SPI_TransmitReceive
 .text.HAL_SPI_GetState
                0x00000000080035e4       0x1c Drivers/STM32L4xx_HAL_Driver/Src/stm32l4xx_hal_spi.o
                0x00000000080035e4                HAL_SPI_GetState
 .text.SPI_WaitFlagStateUntilTimeout
                0x0000000008003600      0x110 Drivers/STM32L4xx_HAL_Driver/Src/stm32l4xx_hal_spi.o
 .text.SPI_WaitFifoStateUntilTimeout
                0x0000000008003710      0x11c Drivers/STM32L4xx_HAL_Driver/Src/stm32l4xx_hal_spi.o
 .text.SPI_EndRxTxTransaction
                0x000000000800382c       0x8c Drivers/STM32L4xx_HAL_Driver/Src/stm32l4xx_hal_spi.o
 .text.HAL_UART_Init
                0x00000000080038b8       0x9c Drivers/STM32L4xx_HAL_Driver/Src/stm32l4xx_hal_uart.o
                0x00000000080038b8                HAL_UART_Init
 .text.UART_SetConfig
                0x0000000008003954      0x514 Drivers/STM32L4xx_HAL_Driver/Src/stm32l4xx_hal_uart.o
                0x0000000008003954                UART_SetConfig
 .text.UART_AdvFeatureConfig
                0x0000000008003e68      0x144 Drivers/STM32L4xx_HAL_Driver/Src/stm32l4xx_hal_uart.o
                0x0000000008003e68                UART_AdvFeatureConfig
 .text.UART_CheckIdleState
                0x0000000008003fac       0x8a Drivers/STM32L4xx_HAL_Driver/Src/stm32l4xx_hal_uart.o
                0x0000000008003fac                UART_CheckIdleState
 .text.UART_WaitOnFlagUntilTimeout
                0x0000000008004036       0xf6 Drivers/STM32L4xx_HAL_Driver/Src/stm32l4xx_hal_uart.o
                0x0000000008004036                UART_WaitOnFlagUntilTimeout
 .text.aci_gap_init_IDB05A1
                0x000000000800412c       0xa0 Middlewares/ST/BlueNRG-MS/hci/controller/bluenrg_gap_aci.o
                0x000000000800412c                aci_gap_init_IDB05A1
 .text.aci_gap_set_auth_requirement
                0x00000000080041cc       0xa8 Middlewares/ST/BlueNRG-MS/hci/controller/bluenrg_gap_aci.o
                0x00000000080041cc                aci_gap_set_auth_requirement
 .text.aci_gap_start_general_discovery_proc
                0x0000000008004274       0x7c Middlewares/ST/BlueNRG-MS/hci/controller/bluenrg_gap_aci.o
                0x0000000008004274                aci_gap_start_general_discovery_proc
 .text.aci_gatt_init
                0x00000000080042f0       0x46 Middlewares/ST/BlueNRG-MS/hci/controller/bluenrg_gatt_aci.o
                0x00000000080042f0                aci_gatt_init
 .text.aci_hal_write_config_data
                0x0000000008004336       0xd0 Middlewares/ST/BlueNRG-MS/hci/controller/bluenrg_hal_aci.o
                0x0000000008004336                aci_hal_write_config_data
 .text.hci_reset
                0x0000000008004406       0x44 Middlewares/ST/BlueNRG-MS/hci/hci_le.o
                0x0000000008004406                hci_reset
 .text.verify_packet
                0x000000000800444a       0x40 Middlewares/ST/BlueNRG-MS/hci/hci_tl_patterns/Basic/hci_tl.o
 *fill*         0x000000000800448a        0x2 
 .text.send_cmd
                0x000000000800448c       0x80 Middlewares/ST/BlueNRG-MS/hci/hci_tl_patterns/Basic/hci_tl.o
 .text.move_list
                0x000000000800450c       0x36 Middlewares/ST/BlueNRG-MS/hci/hci_tl_patterns/Basic/hci_tl.o
 *fill*         0x0000000008004542        0x2 
 .text.free_event_list
                0x0000000008004544       0x38 Middlewares/ST/BlueNRG-MS/hci/hci_tl_patterns/Basic/hci_tl.o
 .text.hci_init
                0x000000000800457c       0x84 Middlewares/ST/BlueNRG-MS/hci/hci_tl_patterns/Basic/hci_tl.o
                0x000000000800457c                hci_init
 .text.hci_register_io_bus
                0x0000000008004600       0x40 Middlewares/ST/BlueNRG-MS/hci/hci_tl_patterns/Basic/hci_tl.o
                0x0000000008004600                hci_register_io_bus
 .text.hci_send_req
                0x0000000008004640      0x230 Middlewares/ST/BlueNRG-MS/hci/hci_tl_patterns/Basic/hci_tl.o
                0x0000000008004640                hci_send_req
 .text.hci_user_evt_proc
                0x0000000008004870       0x54 Middlewares/ST/BlueNRG-MS/hci/hci_tl_patterns/Basic/hci_tl.o
                0x0000000008004870                hci_user_evt_proc
 .text.hci_notify_asynch_evt
                0x00000000080048c4       0x9c Middlewares/ST/BlueNRG-MS/hci/hci_tl_patterns/Basic/hci_tl.o
                0x00000000080048c4                hci_notify_asynch_evt
 .text.list_init_head
                0x0000000008004960       0x20 Middlewares/ST/BlueNRG-MS/utils/ble_list.o
                0x0000000008004960                list_init_head
 .text.list_is_empty
                0x0000000008004980       0x40 Middlewares/ST/BlueNRG-MS/utils/ble_list.o
                0x0000000008004980                list_is_empty
 .text.list_insert_head
                0x00000000080049c0       0x48 Middlewares/ST/BlueNRG-MS/utils/ble_list.o
                0x00000000080049c0                list_insert_head
 .text.list_insert_tail
                0x0000000008004a08       0x48 Middlewares/ST/BlueNRG-MS/utils/ble_list.o
                0x0000000008004a08                list_insert_tail
 .text.list_remove_node
                0x0000000008004a50       0x3e Middlewares/ST/BlueNRG-MS/utils/ble_list.o
                0x0000000008004a50                list_remove_node
 .text.list_remove_head
                0x0000000008004a8e       0x4a Middlewares/ST/BlueNRG-MS/utils/ble_list.o
                0x0000000008004a8e                list_remove_head
 .text.list_remove_tail
                0x0000000008004ad8       0x4a Middlewares/ST/BlueNRG-MS/utils/ble_list.o
                0x0000000008004ad8                list_remove_tail
 .text.list_get_size
                0x0000000008004b22       0x4c Middlewares/ST/BlueNRG-MS/utils/ble_list.o
                0x0000000008004b22                list_get_size
 *fill*         0x0000000008004b6e        0x2 
 .text.__errno  0x0000000008004b70        0xc /home/chris/opt/STM32CubeIDE/st/stm32cubeide_1.2.0/plugins/com.st.stm32cube.ide.mcu.externaltools.gnu-tools-for-stm32.7-2018-q2-update.linux64_1.4.0.202007081208/tools/bin/../lib/gcc/arm-none-eabi/7.3.1/../../../../arm-none-eabi/lib/thumb/v7e-m/fpv4-sp/hard/libc_nano.a(lib_a-errno.o)
                0x0000000008004b70                __errno
 .text.__libc_init_array
                0x0000000008004b7c       0x48 /home/chris/opt/STM32CubeIDE/st/stm32cubeide_1.2.0/plugins/com.st.stm32cube.ide.mcu.externaltools.gnu-tools-for-stm32.7-2018-q2-update.linux64_1.4.0.202007081208/tools/bin/../lib/gcc/arm-none-eabi/7.3.1/../../../../arm-none-eabi/lib/thumb/v7e-m/fpv4-sp/hard/libc_nano.a(lib_a-init.o)
                0x0000000008004b7c                __libc_init_array
 .text.memcpy   0x0000000008004bc4       0x16 /home/chris/opt/STM32CubeIDE/st/stm32cubeide_1.2.0/plugins/com.st.stm32cube.ide.mcu.externaltools.gnu-tools-for-stm32.7-2018-q2-update.linux64_1.4.0.202007081208/tools/bin/../lib/gcc/arm-none-eabi/7.3.1/../../../../arm-none-eabi/lib/thumb/v7e-m/fpv4-sp/hard/libc_nano.a(lib_a-memcpy-stub.o)
                0x0000000008004bc4                memcpy
 .text.memset   0x0000000008004bda       0x10 /home/chris/opt/STM32CubeIDE/st/stm32cubeide_1.2.0/plugins/com.st.stm32cube.ide.mcu.externaltools.gnu-tools-for-stm32.7-2018-q2-update.linux64_1.4.0.202007081208/tools/bin/../lib/gcc/arm-none-eabi/7.3.1/../../../../arm-none-eabi/lib/thumb/v7e-m/fpv4-sp/hard/libc_nano.a(lib_a-memset.o)
                0x0000000008004bda                memset
 *fill*         0x0000000008004bea        0x2 
 .text.printf   0x0000000008004bec       0x30 /home/chris/opt/STM32CubeIDE/st/stm32cubeide_1.2.0/plugins/com.st.stm32cube.ide.mcu.externaltools.gnu-tools-for-stm32.7-2018-q2-update.linux64_1.4.0.202007081208/tools/bin/../lib/gcc/arm-none-eabi/7.3.1/../../../../arm-none-eabi/lib/thumb/v7e-m/fpv4-sp/hard/libc_nano.a(lib_a-printf.o)
                0x0000000008004bec                printf
                0x0000000008004bec                iprintf
 .text.std      0x0000000008004c1c       0x48 /home/chris/opt/STM32CubeIDE/st/stm32cubeide_1.2.0/plugins/com.st.stm32cube.ide.mcu.externaltools.gnu-tools-for-stm32.7-2018-q2-update.linux64_1.4.0.202007081208/tools/bin/../lib/gcc/arm-none-eabi/7.3.1/../../../../arm-none-eabi/lib/thumb/v7e-m/fpv4-sp/hard/libc_nano.a(lib_a-findfp.o)
 .text._cleanup_r
                0x0000000008004c64        0xc /home/chris/opt/STM32CubeIDE/st/stm32cubeide_1.2.0/plugins/com.st.stm32cube.ide.mcu.externaltools.gnu-tools-for-stm32.7-2018-q2-update.linux64_1.4.0.202007081208/tools/bin/../lib/gcc/arm-none-eabi/7.3.1/../../../../arm-none-eabi/lib/thumb/v7e-m/fpv4-sp/hard/libc_nano.a(lib_a-findfp.o)
                0x0000000008004c64                _cleanup_r
 .text.__sfmoreglue
                0x0000000008004c70       0x2c /home/chris/opt/STM32CubeIDE/st/stm32cubeide_1.2.0/plugins/com.st.stm32cube.ide.mcu.externaltools.gnu-tools-for-stm32.7-2018-q2-update.linux64_1.4.0.202007081208/tools/bin/../lib/gcc/arm-none-eabi/7.3.1/../../../../arm-none-eabi/lib/thumb/v7e-m/fpv4-sp/hard/libc_nano.a(lib_a-findfp.o)
                0x0000000008004c70                __sfmoreglue
 .text.__sinit  0x0000000008004c9c       0x60 /home/chris/opt/STM32CubeIDE/st/stm32cubeide_1.2.0/plugins/com.st.stm32cube.ide.mcu.externaltools.gnu-tools-for-stm32.7-2018-q2-update.linux64_1.4.0.202007081208/tools/bin/../lib/gcc/arm-none-eabi/7.3.1/../../../../arm-none-eabi/lib/thumb/v7e-m/fpv4-sp/hard/libc_nano.a(lib_a-findfp.o)
                0x0000000008004c9c                __sinit
 .text.__sfp    0x0000000008004cfc       0x78 /home/chris/opt/STM32CubeIDE/st/stm32cubeide_1.2.0/plugins/com.st.stm32cube.ide.mcu.externaltools.gnu-tools-for-stm32.7-2018-q2-update.linux64_1.4.0.202007081208/tools/bin/../lib/gcc/arm-none-eabi/7.3.1/../../../../arm-none-eabi/lib/thumb/v7e-m/fpv4-sp/hard/libc_nano.a(lib_a-findfp.o)
                0x0000000008004cfc                __sfp
 .text._fwalk_reent
                0x0000000008004d74       0x3c /home/chris/opt/STM32CubeIDE/st/stm32cubeide_1.2.0/plugins/com.st.stm32cube.ide.mcu.externaltools.gnu-tools-for-stm32.7-2018-q2-update.linux64_1.4.0.202007081208/tools/bin/../lib/gcc/arm-none-eabi/7.3.1/../../../../arm-none-eabi/lib/thumb/v7e-m/fpv4-sp/hard/libc_nano.a(lib_a-fwalk.o)
                0x0000000008004d74                _fwalk_reent
 .text._malloc_r
                0x0000000008004db0       0xb4 /home/chris/opt/STM32CubeIDE/st/stm32cubeide_1.2.0/plugins/com.st.stm32cube.ide.mcu.externaltools.gnu-tools-for-stm32.7-2018-q2-update.linux64_1.4.0.202007081208/tools/bin/../lib/gcc/arm-none-eabi/7.3.1/../../../../arm-none-eabi/lib/thumb/v7e-m/fpv4-sp/hard/libc_nano.a(lib_a-nano-mallocr.o)
                0x0000000008004db0                _malloc_r
 .text.__sfputc_r
                0x0000000008004e64       0x2e /home/chris/opt/STM32CubeIDE/st/stm32cubeide_1.2.0/plugins/com.st.stm32cube.ide.mcu.externaltools.gnu-tools-for-stm32.7-2018-q2-update.linux64_1.4.0.202007081208/tools/bin/../lib/gcc/arm-none-eabi/7.3.1/../../../../arm-none-eabi/lib/thumb/v7e-m/fpv4-sp/hard/libc_nano.a(lib_a-nano-vfprintf.o)
 .text.__sfputs_r
                0x0000000008004e92       0x24 /home/chris/opt/STM32CubeIDE/st/stm32cubeide_1.2.0/plugins/com.st.stm32cube.ide.mcu.externaltools.gnu-tools-for-stm32.7-2018-q2-update.linux64_1.4.0.202007081208/tools/bin/../lib/gcc/arm-none-eabi/7.3.1/../../../../arm-none-eabi/lib/thumb/v7e-m/fpv4-sp/hard/libc_nano.a(lib_a-nano-vfprintf.o)
                0x0000000008004e92                __sfputs_r
 *fill*         0x0000000008004eb6        0x2 
 .text._vfprintf_r
                0x0000000008004eb8      0x22c /home/chris/opt/STM32CubeIDE/st/stm32cubeide_1.2.0/plugins/com.st.stm32cube.ide.mcu.externaltools.gnu-tools-for-stm32.7-2018-q2-update.linux64_1.4.0.202007081208/tools/bin/../lib/gcc/arm-none-eabi/7.3.1/../../../../arm-none-eabi/lib/thumb/v7e-m/fpv4-sp/hard/libc_nano.a(lib_a-nano-vfprintf.o)
                0x0000000008004eb8                _vfiprintf_r
                0x0000000008004eb8                _vfprintf_r
 .text._printf_common
                0x00000000080050e4       0xea /home/chris/opt/STM32CubeIDE/st/stm32cubeide_1.2.0/plugins/com.st.stm32cube.ide.mcu.externaltools.gnu-tools-for-stm32.7-2018-q2-update.linux64_1.4.0.202007081208/tools/bin/../lib/gcc/arm-none-eabi/7.3.1/../../../../arm-none-eabi/lib/thumb/v7e-m/fpv4-sp/hard/libc_nano.a(lib_a-nano-vfprintf_i.o)
                0x00000000080050e4                _printf_common
 *fill*         0x00000000080051ce        0x2 
 .text._printf_i
                0x00000000080051d0      0x224 /home/chris/opt/STM32CubeIDE/st/stm32cubeide_1.2.0/plugins/com.st.stm32cube.ide.mcu.externaltools.gnu-tools-for-stm32.7-2018-q2-update.linux64_1.4.0.202007081208/tools/bin/../lib/gcc/arm-none-eabi/7.3.1/../../../../arm-none-eabi/lib/thumb/v7e-m/fpv4-sp/hard/libc_nano.a(lib_a-nano-vfprintf_i.o)
                0x00000000080051d0                _printf_i
 .text._sbrk_r  0x00000000080053f4       0x20 /home/chris/opt/STM32CubeIDE/st/stm32cubeide_1.2.0/plugins/com.st.stm32cube.ide.mcu.externaltools.gnu-tools-for-stm32.7-2018-q2-update.linux64_1.4.0.202007081208/tools/bin/../lib/gcc/arm-none-eabi/7.3.1/../../../../arm-none-eabi/lib/thumb/v7e-m/fpv4-sp/hard/libc_nano.a(lib_a-sbrkr.o)
                0x00000000080053f4                _sbrk_r
 .text.__sread  0x0000000008005414       0x22 /home/chris/opt/STM32CubeIDE/st/stm32cubeide_1.2.0/plugins/com.st.stm32cube.ide.mcu.externaltools.gnu-tools-for-stm32.7-2018-q2-update.linux64_1.4.0.202007081208/tools/bin/../lib/gcc/arm-none-eabi/7.3.1/../../../../arm-none-eabi/lib/thumb/v7e-m/fpv4-sp/hard/libc_nano.a(lib_a-stdio.o)
                0x0000000008005414                __sread
 .text.__swrite
                0x0000000008005436       0x38 /home/chris/opt/STM32CubeIDE/st/stm32cubeide_1.2.0/plugins/com.st.stm32cube.ide.mcu.externaltools.gnu-tools-for-stm32.7-2018-q2-update.linux64_1.4.0.202007081208/tools/bin/../lib/gcc/arm-none-eabi/7.3.1/../../../../arm-none-eabi/lib/thumb/v7e-m/fpv4-sp/hard/libc_nano.a(lib_a-stdio.o)
                0x0000000008005436                __swrite
 .text.__sseek  0x000000000800546e       0x24 /home/chris/opt/STM32CubeIDE/st/stm32cubeide_1.2.0/plugins/com.st.stm32cube.ide.mcu.externaltools.gnu-tools-for-stm32.7-2018-q2-update.linux64_1.4.0.202007081208/tools/bin/../lib/gcc/arm-none-eabi/7.3.1/../../../../arm-none-eabi/lib/thumb/v7e-m/fpv4-sp/hard/libc_nano.a(lib_a-stdio.o)
                0x000000000800546e                __sseek
 .text.__sclose
                0x0000000008005492        0x8 /home/chris/opt/STM32CubeIDE/st/stm32cubeide_1.2.0/plugins/com.st.stm32cube.ide.mcu.externaltools.gnu-tools-for-stm32.7-2018-q2-update.linux64_1.4.0.202007081208/tools/bin/../lib/gcc/arm-none-eabi/7.3.1/../../../../arm-none-eabi/lib/thumb/v7e-m/fpv4-sp/hard/libc_nano.a(lib_a-stdio.o)
                0x0000000008005492                __sclose
 *fill*         0x000000000800549a        0x2 
 .text.__swbuf_r
                0x000000000800549c       0xa4 /home/chris/opt/STM32CubeIDE/st/stm32cubeide_1.2.0/plugins/com.st.stm32cube.ide.mcu.externaltools.gnu-tools-for-stm32.7-2018-q2-update.linux64_1.4.0.202007081208/tools/bin/../lib/gcc/arm-none-eabi/7.3.1/../../../../arm-none-eabi/lib/thumb/v7e-m/fpv4-sp/hard/libc_nano.a(lib_a-wbuf.o)
                0x000000000800549c                __swbuf_r
 .text._write_r
                0x0000000008005540       0x24 /home/chris/opt/STM32CubeIDE/st/stm32cubeide_1.2.0/plugins/com.st.stm32cube.ide.mcu.externaltools.gnu-tools-for-stm32.7-2018-q2-update.linux64_1.4.0.202007081208/tools/bin/../lib/gcc/arm-none-eabi/7.3.1/../../../../arm-none-eabi/lib/thumb/v7e-m/fpv4-sp/hard/libc_nano.a(lib_a-writer.o)
                0x0000000008005540                _write_r
 .text.__swsetup_r
                0x0000000008005564       0xdc /home/chris/opt/STM32CubeIDE/st/stm32cubeide_1.2.0/plugins/com.st.stm32cube.ide.mcu.externaltools.gnu-tools-for-stm32.7-2018-q2-update.linux64_1.4.0.202007081208/tools/bin/../lib/gcc/arm-none-eabi/7.3.1/../../../../arm-none-eabi/lib/thumb/v7e-m/fpv4-sp/hard/libc_nano.a(lib_a-wsetup.o)
                0x0000000008005564                __swsetup_r
 .text._close_r
                0x0000000008005640       0x20 /home/chris/opt/STM32CubeIDE/st/stm32cubeide_1.2.0/plugins/com.st.stm32cube.ide.mcu.externaltools.gnu-tools-for-stm32.7-2018-q2-update.linux64_1.4.0.202007081208/tools/bin/../lib/gcc/arm-none-eabi/7.3.1/../../../../arm-none-eabi/lib/thumb/v7e-m/fpv4-sp/hard/libc_nano.a(lib_a-closer.o)
                0x0000000008005640                _close_r
 .text.__sflush_r
                0x0000000008005660      0x10c /home/chris/opt/STM32CubeIDE/st/stm32cubeide_1.2.0/plugins/com.st.stm32cube.ide.mcu.externaltools.gnu-tools-for-stm32.7-2018-q2-update.linux64_1.4.0.202007081208/tools/bin/../lib/gcc/arm-none-eabi/7.3.1/../../../../arm-none-eabi/lib/thumb/v7e-m/fpv4-sp/hard/libc_nano.a(lib_a-fflush.o)
                0x0000000008005660                __sflush_r
 .text._fflush_r
                0x000000000800576c       0x54 /home/chris/opt/STM32CubeIDE/st/stm32cubeide_1.2.0/plugins/com.st.stm32cube.ide.mcu.externaltools.gnu-tools-for-stm32.7-2018-q2-update.linux64_1.4.0.202007081208/tools/bin/../lib/gcc/arm-none-eabi/7.3.1/../../../../arm-none-eabi/lib/thumb/v7e-m/fpv4-sp/hard/libc_nano.a(lib_a-fflush.o)
                0x000000000800576c                _fflush_r
 .text._lseek_r
                0x00000000080057c0       0x24 /home/chris/opt/STM32CubeIDE/st/stm32cubeide_1.2.0/plugins/com.st.stm32cube.ide.mcu.externaltools.gnu-tools-for-stm32.7-2018-q2-update.linux64_1.4.0.202007081208/tools/bin/../lib/gcc/arm-none-eabi/7.3.1/../../../../arm-none-eabi/lib/thumb/v7e-m/fpv4-sp/hard/libc_nano.a(lib_a-lseekr.o)
                0x00000000080057c0                _lseek_r
 .text.__swhatbuf_r
                0x00000000080057e4       0x48 /home/chris/opt/STM32CubeIDE/st/stm32cubeide_1.2.0/plugins/com.st.stm32cube.ide.mcu.externaltools.gnu-tools-for-stm32.7-2018-q2-update.linux64_1.4.0.202007081208/tools/bin/../lib/gcc/arm-none-eabi/7.3.1/../../../../arm-none-eabi/lib/thumb/v7e-m/fpv4-sp/hard/libc_nano.a(lib_a-makebuf.o)
                0x00000000080057e4                __swhatbuf_r
 .text.__smakebuf_r
                0x000000000800582c       0x80 /home/chris/opt/STM32CubeIDE/st/stm32cubeide_1.2.0/plugins/com.st.stm32cube.ide.mcu.externaltools.gnu-tools-for-stm32.7-2018-q2-update.linux64_1.4.0.202007081208/tools/bin/../lib/gcc/arm-none-eabi/7.3.1/../../../../arm-none-eabi/lib/thumb/v7e-m/fpv4-sp/hard/libc_nano.a(lib_a-makebuf.o)
                0x000000000800582c                __smakebuf_r
 .text.__malloc_lock
                0x00000000080058ac        0x2 /home/chris/opt/STM32CubeIDE/st/stm32cubeide_1.2.0/plugins/com.st.stm32cube.ide.mcu.externaltools.gnu-tools-for-stm32.7-2018-q2-update.linux64_1.4.0.202007081208/tools/bin/../lib/gcc/arm-none-eabi/7.3.1/../../../../arm-none-eabi/lib/thumb/v7e-m/fpv4-sp/hard/libc_nano.a(lib_a-mlock.o)
                0x00000000080058ac                __malloc_lock
 .text.__malloc_unlock
                0x00000000080058ae        0x2 /home/chris/opt/STM32CubeIDE/st/stm32cubeide_1.2.0/plugins/com.st.stm32cube.ide.mcu.externaltools.gnu-tools-for-stm32.7-2018-q2-update.linux64_1.4.0.202007081208/tools/bin/../lib/gcc/arm-none-eabi/7.3.1/../../../../arm-none-eabi/lib/thumb/v7e-m/fpv4-sp/hard/libc_nano.a(lib_a-mlock.o)
                0x00000000080058ae                __malloc_unlock
 .text._free_r  0x00000000080058b0       0x9c /home/chris/opt/STM32CubeIDE/st/stm32cubeide_1.2.0/plugins/com.st.stm32cube.ide.mcu.externaltools.gnu-tools-for-stm32.7-2018-q2-update.linux64_1.4.0.202007081208/tools/bin/../lib/gcc/arm-none-eabi/7.3.1/../../../../arm-none-eabi/lib/thumb/v7e-m/fpv4-sp/hard/libc_nano.a(lib_a-nano-freer.o)
                0x00000000080058b0                _free_r
 .text._read_r  0x000000000800594c       0x24 /home/chris/opt/STM32CubeIDE/st/stm32cubeide_1.2.0/plugins/com.st.stm32cube.ide.mcu.externaltools.gnu-tools-for-stm32.7-2018-q2-update.linux64_1.4.0.202007081208/tools/bin/../lib/gcc/arm-none-eabi/7.3.1/../../../../arm-none-eabi/lib/thumb/v7e-m/fpv4-sp/hard/libc_nano.a(lib_a-readr.o)
                0x000000000800594c                _read_r
 .text._fstat_r
                0x0000000008005970       0x24 /home/chris/opt/STM32CubeIDE/st/stm32cubeide_1.2.0/plugins/com.st.stm32cube.ide.mcu.externaltools.gnu-tools-for-stm32.7-2018-q2-update.linux64_1.4.0.202007081208/tools/bin/../lib/gcc/arm-none-eabi/7.3.1/../../../../arm-none-eabi/lib/thumb/v7e-m/fpv4-sp/hard/libc_nano.a(lib_a-fstatr.o)
                0x0000000008005970                _fstat_r
 .text._isatty_r
                0x0000000008005994       0x20 /home/chris/opt/STM32CubeIDE/st/stm32cubeide_1.2.0/plugins/com.st.stm32cube.ide.mcu.externaltools.gnu-tools-for-stm32.7-2018-q2-update.linux64_1.4.0.202007081208/tools/bin/../lib/gcc/arm-none-eabi/7.3.1/../../../../arm-none-eabi/lib/thumb/v7e-m/fpv4-sp/hard/libc_nano.a(lib_a-isattyr.o)
                0x0000000008005994                _isatty_r
 *(.glue_7)
 .glue_7        0x00000000080059b4        0x0 linker stubs
 *(.glue_7t)
 .glue_7t       0x00000000080059b4        0x0 linker stubs
 *(.eh_frame)
 .eh_frame      0x00000000080059b4        0x0 /home/chris/opt/STM32CubeIDE/st/stm32cubeide_1.2.0/plugins/com.st.stm32cube.ide.mcu.externaltools.gnu-tools-for-stm32.7-2018-q2-update.linux64_1.4.0.202007081208/tools/bin/../lib/gcc/arm-none-eabi/7.3.1/thumb/v7e-m/fpv4-sp/hard/crtbegin.o
 *(.init)
 .init          0x00000000080059b4        0x4 /home/chris/opt/STM32CubeIDE/st/stm32cubeide_1.2.0/plugins/com.st.stm32cube.ide.mcu.externaltools.gnu-tools-for-stm32.7-2018-q2-update.linux64_1.4.0.202007081208/tools/bin/../lib/gcc/arm-none-eabi/7.3.1/thumb/v7e-m/fpv4-sp/hard/crti.o
                0x00000000080059b4                _init
 .init          0x00000000080059b8        0x8 /home/chris/opt/STM32CubeIDE/st/stm32cubeide_1.2.0/plugins/com.st.stm32cube.ide.mcu.externaltools.gnu-tools-for-stm32.7-2018-q2-update.linux64_1.4.0.202007081208/tools/bin/../lib/gcc/arm-none-eabi/7.3.1/thumb/v7e-m/fpv4-sp/hard/crtn.o
 *(.fini)
 .fini          0x00000000080059c0        0x4 /home/chris/opt/STM32CubeIDE/st/stm32cubeide_1.2.0/plugins/com.st.stm32cube.ide.mcu.externaltools.gnu-tools-for-stm32.7-2018-q2-update.linux64_1.4.0.202007081208/tools/bin/../lib/gcc/arm-none-eabi/7.3.1/thumb/v7e-m/fpv4-sp/hard/crti.o
                0x00000000080059c0                _fini
 .fini          0x00000000080059c4        0x8 /home/chris/opt/STM32CubeIDE/st/stm32cubeide_1.2.0/plugins/com.st.stm32cube.ide.mcu.externaltools.gnu-tools-for-stm32.7-2018-q2-update.linux64_1.4.0.202007081208/tools/bin/../lib/gcc/arm-none-eabi/7.3.1/thumb/v7e-m/fpv4-sp/hard/crtn.o
                0x00000000080059cc                . = ALIGN (0x4)
                0x00000000080059cc                _etext = .

.vfp11_veneer   0x00000000080059cc        0x0
 .vfp11_veneer  0x00000000080059cc        0x0 linker stubs

.v4_bx          0x00000000080059cc        0x0
 .v4_bx         0x00000000080059cc        0x0 linker stubs

.iplt           0x00000000080059cc        0x0
 .iplt          0x00000000080059cc        0x0 /home/chris/opt/STM32CubeIDE/st/stm32cubeide_1.2.0/plugins/com.st.stm32cube.ide.mcu.externaltools.gnu-tools-for-stm32.7-2018-q2-update.linux64_1.4.0.202007081208/tools/bin/../lib/gcc/arm-none-eabi/7.3.1/thumb/v7e-m/fpv4-sp/hard/crtbegin.o

.rodata         0x00000000080059cc      0x100
                0x00000000080059cc                . = ALIGN (0x4)
 *(.rodata)
 .rodata        0x00000000080059cc       0x1f Core/Src/app_x-cube-ble1.o
 *(.rodata*)
 *fill*         0x00000000080059eb        0x1 
 .rodata.AHBPrescTable
                0x00000000080059ec       0x10 Core/Src/system_stm32l4xx.o
                0x00000000080059ec                AHBPrescTable
 .rodata.APBPrescTable
                0x00000000080059fc        0x8 Core/Src/system_stm32l4xx.o
                0x00000000080059fc                APBPrescTable
 .rodata.MSIRangeTable
                0x0000000008005a04       0x30 Core/Src/system_stm32l4xx.o
                0x0000000008005a04                MSIRangeTable
 .rodata._global_impure_ptr
                0x0000000008005a34        0x4 /home/chris/opt/STM32CubeIDE/st/stm32cubeide_1.2.0/plugins/com.st.stm32cube.ide.mcu.externaltools.gnu-tools-for-stm32.7-2018-q2-update.linux64_1.4.0.202007081208/tools/bin/../lib/gcc/arm-none-eabi/7.3.1/../../../../arm-none-eabi/lib/thumb/v7e-m/fpv4-sp/hard/libc_nano.a(lib_a-impure.o)
                0x0000000008005a34                _global_impure_ptr
 .rodata.__sf_fake_stderr
                0x0000000008005a38       0x20 /home/chris/opt/STM32CubeIDE/st/stm32cubeide_1.2.0/plugins/com.st.stm32cube.ide.mcu.externaltools.gnu-tools-for-stm32.7-2018-q2-update.linux64_1.4.0.202007081208/tools/bin/../lib/gcc/arm-none-eabi/7.3.1/../../../../arm-none-eabi/lib/thumb/v7e-m/fpv4-sp/hard/libc_nano.a(lib_a-findfp.o)
                0x0000000008005a38                __sf_fake_stderr
 .rodata.__sf_fake_stdin
                0x0000000008005a58       0x20 /home/chris/opt/STM32CubeIDE/st/stm32cubeide_1.2.0/plugins/com.st.stm32cube.ide.mcu.externaltools.gnu-tools-for-stm32.7-2018-q2-update.linux64_1.4.0.202007081208/tools/bin/../lib/gcc/arm-none-eabi/7.3.1/../../../../arm-none-eabi/lib/thumb/v7e-m/fpv4-sp/hard/libc_nano.a(lib_a-findfp.o)
                0x0000000008005a58                __sf_fake_stdin
 .rodata.__sf_fake_stdout
                0x0000000008005a78       0x20 /home/chris/opt/STM32CubeIDE/st/stm32cubeide_1.2.0/plugins/com.st.stm32cube.ide.mcu.externaltools.gnu-tools-for-stm32.7-2018-q2-update.linux64_1.4.0.202007081208/tools/bin/../lib/gcc/arm-none-eabi/7.3.1/../../../../arm-none-eabi/lib/thumb/v7e-m/fpv4-sp/hard/libc_nano.a(lib_a-findfp.o)
                0x0000000008005a78                __sf_fake_stdout
 .rodata._vfprintf_r.str1.1
                0x0000000008005a98       0x11 /home/chris/opt/STM32CubeIDE/st/stm32cubeide_1.2.0/plugins/com.st.stm32cube.ide.mcu.externaltools.gnu-tools-for-stm32.7-2018-q2-update.linux64_1.4.0.202007081208/tools/bin/../lib/gcc/arm-none-eabi/7.3.1/../../../../arm-none-eabi/lib/thumb/v7e-m/fpv4-sp/hard/libc_nano.a(lib_a-nano-vfprintf.o)
 .rodata._printf_i.str1.1
                0x0000000008005aa9       0x22 /home/chris/opt/STM32CubeIDE/st/stm32cubeide_1.2.0/plugins/com.st.stm32cube.ide.mcu.externaltools.gnu-tools-for-stm32.7-2018-q2-update.linux64_1.4.0.202007081208/tools/bin/../lib/gcc/arm-none-eabi/7.3.1/../../../../arm-none-eabi/lib/thumb/v7e-m/fpv4-sp/hard/libc_nano.a(lib_a-nano-vfprintf_i.o)
                0x0000000008005acc                . = ALIGN (0x4)
 *fill*         0x0000000008005acb        0x1 

.ARM.extab      0x0000000008005acc        0x0
                0x0000000008005acc                . = ALIGN (0x4)
 *(.ARM.extab* .gnu.linkonce.armextab.*)
                0x0000000008005acc                . = ALIGN (0x4)

.ARM            0x0000000008005acc        0x8
                0x0000000008005acc                . = ALIGN (0x4)
                0x0000000008005acc                __exidx_start = .
 *(.ARM.exidx*)
 .ARM.exidx     0x0000000008005acc        0x8 /home/chris/opt/STM32CubeIDE/st/stm32cubeide_1.2.0/plugins/com.st.stm32cube.ide.mcu.externaltools.gnu-tools-for-stm32.7-2018-q2-update.linux64_1.4.0.202007081208/tools/bin/../lib/gcc/arm-none-eabi/7.3.1/thumb/v7e-m/fpv4-sp/hard/libgcc.a(_udivmoddi4.o)
                0x0000000008005ad4                __exidx_end = .
                0x0000000008005ad4                . = ALIGN (0x4)

.rel.dyn        0x0000000008005ad4        0x0
 .rel.iplt      0x0000000008005ad4        0x0 /home/chris/opt/STM32CubeIDE/st/stm32cubeide_1.2.0/plugins/com.st.stm32cube.ide.mcu.externaltools.gnu-tools-for-stm32.7-2018-q2-update.linux64_1.4.0.202007081208/tools/bin/../lib/gcc/arm-none-eabi/7.3.1/thumb/v7e-m/fpv4-sp/hard/crtbegin.o

.preinit_array  0x0000000008005ad4        0x0
                0x0000000008005ad4                . = ALIGN (0x4)
                0x0000000008005ad4                PROVIDE (__preinit_array_start = .)
 *(.preinit_array*)
                0x0000000008005ad4                PROVIDE (__preinit_array_end = .)
                0x0000000008005ad4                . = ALIGN (0x4)

.init_array     0x0000000008005ad4        0x4
                0x0000000008005ad4                . = ALIGN (0x4)
                0x0000000008005ad4                PROVIDE (__init_array_start = .)
 *(SORT_BY_NAME(.init_array.*))
 *(.init_array*)
 .init_array    0x0000000008005ad4        0x4 /home/chris/opt/STM32CubeIDE/st/stm32cubeide_1.2.0/plugins/com.st.stm32cube.ide.mcu.externaltools.gnu-tools-for-stm32.7-2018-q2-update.linux64_1.4.0.202007081208/tools/bin/../lib/gcc/arm-none-eabi/7.3.1/thumb/v7e-m/fpv4-sp/hard/crtbegin.o
                0x0000000008005ad8                PROVIDE (__init_array_end = .)
                0x0000000008005ad8                . = ALIGN (0x4)

.fini_array     0x0000000008005ad8        0x4
                0x0000000008005ad8                . = ALIGN (0x4)
                [!provide]                        PROVIDE (__fini_array_start = .)
 *(SORT_BY_NAME(.fini_array.*))
 *(.fini_array*)
 .fini_array    0x0000000008005ad8        0x4 /home/chris/opt/STM32CubeIDE/st/stm32cubeide_1.2.0/plugins/com.st.stm32cube.ide.mcu.externaltools.gnu-tools-for-stm32.7-2018-q2-update.linux64_1.4.0.202007081208/tools/bin/../lib/gcc/arm-none-eabi/7.3.1/thumb/v7e-m/fpv4-sp/hard/crtbegin.o
                [!provide]                        PROVIDE (__fini_array_end = .)
                0x0000000008005adc                . = ALIGN (0x4)
                0x0000000008005adc                _sidata = LOADADDR (.data)

.data           0x0000000020000000       0x70 load address 0x0000000008005adc
                0x0000000020000000                . = ALIGN (0x4)
                0x0000000020000000                _sdata = .
 *(.data)
 *(.data*)
 .data.SystemCoreClock
                0x0000000020000000        0x4 Core/Src/system_stm32l4xx.o
                0x0000000020000000                SystemCoreClock
 .data.uwTickPrio
                0x0000000020000004        0x4 Drivers/STM32L4xx_HAL_Driver/Src/stm32l4xx_hal.o
                0x0000000020000004                uwTickPrio
 .data.uwTickFreq
                0x0000000020000008        0x1 Drivers/STM32L4xx_HAL_Driver/Src/stm32l4xx_hal.o
                0x0000000020000008                uwTickFreq
 *fill*         0x0000000020000009        0x3 
 .data._impure_ptr
                0x000000002000000c        0x4 /home/chris/opt/STM32CubeIDE/st/stm32cubeide_1.2.0/plugins/com.st.stm32cube.ide.mcu.externaltools.gnu-tools-for-stm32.7-2018-q2-update.linux64_1.4.0.202007081208/tools/bin/../lib/gcc/arm-none-eabi/7.3.1/../../../../arm-none-eabi/lib/thumb/v7e-m/fpv4-sp/hard/libc_nano.a(lib_a-impure.o)
                0x000000002000000c                _impure_ptr
 .data.impure_data
                0x0000000020000010       0x60 /home/chris/opt/STM32CubeIDE/st/stm32cubeide_1.2.0/plugins/com.st.stm32cube.ide.mcu.externaltools.gnu-tools-for-stm32.7-2018-q2-update.linux64_1.4.0.202007081208/tools/bin/../lib/gcc/arm-none-eabi/7.3.1/../../../../arm-none-eabi/lib/thumb/v7e-m/fpv4-sp/hard/libc_nano.a(lib_a-impure.o)
                0x0000000020000070                . = ALIGN (0x4)
                0x0000000020000070                _edata = .

.igot.plt       0x0000000020000070        0x0 load address 0x0000000008005b4c
 .igot.plt      0x0000000020000070        0x0 /home/chris/opt/STM32CubeIDE/st/stm32cubeide_1.2.0/plugins/com.st.stm32cube.ide.mcu.externaltools.gnu-tools-for-stm32.7-2018-q2-update.linux64_1.4.0.202007081208/tools/bin/../lib/gcc/arm-none-eabi/7.3.1/thumb/v7e-m/fpv4-sp/hard/crtbegin.o
                0x0000000020000070                . = ALIGN (0x4)

.bss            0x0000000020000070      0x54c load address 0x0000000008005b4c
                0x0000000020000070                _sbss = .
                0x0000000020000070                __bss_start__ = _sbss
 *(.bss)
 .bss           0x0000000020000070       0x1c /home/chris/opt/STM32CubeIDE/st/stm32cubeide_1.2.0/plugins/com.st.stm32cube.ide.mcu.externaltools.gnu-tools-for-stm32.7-2018-q2-update.linux64_1.4.0.202007081208/tools/bin/../lib/gcc/arm-none-eabi/7.3.1/thumb/v7e-m/fpv4-sp/hard/crtbegin.o
 *(.bss*)
 .bss.read_char_buf.8829
                0x000000002000008c       0xff BlueNRG-MS/Target/hci_tl_interface.o
 *fill*         0x000000002000018b        0x1 
 .bss.SPI1InitCounter
                0x000000002000018c        0x4 Core/Src/custom_bus.o
 .bss.__sbrk_heap_end
                0x0000000020000190        0x4 Core/Src/sysmem.o
 .bss.hciReadPacketBuffer
                0x0000000020000194      0x2bc Middlewares/ST/BlueNRG-MS/hci/hci_tl_patterns/Basic/hci_tl.o
 .bss.hciContext
                0x0000000020000450       0x20 Middlewares/ST/BlueNRG-MS/hci/hci_tl_patterns/Basic/hci_tl.o
 .bss.__malloc_free_list
                0x0000000020000470        0x4 /home/chris/opt/STM32CubeIDE/st/stm32cubeide_1.2.0/plugins/com.st.stm32cube.ide.mcu.externaltools.gnu-tools-for-stm32.7-2018-q2-update.linux64_1.4.0.202007081208/tools/bin/../lib/gcc/arm-none-eabi/7.3.1/../../../../arm-none-eabi/lib/thumb/v7e-m/fpv4-sp/hard/libc_nano.a(lib_a-nano-mallocr.o)
                0x0000000020000470                __malloc_free_list
 .bss.__malloc_sbrk_start
                0x0000000020000474        0x4 /home/chris/opt/STM32CubeIDE/st/stm32cubeide_1.2.0/plugins/com.st.stm32cube.ide.mcu.externaltools.gnu-tools-for-stm32.7-2018-q2-update.linux64_1.4.0.202007081208/tools/bin/../lib/gcc/arm-none-eabi/7.3.1/../../../../arm-none-eabi/lib/thumb/v7e-m/fpv4-sp/hard/libc_nano.a(lib_a-nano-mallocr.o)
                0x0000000020000474                __malloc_sbrk_start
 *(COMMON)
 COMMON         0x0000000020000478        0x8 BlueNRG-MS/Target/hci_tl_interface.o
                0x0000000020000478                hexti0
 COMMON         0x0000000020000480       0x3e Core/Src/app_x-cube-ble1.o
                0x0000000020000480                RSSI
                0x00000000200004a0                rcv_data
 *fill*         0x00000000200004be        0x2 
 COMMON         0x00000000200004c0       0x64 Core/Src/custom_bus.o
                0x00000000200004c0                hspi1
 COMMON         0x0000000020000524       0x80 Core/Src/main.o
                0x0000000020000524                huart1
 COMMON         0x00000000200005a4        0x4 Drivers/STM32L4xx_HAL_Driver/Src/stm32l4xx_hal.o
                0x00000000200005a4                uwTick
 COMMON         0x00000000200005a8       0x10 Middlewares/ST/BlueNRG-MS/hci/hci_tl_patterns/Basic/hci_tl.o
                0x00000000200005a8                hciReadPktPool
                0x00000000200005b0                hciReadPktRxQueue
 COMMON         0x00000000200005b8        0x4 /home/chris/opt/STM32CubeIDE/st/stm32cubeide_1.2.0/plugins/com.st.stm32cube.ide.mcu.externaltools.gnu-tools-for-stm32.7-2018-q2-update.linux64_1.4.0.202007081208/tools/bin/../lib/gcc/arm-none-eabi/7.3.1/../../../../arm-none-eabi/lib/thumb/v7e-m/fpv4-sp/hard/libc_nano.a(lib_a-reent.o)
                0x00000000200005b8                errno
                0x00000000200005bc                . = ALIGN (0x4)
                0x00000000200005bc                _ebss = .
                0x00000000200005bc                __bss_end__ = _ebss

._user_heap_stack
                0x00000000200005bc      0x604 load address 0x0000000008005b4c
                0x00000000200005c0                . = ALIGN (0x8)
 *fill*         0x00000000200005bc        0x4 
                [!provide]                        PROVIDE (end = .)
                0x00000000200005c0                PROVIDE (_end = .)
                0x00000000200007c0                . = (. + _Min_Heap_Size)
 *fill*         0x00000000200005c0      0x200 
                0x0000000020000bc0                . = (. + _Min_Stack_Size)
 *fill*         0x00000000200007c0      0x400 
                0x0000000020000bc0                . = ALIGN (0x8)

/DISCARD/
 libc.a(*)
 libm.a(*)
 libgcc.a(*)

.ARM.attributes
                0x0000000000000000       0x30
 *(.ARM.attributes)
 .ARM.attributes
                0x0000000000000000       0x22 /home/chris/opt/STM32CubeIDE/st/stm32cubeide_1.2.0/plugins/com.st.stm32cube.ide.mcu.externaltools.gnu-tools-for-stm32.7-2018-q2-update.linux64_1.4.0.202007081208/tools/bin/../lib/gcc/arm-none-eabi/7.3.1/thumb/v7e-m/fpv4-sp/hard/crti.o
 .ARM.attributes
                0x0000000000000022       0x34 /home/chris/opt/STM32CubeIDE/st/stm32cubeide_1.2.0/plugins/com.st.stm32cube.ide.mcu.externaltools.gnu-tools-for-stm32.7-2018-q2-update.linux64_1.4.0.202007081208/tools/bin/../lib/gcc/arm-none-eabi/7.3.1/thumb/v7e-m/fpv4-sp/hard/crtbegin.o
 .ARM.attributes
                0x0000000000000056       0x39 BlueNRG-MS/Target/hci_tl_interface.o
 .ARM.attributes
                0x000000000000008f       0x39 Core/Src/app_x-cube-ble1.o
 .ARM.attributes
                0x00000000000000c8       0x39 Core/Src/custom_bus.o
 .ARM.attributes
                0x0000000000000101       0x39 Core/Src/main.o
 .ARM.attributes
                0x000000000000013a       0x39 Core/Src/stm32l4xx_hal_msp.o
 .ARM.attributes
                0x0000000000000173       0x39 Core/Src/stm32l4xx_it.o
 .ARM.attributes
                0x00000000000001ac       0x39 Core/Src/syscalls.o
 .ARM.attributes
                0x00000000000001e5       0x39 Core/Src/sysmem.o
 .ARM.attributes
                0x000000000000021e       0x39 Core/Src/system_stm32l4xx.o
 .ARM.attributes
                0x0000000000000257       0x21 Core/Startup/startup_stm32l476rgtx.o
 .ARM.attributes
                0x0000000000000278       0x39 Drivers/STM32L4xx_HAL_Driver/Src/stm32l4xx_hal.o
 .ARM.attributes
                0x00000000000002b1       0x39 Drivers/STM32L4xx_HAL_Driver/Src/stm32l4xx_hal_cortex.o
 .ARM.attributes
                0x00000000000002ea       0x39 Drivers/STM32L4xx_HAL_Driver/Src/stm32l4xx_hal_exti.o
 .ARM.attributes
                0x0000000000000323       0x39 Drivers/STM32L4xx_HAL_Driver/Src/stm32l4xx_hal_gpio.o
 .ARM.attributes
                0x000000000000035c       0x39 Drivers/STM32L4xx_HAL_Driver/Src/stm32l4xx_hal_pwr_ex.o
 .ARM.attributes
                0x0000000000000395       0x39 Drivers/STM32L4xx_HAL_Driver/Src/stm32l4xx_hal_rcc.o
 .ARM.attributes
                0x00000000000003ce       0x39 Drivers/STM32L4xx_HAL_Driver/Src/stm32l4xx_hal_rcc_ex.o
 .ARM.attributes
                0x0000000000000407       0x39 Drivers/STM32L4xx_HAL_Driver/Src/stm32l4xx_hal_spi.o
 .ARM.attributes
                0x0000000000000440       0x39 Drivers/STM32L4xx_HAL_Driver/Src/stm32l4xx_hal_uart.o
 .ARM.attributes
                0x0000000000000479       0x39 Middlewares/ST/BlueNRG-MS/hci/controller/bluenrg_gap_aci.o
 .ARM.attributes
                0x00000000000004b2       0x39 Middlewares/ST/BlueNRG-MS/hci/controller/bluenrg_gatt_aci.o
 .ARM.attributes
                0x00000000000004eb       0x39 Middlewares/ST/BlueNRG-MS/hci/controller/bluenrg_hal_aci.o
 .ARM.attributes
                0x0000000000000524       0x39 Middlewares/ST/BlueNRG-MS/hci/hci_le.o
 .ARM.attributes
                0x000000000000055d       0x39 Middlewares/ST/BlueNRG-MS/hci/hci_tl_patterns/Basic/hci_tl.o
 .ARM.attributes
                0x0000000000000596       0x39 Middlewares/ST/BlueNRG-MS/utils/ble_list.o
 .ARM.attributes
                0x00000000000005cf       0x34 /home/chris/opt/STM32CubeIDE/st/stm32cubeide_1.2.0/plugins/com.st.stm32cube.ide.mcu.externaltools.gnu-tools-for-stm32.7-2018-q2-update.linux64_1.4.0.202007081208/tools/bin/../lib/gcc/arm-none-eabi/7.3.1/../../../../arm-none-eabi/lib/thumb/v7e-m/fpv4-sp/hard/libc_nano.a(lib_a-errno.o)
 .ARM.attributes
                0x0000000000000603       0x34 /home/chris/opt/STM32CubeIDE/st/stm32cubeide_1.2.0/plugins/com.st.stm32cube.ide.mcu.externaltools.gnu-tools-for-stm32.7-2018-q2-update.linux64_1.4.0.202007081208/tools/bin/../lib/gcc/arm-none-eabi/7.3.1/../../../../arm-none-eabi/lib/thumb/v7e-m/fpv4-sp/hard/libc_nano.a(lib_a-impure.o)
 .ARM.attributes
                0x0000000000000637       0x34 /home/chris/opt/STM32CubeIDE/st/stm32cubeide_1.2.0/plugins/com.st.stm32cube.ide.mcu.externaltools.gnu-tools-for-stm32.7-2018-q2-update.linux64_1.4.0.202007081208/tools/bin/../lib/gcc/arm-none-eabi/7.3.1/../../../../arm-none-eabi/lib/thumb/v7e-m/fpv4-sp/hard/libc_nano.a(lib_a-init.o)
 .ARM.attributes
                0x000000000000066b       0x34 /home/chris/opt/STM32CubeIDE/st/stm32cubeide_1.2.0/plugins/com.st.stm32cube.ide.mcu.externaltools.gnu-tools-for-stm32.7-2018-q2-update.linux64_1.4.0.202007081208/tools/bin/../lib/gcc/arm-none-eabi/7.3.1/../../../../arm-none-eabi/lib/thumb/v7e-m/fpv4-sp/hard/libc_nano.a(lib_a-memcpy-stub.o)
 .ARM.attributes
                0x000000000000069f       0x34 /home/chris/opt/STM32CubeIDE/st/stm32cubeide_1.2.0/plugins/com.st.stm32cube.ide.mcu.externaltools.gnu-tools-for-stm32.7-2018-q2-update.linux64_1.4.0.202007081208/tools/bin/../lib/gcc/arm-none-eabi/7.3.1/../../../../arm-none-eabi/lib/thumb/v7e-m/fpv4-sp/hard/libc_nano.a(lib_a-memset.o)
 .ARM.attributes
                0x00000000000006d3       0x34 /home/chris/opt/STM32CubeIDE/st/stm32cubeide_1.2.0/plugins/com.st.stm32cube.ide.mcu.externaltools.gnu-tools-for-stm32.7-2018-q2-update.linux64_1.4.0.202007081208/tools/bin/../lib/gcc/arm-none-eabi/7.3.1/../../../../arm-none-eabi/lib/thumb/v7e-m/fpv4-sp/hard/libc_nano.a(lib_a-printf.o)
 .ARM.attributes
                0x0000000000000707       0x34 /home/chris/opt/STM32CubeIDE/st/stm32cubeide_1.2.0/plugins/com.st.stm32cube.ide.mcu.externaltools.gnu-tools-for-stm32.7-2018-q2-update.linux64_1.4.0.202007081208/tools/bin/../lib/gcc/arm-none-eabi/7.3.1/../../../../arm-none-eabi/lib/thumb/v7e-m/fpv4-sp/hard/libc_nano.a(lib_a-findfp.o)
 .ARM.attributes
                0x000000000000073b       0x34 /home/chris/opt/STM32CubeIDE/st/stm32cubeide_1.2.0/plugins/com.st.stm32cube.ide.mcu.externaltools.gnu-tools-for-stm32.7-2018-q2-update.linux64_1.4.0.202007081208/tools/bin/../lib/gcc/arm-none-eabi/7.3.1/../../../../arm-none-eabi/lib/thumb/v7e-m/fpv4-sp/hard/libc_nano.a(lib_a-fwalk.o)
 .ARM.attributes
                0x000000000000076f       0x34 /home/chris/opt/STM32CubeIDE/st/stm32cubeide_1.2.0/plugins/com.st.stm32cube.ide.mcu.externaltools.gnu-tools-for-stm32.7-2018-q2-update.linux64_1.4.0.202007081208/tools/bin/../lib/gcc/arm-none-eabi/7.3.1/../../../../arm-none-eabi/lib/thumb/v7e-m/fpv4-sp/hard/libc_nano.a(lib_a-nano-mallocr.o)
 .ARM.attributes
                0x00000000000007a3       0x34 /home/chris/opt/STM32CubeIDE/st/stm32cubeide_1.2.0/plugins/com.st.stm32cube.ide.mcu.externaltools.gnu-tools-for-stm32.7-2018-q2-update.linux64_1.4.0.202007081208/tools/bin/../lib/gcc/arm-none-eabi/7.3.1/../../../../arm-none-eabi/lib/thumb/v7e-m/fpv4-sp/hard/libc_nano.a(lib_a-nano-vfprintf.o)
 .ARM.attributes
                0x00000000000007d7       0x34 /home/chris/opt/STM32CubeIDE/st/stm32cubeide_1.2.0/plugins/com.st.stm32cube.ide.mcu.externaltools.gnu-tools-for-stm32.7-2018-q2-update.linux64_1.4.0.202007081208/tools/bin/../lib/gcc/arm-none-eabi/7.3.1/../../../../arm-none-eabi/lib/thumb/v7e-m/fpv4-sp/hard/libc_nano.a(lib_a-nano-vfprintf_i.o)
 .ARM.attributes
                0x000000000000080b       0x34 /home/chris/opt/STM32CubeIDE/st/stm32cubeide_1.2.0/plugins/com.st.stm32cube.ide.mcu.externaltools.gnu-tools-for-stm32.7-2018-q2-update.linux64_1.4.0.202007081208/tools/bin/../lib/gcc/arm-none-eabi/7.3.1/../../../../arm-none-eabi/lib/thumb/v7e-m/fpv4-sp/hard/libc_nano.a(lib_a-sbrkr.o)
 .ARM.attributes
                0x000000000000083f       0x34 /home/chris/opt/STM32CubeIDE/st/stm32cubeide_1.2.0/plugins/com.st.stm32cube.ide.mcu.externaltools.gnu-tools-for-stm32.7-2018-q2-update.linux64_1.4.0.202007081208/tools/bin/../lib/gcc/arm-none-eabi/7.3.1/../../../../arm-none-eabi/lib/thumb/v7e-m/fpv4-sp/hard/libc_nano.a(lib_a-stdio.o)
 .ARM.attributes
                0x0000000000000873       0x34 /home/chris/opt/STM32CubeIDE/st/stm32cubeide_1.2.0/plugins/com.st.stm32cube.ide.mcu.externaltools.gnu-tools-for-stm32.7-2018-q2-update.linux64_1.4.0.202007081208/tools/bin/../lib/gcc/arm-none-eabi/7.3.1/../../../../arm-none-eabi/lib/thumb/v7e-m/fpv4-sp/hard/libc_nano.a(lib_a-wbuf.o)
 .ARM.attributes
                0x00000000000008a7       0x34 /home/chris/opt/STM32CubeIDE/st/stm32cubeide_1.2.0/plugins/com.st.stm32cube.ide.mcu.externaltools.gnu-tools-for-stm32.7-2018-q2-update.linux64_1.4.0.202007081208/tools/bin/../lib/gcc/arm-none-eabi/7.3.1/../../../../arm-none-eabi/lib/thumb/v7e-m/fpv4-sp/hard/libc_nano.a(lib_a-writer.o)
 .ARM.attributes
                0x00000000000008db       0x34 /home/chris/opt/STM32CubeIDE/st/stm32cubeide_1.2.0/plugins/com.st.stm32cube.ide.mcu.externaltools.gnu-tools-for-stm32.7-2018-q2-update.linux64_1.4.0.202007081208/tools/bin/../lib/gcc/arm-none-eabi/7.3.1/../../../../arm-none-eabi/lib/thumb/v7e-m/fpv4-sp/hard/libc_nano.a(lib_a-wsetup.o)
 .ARM.attributes
                0x000000000000090f       0x34 /home/chris/opt/STM32CubeIDE/st/stm32cubeide_1.2.0/plugins/com.st.stm32cube.ide.mcu.externaltools.gnu-tools-for-stm32.7-2018-q2-update.linux64_1.4.0.202007081208/tools/bin/../lib/gcc/arm-none-eabi/7.3.1/../../../../arm-none-eabi/lib/thumb/v7e-m/fpv4-sp/hard/libc_nano.a(lib_a-closer.o)
 .ARM.attributes
                0x0000000000000943       0x34 /home/chris/opt/STM32CubeIDE/st/stm32cubeide_1.2.0/plugins/com.st.stm32cube.ide.mcu.externaltools.gnu-tools-for-stm32.7-2018-q2-update.linux64_1.4.0.202007081208/tools/bin/../lib/gcc/arm-none-eabi/7.3.1/../../../../arm-none-eabi/lib/thumb/v7e-m/fpv4-sp/hard/libc_nano.a(lib_a-fflush.o)
 .ARM.attributes
                0x0000000000000977       0x34 /home/chris/opt/STM32CubeIDE/st/stm32cubeide_1.2.0/plugins/com.st.stm32cube.ide.mcu.externaltools.gnu-tools-for-stm32.7-2018-q2-update.linux64_1.4.0.202007081208/tools/bin/../lib/gcc/arm-none-eabi/7.3.1/../../../../arm-none-eabi/lib/thumb/v7e-m/fpv4-sp/hard/libc_nano.a(lib_a-lseekr.o)
 .ARM.attributes
                0x00000000000009ab       0x34 /home/chris/opt/STM32CubeIDE/st/stm32cubeide_1.2.0/plugins/com.st.stm32cube.ide.mcu.externaltools.gnu-tools-for-stm32.7-2018-q2-update.linux64_1.4.0.202007081208/tools/bin/../lib/gcc/arm-none-eabi/7.3.1/../../../../arm-none-eabi/lib/thumb/v7e-m/fpv4-sp/hard/libc_nano.a(lib_a-makebuf.o)
 .ARM.attributes
                0x00000000000009df       0x20 /home/chris/opt/STM32CubeIDE/st/stm32cubeide_1.2.0/plugins/com.st.stm32cube.ide.mcu.externaltools.gnu-tools-for-stm32.7-2018-q2-update.linux64_1.4.0.202007081208/tools/bin/../lib/gcc/arm-none-eabi/7.3.1/../../../../arm-none-eabi/lib/thumb/v7e-m/fpv4-sp/hard/libc_nano.a(lib_a-memchr.o)
 .ARM.attributes
                0x00000000000009ff       0x34 /home/chris/opt/STM32CubeIDE/st/stm32cubeide_1.2.0/plugins/com.st.stm32cube.ide.mcu.externaltools.gnu-tools-for-stm32.7-2018-q2-update.linux64_1.4.0.202007081208/tools/bin/../lib/gcc/arm-none-eabi/7.3.1/../../../../arm-none-eabi/lib/thumb/v7e-m/fpv4-sp/hard/libc_nano.a(lib_a-mlock.o)
 .ARM.attributes
                0x0000000000000a33       0x34 /home/chris/opt/STM32CubeIDE/st/stm32cubeide_1.2.0/plugins/com.st.stm32cube.ide.mcu.externaltools.gnu-tools-for-stm32.7-2018-q2-update.linux64_1.4.0.202007081208/tools/bin/../lib/gcc/arm-none-eabi/7.3.1/../../../../arm-none-eabi/lib/thumb/v7e-m/fpv4-sp/hard/libc_nano.a(lib_a-nano-freer.o)
 .ARM.attributes
                0x0000000000000a67       0x34 /home/chris/opt/STM32CubeIDE/st/stm32cubeide_1.2.0/plugins/com.st.stm32cube.ide.mcu.externaltools.gnu-tools-for-stm32.7-2018-q2-update.linux64_1.4.0.202007081208/tools/bin/../lib/gcc/arm-none-eabi/7.3.1/../../../../arm-none-eabi/lib/thumb/v7e-m/fpv4-sp/hard/libc_nano.a(lib_a-readr.o)
 .ARM.attributes
                0x0000000000000a9b       0x34 /home/chris/opt/STM32CubeIDE/st/stm32cubeide_1.2.0/plugins/com.st.stm32cube.ide.mcu.externaltools.gnu-tools-for-stm32.7-2018-q2-update.linux64_1.4.0.202007081208/tools/bin/../lib/gcc/arm-none-eabi/7.3.1/../../../../arm-none-eabi/lib/thumb/v7e-m/fpv4-sp/hard/libc_nano.a(lib_a-reent.o)
 .ARM.attributes
                0x0000000000000acf       0x34 /home/chris/opt/STM32CubeIDE/st/stm32cubeide_1.2.0/plugins/com.st.stm32cube.ide.mcu.externaltools.gnu-tools-for-stm32.7-2018-q2-update.linux64_1.4.0.202007081208/tools/bin/../lib/gcc/arm-none-eabi/7.3.1/../../../../arm-none-eabi/lib/thumb/v7e-m/fpv4-sp/hard/libc_nano.a(lib_a-fstatr.o)
 .ARM.attributes
                0x0000000000000b03       0x34 /home/chris/opt/STM32CubeIDE/st/stm32cubeide_1.2.0/plugins/com.st.stm32cube.ide.mcu.externaltools.gnu-tools-for-stm32.7-2018-q2-update.linux64_1.4.0.202007081208/tools/bin/../lib/gcc/arm-none-eabi/7.3.1/../../../../arm-none-eabi/lib/thumb/v7e-m/fpv4-sp/hard/libc_nano.a(lib_a-isattyr.o)
 .ARM.attributes
                0x0000000000000b37       0x22 /home/chris/opt/STM32CubeIDE/st/stm32cubeide_1.2.0/plugins/com.st.stm32cube.ide.mcu.externaltools.gnu-tools-for-stm32.7-2018-q2-update.linux64_1.4.0.202007081208/tools/bin/../lib/gcc/arm-none-eabi/7.3.1/thumb/v7e-m/fpv4-sp/hard/libgcc.a(_aeabi_uldivmod.o)
 .ARM.attributes
                0x0000000000000b59       0x34 /home/chris/opt/STM32CubeIDE/st/stm32cubeide_1.2.0/plugins/com.st.stm32cube.ide.mcu.externaltools.gnu-tools-for-stm32.7-2018-q2-update.linux64_1.4.0.202007081208/tools/bin/../lib/gcc/arm-none-eabi/7.3.1/thumb/v7e-m/fpv4-sp/hard/libgcc.a(_udivmoddi4.o)
 .ARM.attributes
                0x0000000000000b8d       0x22 /home/chris/opt/STM32CubeIDE/st/stm32cubeide_1.2.0/plugins/com.st.stm32cube.ide.mcu.externaltools.gnu-tools-for-stm32.7-2018-q2-update.linux64_1.4.0.202007081208/tools/bin/../lib/gcc/arm-none-eabi/7.3.1/thumb/v7e-m/fpv4-sp/hard/libgcc.a(_dvmd_tls.o)
 .ARM.attributes
                0x0000000000000baf       0x22 /home/chris/opt/STM32CubeIDE/st/stm32cubeide_1.2.0/plugins/com.st.stm32cube.ide.mcu.externaltools.gnu-tools-for-stm32.7-2018-q2-update.linux64_1.4.0.202007081208/tools/bin/../lib/gcc/arm-none-eabi/7.3.1/thumb/v7e-m/fpv4-sp/hard/crtn.o
OUTPUT(L476_BLE_Test.elf elf32-littlearm)

.debug_info     0x0000000000000000    0x1c629
 .debug_info    0x0000000000000000     0x17a9 BlueNRG-MS/Target/hci_tl_interface.o
 .debug_info    0x00000000000017a9     0x1377 Core/Src/app_x-cube-ble1.o
 .debug_info    0x0000000000002b20      0xc9d Core/Src/custom_bus.o
 .debug_info    0x00000000000037bd     0x11d8 Core/Src/main.o
 .debug_info    0x0000000000004995      0xe4d Core/Src/stm32l4xx_hal_msp.o
 .debug_info    0x00000000000057e2      0x80c Core/Src/stm32l4xx_it.o
 .debug_info    0x0000000000005fee      0xebd Core/Src/syscalls.o
 .debug_info    0x0000000000006eab      0x985 Core/Src/sysmem.o
 .debug_info    0x0000000000007830      0x727 Core/Src/system_stm32l4xx.o
 .debug_info    0x0000000000007f57       0x22 Core/Startup/startup_stm32l476rgtx.o
 .debug_info    0x0000000000007f79      0xc20 Drivers/STM32L4xx_HAL_Driver/Src/stm32l4xx_hal.o
 .debug_info    0x0000000000008b99      0xf6d Drivers/STM32L4xx_HAL_Driver/Src/stm32l4xx_hal_cortex.o
 .debug_info    0x0000000000009b06      0x883 Drivers/STM32L4xx_HAL_Driver/Src/stm32l4xx_hal_exti.o
 .debug_info    0x000000000000a389      0x9c2 Drivers/STM32L4xx_HAL_Driver/Src/stm32l4xx_hal_gpio.o
 .debug_info    0x000000000000ad4b      0xb35 Drivers/STM32L4xx_HAL_Driver/Src/stm32l4xx_hal_pwr_ex.o
 .debug_info    0x000000000000b880      0xd2f Drivers/STM32L4xx_HAL_Driver/Src/stm32l4xx_hal_rcc.o
 .debug_info    0x000000000000c5af      0xf41 Drivers/STM32L4xx_HAL_Driver/Src/stm32l4xx_hal_rcc_ex.o
 .debug_info    0x000000000000d4f0     0x178d Drivers/STM32L4xx_HAL_Driver/Src/stm32l4xx_hal_spi.o
 .debug_info    0x000000000000ec7d     0x1830 Drivers/STM32L4xx_HAL_Driver/Src/stm32l4xx_hal_uart.o
 .debug_info    0x00000000000104ad     0x2fcc Middlewares/ST/BlueNRG-MS/hci/controller/bluenrg_gap_aci.o
 .debug_info    0x0000000000013479     0x3143 Middlewares/ST/BlueNRG-MS/hci/controller/bluenrg_gatt_aci.o
 .debug_info    0x00000000000165bc     0x1508 Middlewares/ST/BlueNRG-MS/hci/controller/bluenrg_hal_aci.o
 .debug_info    0x0000000000017ac4     0x23b1 Middlewares/ST/BlueNRG-MS/hci/hci_le.o
 .debug_info    0x0000000000019e75     0x1635 Middlewares/ST/BlueNRG-MS/hci/hci_tl_patterns/Basic/hci_tl.o
 .debug_info    0x000000000001b4aa     0x117f Middlewares/ST/BlueNRG-MS/utils/ble_list.o

.debug_abbrev   0x0000000000000000     0x31dd
 .debug_abbrev  0x0000000000000000      0x279 BlueNRG-MS/Target/hci_tl_interface.o
 .debug_abbrev  0x0000000000000279      0x229 Core/Src/app_x-cube-ble1.o
 .debug_abbrev  0x00000000000004a2      0x227 Core/Src/custom_bus.o
 .debug_abbrev  0x00000000000006c9      0x1dd Core/Src/main.o
 .debug_abbrev  0x00000000000008a6      0x193 Core/Src/stm32l4xx_hal_msp.o
 .debug_abbrev  0x0000000000000a39      0x15f Core/Src/stm32l4xx_it.o
 .debug_abbrev  0x0000000000000b98      0x261 Core/Src/syscalls.o
 .debug_abbrev  0x0000000000000df9      0x19b Core/Src/sysmem.o
 .debug_abbrev  0x0000000000000f94      0x150 Core/Src/system_stm32l4xx.o
 .debug_abbrev  0x00000000000010e4       0x12 Core/Startup/startup_stm32l476rgtx.o
 .debug_abbrev  0x00000000000010f6      0x1fb Drivers/STM32L4xx_HAL_Driver/Src/stm32l4xx_hal.o
 .debug_abbrev  0x00000000000012f1      0x2fa Drivers/STM32L4xx_HAL_Driver/Src/stm32l4xx_hal_cortex.o
 .debug_abbrev  0x00000000000015eb      0x1a0 Drivers/STM32L4xx_HAL_Driver/Src/stm32l4xx_hal_exti.o
 .debug_abbrev  0x000000000000178b      0x1c0 Drivers/STM32L4xx_HAL_Driver/Src/stm32l4xx_hal_gpio.o
 .debug_abbrev  0x000000000000194b      0x1cb Drivers/STM32L4xx_HAL_Driver/Src/stm32l4xx_hal_pwr_ex.o
 .debug_abbrev  0x0000000000001b16      0x245 Drivers/STM32L4xx_HAL_Driver/Src/stm32l4xx_hal_rcc.o
 .debug_abbrev  0x0000000000001d5b      0x238 Drivers/STM32L4xx_HAL_Driver/Src/stm32l4xx_hal_rcc_ex.o
 .debug_abbrev  0x0000000000001f93      0x228 Drivers/STM32L4xx_HAL_Driver/Src/stm32l4xx_hal_spi.o
 .debug_abbrev  0x00000000000021bb      0x205 Drivers/STM32L4xx_HAL_Driver/Src/stm32l4xx_hal_uart.o
 .debug_abbrev  0x00000000000023c0      0x236 Middlewares/ST/BlueNRG-MS/hci/controller/bluenrg_gap_aci.o
 .debug_abbrev  0x00000000000025f6      0x23b Middlewares/ST/BlueNRG-MS/hci/controller/bluenrg_gatt_aci.o
 .debug_abbrev  0x0000000000002831      0x205 Middlewares/ST/BlueNRG-MS/hci/controller/bluenrg_hal_aci.o
 .debug_abbrev  0x0000000000002a36      0x245 Middlewares/ST/BlueNRG-MS/hci/hci_le.o
 .debug_abbrev  0x0000000000002c7b      0x2e0 Middlewares/ST/BlueNRG-MS/hci/hci_tl_patterns/Basic/hci_tl.o
 .debug_abbrev  0x0000000000002f5b      0x282 Middlewares/ST/BlueNRG-MS/utils/ble_list.o

.debug_aranges  0x0000000000000000     0x1188
 .debug_aranges
                0x0000000000000000       0x58 BlueNRG-MS/Target/hci_tl_interface.o
 .debug_aranges
                0x0000000000000058       0x38 Core/Src/app_x-cube-ble1.o
 .debug_aranges
                0x0000000000000090       0x60 Core/Src/custom_bus.o
 .debug_aranges
                0x00000000000000f0       0x40 Core/Src/main.o
 .debug_aranges
                0x0000000000000130       0x30 Core/Src/stm32l4xx_hal_msp.o
 .debug_aranges
                0x0000000000000160       0x60 Core/Src/stm32l4xx_it.o
 .debug_aranges
                0x00000000000001c0       0xa8 Core/Src/syscalls.o
 .debug_aranges
                0x0000000000000268       0x20 Core/Src/sysmem.o
 .debug_aranges
                0x0000000000000288       0x28 Core/Src/system_stm32l4xx.o
 .debug_aranges
                0x00000000000002b0       0x28 Core/Startup/startup_stm32l476rgtx.o
 .debug_aranges
                0x00000000000002d8      0x130 Drivers/STM32L4xx_HAL_Driver/Src/stm32l4xx_hal.o
 .debug_aranges
                0x0000000000000408      0x118 Drivers/STM32L4xx_HAL_Driver/Src/stm32l4xx_hal_cortex.o
 .debug_aranges
                0x0000000000000520       0x60 Drivers/STM32L4xx_HAL_Driver/Src/stm32l4xx_hal_exti.o
 .debug_aranges
                0x0000000000000580       0x58 Drivers/STM32L4xx_HAL_Driver/Src/stm32l4xx_hal_gpio.o
 .debug_aranges
                0x00000000000005d8      0x150 Drivers/STM32L4xx_HAL_Driver/Src/stm32l4xx_hal_pwr_ex.o
 .debug_aranges
                0x0000000000000728       0x88 Drivers/STM32L4xx_HAL_Driver/Src/stm32l4xx_hal_rcc.o
 .debug_aranges
                0x00000000000007b0       0xc0 Drivers/STM32L4xx_HAL_Driver/Src/stm32l4xx_hal_rcc_ex.o
 .debug_aranges
                0x0000000000000870      0x1d8 Drivers/STM32L4xx_HAL_Driver/Src/stm32l4xx_hal_spi.o
 .debug_aranges
                0x0000000000000a48      0x210 Drivers/STM32L4xx_HAL_Driver/Src/stm32l4xx_hal_uart.o
 .debug_aranges
                0x0000000000000c58      0x168 Middlewares/ST/BlueNRG-MS/hci/controller/bluenrg_gap_aci.o
 .debug_aranges
                0x0000000000000dc0      0x178 Middlewares/ST/BlueNRG-MS/hci/controller/bluenrg_gatt_aci.o
 .debug_aranges
                0x0000000000000f38       0x68 Middlewares/ST/BlueNRG-MS/hci/controller/bluenrg_hal_aci.o
 .debug_aranges
                0x0000000000000fa0      0x110 Middlewares/ST/BlueNRG-MS/hci/hci_le.o
 .debug_aranges
                0x00000000000010b0       0x60 Middlewares/ST/BlueNRG-MS/hci/hci_tl_patterns/Basic/hci_tl.o
 .debug_aranges
                0x0000000000001110       0x78 Middlewares/ST/BlueNRG-MS/utils/ble_list.o

.debug_ranges   0x0000000000000000     0x1030
 .debug_ranges  0x0000000000000000       0x48 BlueNRG-MS/Target/hci_tl_interface.o
 .debug_ranges  0x0000000000000048       0x40 Core/Src/app_x-cube-ble1.o
 .debug_ranges  0x0000000000000088       0x50 Core/Src/custom_bus.o
 .debug_ranges  0x00000000000000d8       0x30 Core/Src/main.o
 .debug_ranges  0x0000000000000108       0x20 Core/Src/stm32l4xx_hal_msp.o
 .debug_ranges  0x0000000000000128       0x50 Core/Src/stm32l4xx_it.o
 .debug_ranges  0x0000000000000178       0x98 Core/Src/syscalls.o
 .debug_ranges  0x0000000000000210       0x10 Core/Src/sysmem.o
 .debug_ranges  0x0000000000000220       0x18 Core/Src/system_stm32l4xx.o
 .debug_ranges  0x0000000000000238       0x20 Core/Startup/startup_stm32l476rgtx.o
 .debug_ranges  0x0000000000000258      0x120 Drivers/STM32L4xx_HAL_Driver/Src/stm32l4xx_hal.o
 .debug_ranges  0x0000000000000378      0x108 Drivers/STM32L4xx_HAL_Driver/Src/stm32l4xx_hal_cortex.o
 .debug_ranges  0x0000000000000480       0x50 Drivers/STM32L4xx_HAL_Driver/Src/stm32l4xx_hal_exti.o
 .debug_ranges  0x00000000000004d0       0x48 Drivers/STM32L4xx_HAL_Driver/Src/stm32l4xx_hal_gpio.o
 .debug_ranges  0x0000000000000518      0x140 Drivers/STM32L4xx_HAL_Driver/Src/stm32l4xx_hal_pwr_ex.o
 .debug_ranges  0x0000000000000658       0x78 Drivers/STM32L4xx_HAL_Driver/Src/stm32l4xx_hal_rcc.o
 .debug_ranges  0x00000000000006d0       0xb0 Drivers/STM32L4xx_HAL_Driver/Src/stm32l4xx_hal_rcc_ex.o
 .debug_ranges  0x0000000000000780      0x1c8 Drivers/STM32L4xx_HAL_Driver/Src/stm32l4xx_hal_spi.o
 .debug_ranges  0x0000000000000948      0x200 Drivers/STM32L4xx_HAL_Driver/Src/stm32l4xx_hal_uart.o
 .debug_ranges  0x0000000000000b48      0x158 Middlewares/ST/BlueNRG-MS/hci/controller/bluenrg_gap_aci.o
 .debug_ranges  0x0000000000000ca0      0x168 Middlewares/ST/BlueNRG-MS/hci/controller/bluenrg_gatt_aci.o
 .debug_ranges  0x0000000000000e08       0x58 Middlewares/ST/BlueNRG-MS/hci/controller/bluenrg_hal_aci.o
 .debug_ranges  0x0000000000000e60      0x100 Middlewares/ST/BlueNRG-MS/hci/hci_le.o
 .debug_ranges  0x0000000000000f60       0x68 Middlewares/ST/BlueNRG-MS/hci/hci_tl_patterns/Basic/hci_tl.o
 .debug_ranges  0x0000000000000fc8       0x68 Middlewares/ST/BlueNRG-MS/utils/ble_list.o

.debug_macro    0x0000000000000000    0x2aba9
 .debug_macro   0x0000000000000000      0x318 BlueNRG-MS/Target/hci_tl_interface.o
 .debug_macro   0x0000000000000318      0xa60 BlueNRG-MS/Target/hci_tl_interface.o
 .debug_macro   0x0000000000000d78       0x16 BlueNRG-MS/Target/hci_tl_interface.o
 .debug_macro   0x0000000000000d8e      0x1ad BlueNRG-MS/Target/hci_tl_interface.o
 .debug_macro   0x0000000000000f3b       0x2e BlueNRG-MS/Target/hci_tl_interface.o
 .debug_macro   0x0000000000000f69       0x28 BlueNRG-MS/Target/hci_tl_interface.o
 .debug_macro   0x0000000000000f91       0x22 BlueNRG-MS/Target/hci_tl_interface.o
 .debug_macro   0x0000000000000fb3       0x8e BlueNRG-MS/Target/hci_tl_interface.o
 .debug_macro   0x0000000000001041       0x51 BlueNRG-MS/Target/hci_tl_interface.o
 .debug_macro   0x0000000000001092       0xef BlueNRG-MS/Target/hci_tl_interface.o
 .debug_macro   0x0000000000001181       0x6a BlueNRG-MS/Target/hci_tl_interface.o
 .debug_macro   0x00000000000011eb      0x1df BlueNRG-MS/Target/hci_tl_interface.o
 .debug_macro   0x00000000000013ca       0x1c BlueNRG-MS/Target/hci_tl_interface.o
 .debug_macro   0x00000000000013e6       0x22 BlueNRG-MS/Target/hci_tl_interface.o
 .debug_macro   0x0000000000001408      0x101 BlueNRG-MS/Target/hci_tl_interface.o
 .debug_macro   0x0000000000001509     0x1011 BlueNRG-MS/Target/hci_tl_interface.o
 .debug_macro   0x000000000000251a      0x11f BlueNRG-MS/Target/hci_tl_interface.o
 .debug_macro   0x0000000000002639    0x1a13d BlueNRG-MS/Target/hci_tl_interface.o
 .debug_macro   0x000000000001c776       0x43 BlueNRG-MS/Target/hci_tl_interface.o
 .debug_macro   0x000000000001c7b9     0x3890 BlueNRG-MS/Target/hci_tl_interface.o
 .debug_macro   0x0000000000020049      0x174 BlueNRG-MS/Target/hci_tl_interface.o
 .debug_macro   0x00000000000201bd       0x5c BlueNRG-MS/Target/hci_tl_interface.o
 .debug_macro   0x0000000000020219     0x155f BlueNRG-MS/Target/hci_tl_interface.o
 .debug_macro   0x0000000000021778      0x59e BlueNRG-MS/Target/hci_tl_interface.o
 .debug_macro   0x0000000000021d16      0x13d BlueNRG-MS/Target/hci_tl_interface.o
 .debug_macro   0x0000000000021e53      0x18b BlueNRG-MS/Target/hci_tl_interface.o
 .debug_macro   0x0000000000021fde      0x26b BlueNRG-MS/Target/hci_tl_interface.o
 .debug_macro   0x0000000000022249      0x23d BlueNRG-MS/Target/hci_tl_interface.o
 .debug_macro   0x0000000000022486      0x241 BlueNRG-MS/Target/hci_tl_interface.o
 .debug_macro   0x00000000000226c7      0x37c BlueNRG-MS/Target/hci_tl_interface.o
 .debug_macro   0x0000000000022a43       0xd6 BlueNRG-MS/Target/hci_tl_interface.o
 .debug_macro   0x0000000000022b19      0x22c BlueNRG-MS/Target/hci_tl_interface.o
 .debug_macro   0x0000000000022d45       0x61 BlueNRG-MS/Target/hci_tl_interface.o
 .debug_macro   0x0000000000022da6       0xa5 BlueNRG-MS/Target/hci_tl_interface.o
 .debug_macro   0x0000000000022e4b      0x122 BlueNRG-MS/Target/hci_tl_interface.o
 .debug_macro   0x0000000000022f6d      0x3e9 BlueNRG-MS/Target/hci_tl_interface.o
 .debug_macro   0x0000000000023356      0x2fe BlueNRG-MS/Target/hci_tl_interface.o
 .debug_macro   0x0000000000023654      0x59e BlueNRG-MS/Target/hci_tl_interface.o
 .debug_macro   0x0000000000023bf2       0x44 BlueNRG-MS/Target/hci_tl_interface.o
 .debug_macro   0x0000000000023c36      0x331 BlueNRG-MS/Target/hci_tl_interface.o
 .debug_macro   0x0000000000023f67       0x28 BlueNRG-MS/Target/hci_tl_interface.o
 .debug_macro   0x0000000000023f8f       0x82 BlueNRG-MS/Target/hci_tl_interface.o
 .debug_macro   0x0000000000024011       0x6a BlueNRG-MS/Target/hci_tl_interface.o
 .debug_macro   0x000000000002407b       0x40 BlueNRG-MS/Target/hci_tl_interface.o
 .debug_macro   0x00000000000240bb       0x52 BlueNRG-MS/Target/hci_tl_interface.o
 .debug_macro   0x000000000002410d       0x46 BlueNRG-MS/Target/hci_tl_interface.o
 .debug_macro   0x0000000000024153       0x18 BlueNRG-MS/Target/hci_tl_interface.o
 .debug_macro   0x000000000002416b       0x3c BlueNRG-MS/Target/hci_tl_interface.o
 .debug_macro   0x00000000000241a7       0x34 BlueNRG-MS/Target/hci_tl_interface.o
 .debug_macro   0x00000000000241db       0x52 BlueNRG-MS/Target/hci_tl_interface.o
 .debug_macro   0x000000000002422d       0x1f BlueNRG-MS/Target/hci_tl_interface.o
 .debug_macro   0x000000000002424c       0x43 BlueNRG-MS/Target/hci_tl_interface.o
 .debug_macro   0x000000000002428f       0x20 BlueNRG-MS/Target/hci_tl_interface.o
 .debug_macro   0x00000000000242af      0x1a3 BlueNRG-MS/Target/hci_tl_interface.o
 .debug_macro   0x0000000000024452      0x32a BlueNRG-MS/Target/hci_tl_interface.o
 .debug_macro   0x000000000002477c       0x10 BlueNRG-MS/Target/hci_tl_interface.o
 .debug_macro   0x000000000002478c       0x35 BlueNRG-MS/Target/hci_tl_interface.o
 .debug_macro   0x00000000000247c1       0x20 BlueNRG-MS/Target/hci_tl_interface.o
 .debug_macro   0x00000000000247e1       0x88 BlueNRG-MS/Target/hci_tl_interface.o
 .debug_macro   0x0000000000024869      0x487 Core/Src/app_x-cube-ble1.o
 .debug_macro   0x0000000000024cf0       0x52 Core/Src/app_x-cube-ble1.o
 .debug_macro   0x0000000000024d42      0x174 Core/Src/app_x-cube-ble1.o
 .debug_macro   0x0000000000024eb6       0x9b Core/Src/app_x-cube-ble1.o
 .debug_macro   0x0000000000024f51      0x1b4 Core/Src/app_x-cube-ble1.o
 .debug_macro   0x0000000000025105       0x56 Core/Src/app_x-cube-ble1.o
 .debug_macro   0x000000000002515b       0x1c Core/Src/app_x-cube-ble1.o
 .debug_macro   0x0000000000025177      0x37f Core/Src/app_x-cube-ble1.o
 .debug_macro   0x00000000000254f6      0x264 Core/Src/app_x-cube-ble1.o
 .debug_macro   0x000000000002575a      0x172 Core/Src/app_x-cube-ble1.o
 .debug_macro   0x00000000000258cc       0x1e Core/Src/app_x-cube-ble1.o
 .debug_macro   0x00000000000258ea      0x174 Core/Src/app_x-cube-ble1.o
 .debug_macro   0x0000000000025a5e       0xa5 Core/Src/app_x-cube-ble1.o
 .debug_macro   0x0000000000025b03       0x50 Core/Src/app_x-cube-ble1.o
 .debug_macro   0x0000000000025b53       0x4c Core/Src/app_x-cube-ble1.o
 .debug_macro   0x0000000000025b9f      0x4bd Core/Src/app_x-cube-ble1.o
 .debug_macro   0x000000000002605c       0x1c Core/Src/app_x-cube-ble1.o
 .debug_macro   0x0000000000026078       0x10 Core/Src/app_x-cube-ble1.o
 .debug_macro   0x0000000000026088       0x10 Core/Src/app_x-cube-ble1.o
 .debug_macro   0x0000000000026098       0x1c Core/Src/app_x-cube-ble1.o
 .debug_macro   0x00000000000260b4       0x52 Core/Src/app_x-cube-ble1.o
 .debug_macro   0x0000000000026106       0x40 Core/Src/app_x-cube-ble1.o
 .debug_macro   0x0000000000026146       0x10 Core/Src/app_x-cube-ble1.o
 .debug_macro   0x0000000000026156       0x40 Core/Src/app_x-cube-ble1.o
 .debug_macro   0x0000000000026196       0xd7 Core/Src/app_x-cube-ble1.o
 .debug_macro   0x000000000002626d       0x1c Core/Src/app_x-cube-ble1.o
 .debug_macro   0x0000000000026289       0x3d Core/Src/app_x-cube-ble1.o
 .debug_macro   0x00000000000262c6       0x16 Core/Src/app_x-cube-ble1.o
 .debug_macro   0x00000000000262dc      0x145 Core/Src/app_x-cube-ble1.o
 .debug_macro   0x0000000000026421      0x201 Core/Src/custom_bus.o
 .debug_macro   0x0000000000026622      0x224 Core/Src/main.o
 .debug_macro   0x0000000000026846       0x2e Core/Src/main.o
 .debug_macro   0x0000000000026874      0x21a Core/Src/stm32l4xx_hal_msp.o
 .debug_macro   0x0000000000026a8e      0x224 Core/Src/stm32l4xx_it.o
 .debug_macro   0x0000000000026cb2      0x243 Core/Src/syscalls.o