Archive member included to satisfy reference by file (symbol)

/Applications/STM32CubeIDE.app/Contents/Eclipse/plugins/com.st.stm32cube.ide.mcu.externaltools.gnu-tools-for-stm32.7-2018-q2-update.macos64_1.4.0.202007081208/tools/bin/../lib/gcc/arm-none-eabi/7.3.1/../../../../arm-none-eabi/lib/thumb/v6-m/libc_nano.a(lib_a-errno.o)
                              Core/Src/syscalls.o (__errno)
/Applications/STM32CubeIDE.app/Contents/Eclipse/plugins/com.st.stm32cube.ide.mcu.externaltools.gnu-tools-for-stm32.7-2018-q2-update.macos64_1.4.0.202007081208/tools/bin/../lib/gcc/arm-none-eabi/7.3.1/../../../../arm-none-eabi/lib/thumb/v6-m/libc_nano.a(lib_a-exit.o)
                              /Applications/STM32CubeIDE.app/Contents/Eclipse/plugins/com.st.stm32cube.ide.mcu.externaltools.gnu-tools-for-stm32.7-2018-q2-update.macos64_1.4.0.202007081208/tools/bin/../lib/gcc/arm-none-eabi/7.3.1/../../../../arm-none-eabi/lib/thumb/v6-m/crt0.o (exit)
/Applications/STM32CubeIDE.app/Contents/Eclipse/plugins/com.st.stm32cube.ide.mcu.externaltools.gnu-tools-for-stm32.7-2018-q2-update.macos64_1.4.0.202007081208/tools/bin/../lib/gcc/arm-none-eabi/7.3.1/../../../../arm-none-eabi/lib/thumb/v6-m/libc_nano.a(lib_a-impure.o)
                              /Applications/STM32CubeIDE.app/Contents/Eclipse/plugins/com.st.stm32cube.ide.mcu.externaltools.gnu-tools-for-stm32.7-2018-q2-update.macos64_1.4.0.202007081208/tools/bin/../lib/gcc/arm-none-eabi/7.3.1/../../../../arm-none-eabi/lib/thumb/v6-m/libc_nano.a(lib_a-exit.o) (_global_impure_ptr)
/Applications/STM32CubeIDE.app/Contents/Eclipse/plugins/com.st.stm32cube.ide.mcu.externaltools.gnu-tools-for-stm32.7-2018-q2-update.macos64_1.4.0.202007081208/tools/bin/../lib/gcc/arm-none-eabi/7.3.1/../../../../arm-none-eabi/lib/thumb/v6-m/libc_nano.a(lib_a-init.o)
                              /Applications/STM32CubeIDE.app/Contents/Eclipse/plugins/com.st.stm32cube.ide.mcu.externaltools.gnu-tools-for-stm32.7-2018-q2-update.macos64_1.4.0.202007081208/tools/bin/../lib/gcc/arm-none-eabi/7.3.1/../../../../arm-none-eabi/lib/thumb/v6-m/crt0.o (__libc_init_array)
/Applications/STM32CubeIDE.app/Contents/Eclipse/plugins/com.st.stm32cube.ide.mcu.externaltools.gnu-tools-for-stm32.7-2018-q2-update.macos64_1.4.0.202007081208/tools/bin/../lib/gcc/arm-none-eabi/7.3.1/../../../../arm-none-eabi/lib/thumb/v6-m/libc_nano.a(lib_a-memcpy-stub.o)
                              Middlewares/ST/BlueNRG-MS/hci/controller/bluenrg_gap_aci.o (memcpy)
/Applications/STM32CubeIDE.app/Contents/Eclipse/plugins/com.st.stm32cube.ide.mcu.externaltools.gnu-tools-for-stm32.7-2018-q2-update.macos64_1.4.0.202007081208/tools/bin/../lib/gcc/arm-none-eabi/7.3.1/../../../../arm-none-eabi/lib/thumb/v6-m/libc_nano.a(lib_a-memset.o)
                              /Applications/STM32CubeIDE.app/Contents/Eclipse/plugins/com.st.stm32cube.ide.mcu.externaltools.gnu-tools-for-stm32.7-2018-q2-update.macos64_1.4.0.202007081208/tools/bin/../lib/gcc/arm-none-eabi/7.3.1/../../../../arm-none-eabi/lib/thumb/v6-m/crt0.o (memset)
/Applications/STM32CubeIDE.app/Contents/Eclipse/plugins/com.st.stm32cube.ide.mcu.externaltools.gnu-tools-for-stm32.7-2018-q2-update.macos64_1.4.0.202007081208/tools/bin/../lib/gcc/arm-none-eabi/7.3.1/../../../../arm-none-eabi/lib/thumb/v6-m/libc_nano.a(lib_a-printf.o)
                              Core/Src/app_x-cube-ble1.o (printf)
/Applications/STM32CubeIDE.app/Contents/Eclipse/plugins/com.st.stm32cube.ide.mcu.externaltools.gnu-tools-for-stm32.7-2018-q2-update.macos64_1.4.0.202007081208/tools/bin/../lib/gcc/arm-none-eabi/7.3.1/../../../../arm-none-eabi/lib/thumb/v6-m/libc_nano.a(lib_a-findfp.o)
                              /Applications/STM32CubeIDE.app/Contents/Eclipse/plugins/com.st.stm32cube.ide.mcu.externaltools.gnu-tools-for-stm32.7-2018-q2-update.macos64_1.4.0.202007081208/tools/bin/../lib/gcc/arm-none-eabi/7.3.1/../../../../arm-none-eabi/lib/thumb/v6-m/libc_nano.a(lib_a-printf.o) (__sinit)
/Applications/STM32CubeIDE.app/Contents/Eclipse/plugins/com.st.stm32cube.ide.mcu.externaltools.gnu-tools-for-stm32.7-2018-q2-update.macos64_1.4.0.202007081208/tools/bin/../lib/gcc/arm-none-eabi/7.3.1/../../../../arm-none-eabi/lib/thumb/v6-m/libc_nano.a(lib_a-fwalk.o)
                              /Applications/STM32CubeIDE.app/Contents/Eclipse/plugins/com.st.stm32cube.ide.mcu.externaltools.gnu-tools-for-stm32.7-2018-q2-update.macos64_1.4.0.202007081208/tools/bin/../lib/gcc/arm-none-eabi/7.3.1/../../../../arm-none-eabi/lib/thumb/v6-m/libc_nano.a(lib_a-findfp.o) (_fwalk)
/Applications/STM32CubeIDE.app/Contents/Eclipse/plugins/com.st.stm32cube.ide.mcu.externaltools.gnu-tools-for-stm32.7-2018-q2-update.macos64_1.4.0.202007081208/tools/bin/../lib/gcc/arm-none-eabi/7.3.1/../../../../arm-none-eabi/lib/thumb/v6-m/libc_nano.a(lib_a-nano-mallocr.o)
[...]
Memory Configuration

Name             Origin             Length             Attributes
RAM              0x0000000020000000 0x0000000000002000 xrw
FLASH            0x0000000008000000 0x0000000000010000 xr
*default*        0x0000000000000000 0xffffffffffffffff

Linker script and memory map

LOAD /Applications/STM32CubeIDE.app/Contents/Eclipse/plugins/com.st.stm32cube.ide.mcu.externaltools.gnu-tools-for-stm32.7-2018-q2-update.macos64_1.4.0.202007081208/tools/bin/../lib/gcc/arm-none-eabi/7.3.1/thumb/v6-m/crti.o
LOAD /Applications/STM32CubeIDE.app/Contents/Eclipse/plugins/com.st.stm32cube.ide.mcu.externaltools.gnu-tools-for-stm32.7-2018-q2-update.macos64_1.4.0.202007081208/tools/bin/../lib/gcc/arm-none-eabi/7.3.1/thumb/v6-m/crtbegin.o
LOAD /Applications/STM32CubeIDE.app/Contents/Eclipse/plugins/com.st.stm32cube.ide.mcu.externaltools.gnu-tools-for-stm32.7-2018-q2-update.macos64_1.4.0.202007081208/tools/bin/../lib/gcc/arm-none-eabi/7.3.1/../../../../arm-none-eabi/lib/thumb/v6-m/crt0.o
LOAD BlueNRG-MS/Target/hci_tl_interface.o
LOAD Core/Src/app_x-cube-ble1.o
LOAD Core/Src/custom_bus.o
LOAD Core/Src/gpio.o
LOAD Core/Src/main.o
LOAD Core/Src/stm32l0xx_hal_exti.o
LOAD Core/Src/stm32l0xx_hal_msp.o
LOAD Core/Src/stm32l0xx_it.o
LOAD Core/Src/syscalls.o
LOAD Core/Src/sysmem.o
LOAD Core/Src/system_stm32l0xx.o
LOAD Core/Startup/startup_stm32l053r8tx.o
LOAD Drivers/STM32L0xx_HAL_Driver/Src/stm32l0xx_hal.o
LOAD Drivers/STM32L0xx_HAL_Driver/Src/stm32l0xx_hal_cortex.o
LOAD Drivers/STM32L0xx_HAL_Driver/Src/stm32l0xx_hal_dma.o
LOAD Drivers/STM32L0xx_HAL_Driver/Src/stm32l0xx_hal_flash.o
LOAD Drivers/STM32L0xx_HAL_Driver/Src/stm32l0xx_hal_flash_ex.o
LOAD Drivers/STM32L0xx_HAL_Driver/Src/stm32l0xx_hal_flash_ramfunc.o
LOAD Drivers/STM32L0xx_HAL_Driver/Src/stm32l0xx_hal_gpio.o
LOAD Drivers/STM32L0xx_HAL_Driver/Src/stm32l0xx_hal_i2c.o
LOAD Drivers/STM32L0xx_HAL_Driver/Src/stm32l0xx_hal_i2c_ex.o
LOAD Drivers/STM32L0xx_HAL_Driver/Src/stm32l0xx_hal_pwr.o
LOAD Drivers/STM32L0xx_HAL_Driver/Src/stm32l0xx_hal_pwr_ex.o
LOAD Drivers/STM32L0xx_HAL_Driver/Src/stm32l0xx_hal_rcc.o
LOAD Drivers/STM32L0xx_HAL_Driver/Src/stm32l0xx_hal_rcc_ex.o
LOAD Drivers/STM32L0xx_HAL_Driver/Src/stm32l0xx_hal_spi.o
LOAD Drivers/STM32L0xx_HAL_Driver/Src/stm32l0xx_hal_tim.o
LOAD Drivers/STM32L0xx_HAL_Driver/Src/stm32l0xx_hal_tim_ex.o
LOAD Middlewares/ST/BlueNRG-MS/hci/controller/bluenrg_IFR.o
LOAD Middlewares/ST/BlueNRG-MS/hci/controller/bluenrg_gap_aci.o
LOAD Middlewares/ST/BlueNRG-MS/hci/controller/bluenrg_gatt_aci.o
LOAD Middlewares/ST/BlueNRG-MS/hci/controller/bluenrg_hal_aci.o
LOAD Middlewares/ST/BlueNRG-MS/hci/controller/bluenrg_l2cap_aci.o
LOAD Middlewares/ST/BlueNRG-MS/hci/controller/bluenrg_updater_aci.o
LOAD Middlewares/ST/BlueNRG-MS/hci/controller/bluenrg_utils_small.o
LOAD Middlewares/ST/BlueNRG-MS/hci/hci_le.o
LOAD Middlewares/ST/BlueNRG-MS/hci/hci_tl_patterns/Basic/hci_tl.o
LOAD Middlewares/ST/BlueNRG-MS/utils/ble_list.o
START GROUP
LOAD /Applications/STM32CubeIDE.app/Contents/Eclipse/plugins/com.st.stm32cube.ide.mcu.externaltools.gnu-tools-for-stm32.7-2018-q2-update.macos64_1.4.0.202007081208/tools/bin/../lib/gcc/arm-none-eabi/7.3.1/../../../../arm-none-eabi/lib/thumb/v6-m/libc_nano.a
LOAD /Applications/STM32CubeIDE.app/Contents/Eclipse/plugins/com.st.stm32cube.ide.mcu.externaltools.gnu-tools-for-stm32.7-2018-q2-update.macos64_1.4.0.202007081208/tools/bin/../lib/gcc/arm-none-eabi/7.3.1/../../../../arm-none-eabi/lib/thumb/v6-m/libm.a
END GROUP
START GROUP
LOAD /Applications/STM32CubeIDE.app/Contents/Eclipse/plugins/com.st.stm32cube.ide.mcu.externaltools.gnu-tools-for-stm32.7-2018-q2-update.macos64_1.4.0.202007081208/tools/bin/../lib/gcc/arm-none-eabi/7.3.1/thumb/v6-m/libgcc.a
LOAD /Applications/STM32CubeIDE.app/Contents/Eclipse/plugins/com.st.stm32cube.ide.mcu.externaltools.gnu-tools-for-stm32.7-2018-q2-update.macos64_1.4.0.202007081208/tools/bin/../lib/gcc/arm-none-eabi/7.3.1/../../../../arm-none-eabi/lib/thumb/v6-m/libc_nano.a
END GROUP
START GROUP
LOAD /Applications/STM32CubeIDE.app/Contents/Eclipse/plugins/com.st.stm32cube.ide.mcu.externaltools.gnu-tools-for-stm32.7-2018-q2-update.macos64_1.4.0.202007081208/tools/bin/../lib/gcc/arm-none-eabi/7.3.1/thumb/v6-m/libgcc.a
LOAD /Applications/STM32CubeIDE.app/Contents/Eclipse/plugins/com.st.stm32cube.ide.mcu.externaltools.gnu-tools-for-stm32.7-2018-q2-update.macos64_1.4.0.202007081208/tools/bin/../lib/gcc/arm-none-eabi/7.3.1/../../../../arm-none-eabi/lib/thumb/v6-m/libc_nano.a
LOAD /Applications/STM32CubeIDE.app/Contents/Eclipse/plugins/com.st.stm32cube.ide.mcu.externaltools.gnu-tools-for-stm32.7-2018-q2-update.macos64_1.4.0.202007081208/tools/bin/../lib/gcc/arm-none-eabi/7.3.1/../../../../arm-none-eabi/lib/thumb/v6-m/libnosys.a
END GROUP
START GROUP
LOAD /Applications/STM32CubeIDE.app/Contents/Eclipse/plugins/com.st.stm32cube.ide.mcu.externaltools.gnu-tools-for-stm32.7-2018-q2-update.macos64_1.4.0.202007081208/tools/bin/../lib/gcc/arm-none-eabi/7.3.1/thumb/v6-m/libgcc.a
LOAD /Applications/STM32CubeIDE.app/Contents/Eclipse/plugins/com.st.stm32cube.ide.mcu.externaltools.gnu-tools-for-stm32.7-2018-q2-update.macos64_1.4.0.202007081208/tools/bin/../lib/gcc/arm-none-eabi/7.3.1/../../../../arm-none-eabi/lib/thumb/v6-m/libc_nano.a
LOAD /Applications/STM32CubeIDE.app/Contents/Eclipse/plugins/com.st.stm32cube.ide.mcu.externaltools.gnu-tools-for-stm32.7-2018-q2-update.macos64_1.4.0.202007081208/tools/bin/../lib/gcc/arm-none-eabi/7.3.1/../../../../arm-none-eabi/lib/thumb/v6-m/libnosys.a
END GROUP
LOAD /Applications/STM32CubeIDE.app/Contents/Eclipse/plugins/com.st.stm32cube.ide.mcu.externaltools.gnu-tools-for-stm32.7-2018-q2-update.macos64_1.4.0.202007081208/tools/bin/../lib/gcc/arm-none-eabi/7.3.1/thumb/v6-m/crtend.o
LOAD /Applications/STM32CubeIDE.app/Contents/Eclipse/plugins/com.st.stm32cube.ide.mcu.externaltools.gnu-tools-for-stm32.7-2018-q2-update.macos64_1.4.0.202007081208/tools/bin/../lib/gcc/arm-none-eabi/7.3.1/thumb/v6-m/crtn.o
                0x0000000020002000                _estack = (ORIGIN (RAM) + LENGTH (RAM))
                0x0000000000000200                _Min_Heap_Size = 0x200
                0x0000000000000400                _Min_Stack_Size = 0x400

.isr_vector     0x0000000008000000       0xc0
                0x0000000008000000                . = ALIGN (0x4)
 *(.isr_vector)
 .isr_vector    0x0000000008000000       0xc0 Core/Startup/startup_stm32l053r8tx.o
                0x0000000008000000                g_pfnVectors
                0x00000000080000c0                . = ALIGN (0x4)

.text           0x00000000080000c0     0x4018
                0x00000000080000c0                . = ALIGN (0x4)
 *(.text)
 .text          0x00000000080000c0       0x48 /Applications/STM32CubeIDE.app/Contents/Eclipse/plugins/com.st.stm32cube.ide.mcu.externaltools.gnu-tools-for-stm32.7-2018-q2-update.macos64_1.4.0.202007081208/tools/bin/../lib/gcc/arm-none-eabi/7.3.1/thumb/v6-m/crtbegin.o
 .text          0x0000000008000108      0x114 /Applications/STM32CubeIDE.app/Contents/Eclipse/plugins/com.st.stm32cube.ide.mcu.externaltools.gnu-tools-for-stm32.7-2018-q2-update.macos64_1.4.0.202007081208/tools/bin/../lib/gcc/arm-none-eabi/7.3.1/thumb/v6-m/libgcc.a(_udivsi3.o)
                0x0000000008000108                __udivsi3
                0x0000000008000108                __aeabi_uidiv
                0x0000000008000214                __aeabi_uidivmod
 .text          0x000000000800021c        0x4 /Applications/STM32CubeIDE.app/Contents/Eclipse/plugins/com.st.stm32cube.ide.mcu.externaltools.gnu-tools-for-stm32.7-2018-q2-update.macos64_1.4.0.202007081208/tools/bin/../lib/gcc/arm-none-eabi/7.3.1/thumb/v6-m/libgcc.a(_dvmd_tls.o)
                0x000000000800021c                __aeabi_ldiv0
                0x000000000800021c                __aeabi_idiv0
 *(.text*)
 .text.HCI_TL_SPI_Init
                0x0000000008000220       0xac BlueNRG-MS/Target/hci_tl_interface.o
                0x0000000008000220                HCI_TL_SPI_Init
 .text.HCI_TL_SPI_DeInit
                0x00000000080002cc       0x30 BlueNRG-MS/Target/hci_tl_interface.o
                0x00000000080002cc                HCI_TL_SPI_DeInit
 .text.HCI_TL_SPI_Reset
                0x00000000080002fc       0x40 BlueNRG-MS/Target/hci_tl_interface.o
                0x00000000080002fc                HCI_TL_SPI_Reset
 .text.HCI_TL_SPI_Receive
                0x000000000800033c      0x100 BlueNRG-MS/Target/hci_tl_interface.o
                0x000000000800033c                HCI_TL_SPI_Receive
 .text.HCI_TL_SPI_Send
                0x000000000800043c       0xc8 BlueNRG-MS/Target/hci_tl_interface.o
                0x000000000800043c                HCI_TL_SPI_Send
 .text.IsDataAvailable
                0x0000000008000504       0x20 BlueNRG-MS/Target/hci_tl_interface.o
 .text.hci_tl_lowlevel_init
                0x0000000008000524       0x84 BlueNRG-MS/Target/hci_tl_interface.o
                0x0000000008000524                hci_tl_lowlevel_init
 .text.hci_tl_lowlevel_isr
                0x00000000080005a8       0x20 BlueNRG-MS/Target/hci_tl_interface.o
                0x00000000080005a8                hci_tl_lowlevel_isr
 .text.MX_BlueNRG_MS_Init
                0x00000000080005c8       0x84 Core/Src/app_x-cube-ble1.o
                0x00000000080005c8                MX_BlueNRG_MS_Init
 .text.MX_BlueNRG_MS_Process
                0x000000000800064c       0x24 Core/Src/app_x-cube-ble1.o
                0x000000000800064c                MX_BlueNRG_MS_Process
 .text.receiveData
                0x0000000008000670       0xc4 Core/Src/app_x-cube-ble1.o
                0x0000000008000670                receiveData
 .text.user_notify
                0x0000000008000734       0x5c Core/Src/app_x-cube-ble1.o
                0x0000000008000734                user_notify
 .text.BSP_SPI1_Init
                0x0000000008000790       0x60 Core/Src/custom_bus.o
                0x0000000008000790                BSP_SPI1_Init
 .text.BSP_SPI1_SendRecv
                0x00000000080007f0       0x40 Core/Src/custom_bus.o
                0x00000000080007f0                BSP_SPI1_SendRecv
 .text.BSP_GetTick
                0x0000000008000830       0x10 Core/Src/custom_bus.o
                0x0000000008000830                BSP_GetTick
 .text.MX_SPI1_Init
                0x0000000008000840       0x84 Core/Src/custom_bus.o
                0x0000000008000840                MX_SPI1_Init
 .text.SPI1_MspInit
                0x00000000080008c4       0xc4 Core/Src/custom_bus.o
 .text.MX_GPIO_Init
                0x0000000008000988       0xac Core/Src/gpio.o
                0x0000000008000988                MX_GPIO_Init
 .text.main     0x0000000008000a34       0x28 Core/Src/main.o
                0x0000000008000a34                main
 .text.SystemClock_Config
                0x0000000008000a5c       0xa8 Core/Src/main.o
                0x0000000008000a5c                SystemClock_Config
 .text.Error_Handler
                0x0000000008000b04        0xa Core/Src/main.o
                0x0000000008000b04                Error_Handler
 .text.HAL_EXTI_RegisterCallback
                0x0000000008000b0e       0x42 Core/Src/stm32l0xx_hal_exti.o
                0x0000000008000b0e                HAL_EXTI_RegisterCallback
 .text.HAL_EXTI_GetHandle
                0x0000000008000b50       0x24 Core/Src/stm32l0xx_hal_exti.o
                0x0000000008000b50                HAL_EXTI_GetHandle
 .text.HAL_MspInit
                0x0000000008000b74       0x28 Core/Src/stm32l0xx_hal_msp.o
                0x0000000008000b74                HAL_MspInit
 .text.NMI_Handler
                0x0000000008000b9c        0xa Core/Src/stm32l0xx_it.o
                0x0000000008000b9c                NMI_Handler
 .text.HardFault_Handler
                0x0000000008000ba6        0x6 Core/Src/stm32l0xx_it.o
                0x0000000008000ba6                HardFault_Handler
 .text.SVC_Handler
                0x0000000008000bac        0xa Core/Src/stm32l0xx_it.o
                0x0000000008000bac                SVC_Handler
 .text.PendSV_Handler
                0x0000000008000bb6        0xa Core/Src/stm32l0xx_it.o
                0x0000000008000bb6                PendSV_Handler
 .text.SysTick_Handler
                0x0000000008000bc0        0xe Core/Src/stm32l0xx_it.o
                0x0000000008000bc0                SysTick_Handler
 .text._read    0x0000000008000bce       0x3a Core/Src/syscalls.o
                0x0000000008000bce                _read
 .text._write   0x0000000008000c08       0x38 Core/Src/syscalls.o
                0x0000000008000c08                _write
 .text._close   0x0000000008000c40       0x14 Core/Src/syscalls.o
                0x0000000008000c40                _close
 .text._fstat   0x0000000008000c54       0x1c Core/Src/syscalls.o
                0x0000000008000c54                _fstat
 .text._isatty  0x0000000008000c70       0x12 Core/Src/syscalls.o
                0x0000000008000c70                _isatty
 .text._lseek   0x0000000008000c82       0x16 Core/Src/syscalls.o
                0x0000000008000c82                _lseek
 .text._sbrk    0x0000000008000c98       0x6c Core/Src/sysmem.o
                0x0000000008000c98                _sbrk
 .text.SystemInit
                0x0000000008000d04       0x7c Core/Src/system_stm32l0xx.o
                0x0000000008000d04                SystemInit
 .text.Reset_Handler
                0x0000000008000d80       0x50 Core/Startup/startup_stm32l053r8tx.o
                0x0000000008000d80                Reset_Handler
 .text.Default_Handler
                0x0000000008000dd0        0x2 Core/Startup/startup_stm32l053r8tx.o
                0x0000000008000dd0                LPTIM1_IRQHandler
                0x0000000008000dd0                ADC1_COMP_IRQHandler
                0x0000000008000dd0                PVD_IRQHandler
                0x0000000008000dd0                I2C1_IRQHandler
                0x0000000008000dd0                RCC_CRS_IRQHandler
                0x0000000008000dd0                SPI1_IRQHandler
                0x0000000008000dd0                TIM6_DAC_IRQHandler
                0x0000000008000dd0                EXTI2_3_IRQHandler
                0x0000000008000dd0                I2C2_IRQHandler
                0x0000000008000dd0                RTC_IRQHandler
                0x0000000008000dd0                LCD_IRQHandler
                0x0000000008000dd0                DMA1_Channel4_5_6_7_IRQHandler
                0x0000000008000dd0                EXTI4_15_IRQHandler
                0x0000000008000dd0                DMA1_Channel1_IRQHandler
                0x0000000008000dd0                Default_Handler
                0x0000000008000dd0                TIM22_IRQHandler
                0x0000000008000dd0                EXTI0_1_IRQHandler
                0x0000000008000dd0                USB_IRQHandler
                0x0000000008000dd0                SPI2_IRQHandler
                0x0000000008000dd0                TIM21_IRQHandler
                0x0000000008000dd0                WWDG_IRQHandler
                0x0000000008000dd0                TIM2_IRQHandler
                0x0000000008000dd0                DMA1_Channel2_3_IRQHandler
                0x0000000008000dd0                USART2_IRQHandler
                0x0000000008000dd0                FLASH_IRQHandler
                0x0000000008000dd0                USART1_IRQHandler
                0x0000000008000dd0                RNG_LPUART1_IRQHandler
                0x0000000008000dd0                TSC_IRQHandler
 *fill*         0x0000000008000dd2        0x2 
 .text.HAL_Init
                0x0000000008000dd4       0x40 Drivers/STM32L0xx_HAL_Driver/Src/stm32l0xx_hal.o
                0x0000000008000dd4                HAL_Init
 .text.HAL_InitTick
                0x0000000008000e14       0x68 Drivers/STM32L0xx_HAL_Driver/Src/stm32l0xx_hal.o
                0x0000000008000e14                HAL_InitTick
 .text.HAL_IncTick
                0x0000000008000e7c       0x24 Drivers/STM32L0xx_HAL_Driver/Src/stm32l0xx_hal.o
                0x0000000008000e7c                HAL_IncTick
 .text.HAL_GetTick
                0x0000000008000ea0       0x14 Drivers/STM32L0xx_HAL_Driver/Src/stm32l0xx_hal.o
                0x0000000008000ea0                HAL_GetTick
 .text.HAL_Delay
                0x0000000008000eb4       0x44 Drivers/STM32L0xx_HAL_Driver/Src/stm32l0xx_hal.o
                0x0000000008000eb4                HAL_Delay
 .text.NVIC_EnableIRQ
                0x0000000008000ef8       0x2c Drivers/STM32L0xx_HAL_Driver/Src/stm32l0xx_hal_cortex.o
 .text.NVIC_SetPriority
                0x0000000008000f24       0xdc Drivers/STM32L0xx_HAL_Driver/Src/stm32l0xx_hal_cortex.o
 .text.SysTick_Config
                0x0000000008001000       0x48 Drivers/STM32L0xx_HAL_Driver/Src/stm32l0xx_hal_cortex.o
 .text.HAL_NVIC_SetPriority
                0x0000000008001048       0x2a Drivers/STM32L0xx_HAL_Driver/Src/stm32l0xx_hal_cortex.o
                0x0000000008001048                HAL_NVIC_SetPriority
 .text.HAL_NVIC_EnableIRQ
                0x0000000008001072       0x20 Drivers/STM32L0xx_HAL_Driver/Src/stm32l0xx_hal_cortex.o
                0x0000000008001072                HAL_NVIC_EnableIRQ
 .text.HAL_SYSTICK_Config
                0x0000000008001092       0x1a Drivers/STM32L0xx_HAL_Driver/Src/stm32l0xx_hal_cortex.o
                0x0000000008001092                HAL_SYSTICK_Config
 .text.HAL_GPIO_Init
                0x00000000080010ac      0x2ec Drivers/STM32L0xx_HAL_Driver/Src/stm32l0xx_hal_gpio.o
                0x00000000080010ac                HAL_GPIO_Init
 .text.HAL_GPIO_DeInit
                0x0000000008001398      0x1b4 Drivers/STM32L0xx_HAL_Driver/Src/stm32l0xx_hal_gpio.o
                0x0000000008001398                HAL_GPIO_DeInit
 .text.HAL_GPIO_ReadPin
                0x000000000800154c       0x3a Drivers/STM32L0xx_HAL_Driver/Src/stm32l0xx_hal_gpio.o
                0x000000000800154c                HAL_GPIO_ReadPin
 .text.HAL_GPIO_WritePin
                0x0000000008001586       0x3a Drivers/STM32L0xx_HAL_Driver/Src/stm32l0xx_hal_gpio.o
                0x0000000008001586                HAL_GPIO_WritePin
 .text.HAL_RCC_OscConfig
                0x00000000080015c0      0x780 Drivers/STM32L0xx_HAL_Driver/Src/stm32l0xx_hal_rcc.o
                0x00000000080015c0                HAL_RCC_OscConfig
 .text.HAL_RCC_ClockConfig
                0x0000000008001d40      0x254 Drivers/STM32L0xx_HAL_Driver/Src/stm32l0xx_hal_rcc.o
                0x0000000008001d40                HAL_RCC_ClockConfig
 .text.HAL_RCC_GetSysClockFreq
                0x0000000008001f94      0x108 Drivers/STM32L0xx_HAL_Driver/Src/stm32l0xx_hal_rcc.o
                0x0000000008001f94                HAL_RCC_GetSysClockFreq
 .text.HAL_SPI_Init
                0x000000000800209c       0xd4 Drivers/STM32L0xx_HAL_Driver/Src/stm32l0xx_hal_spi.o
                0x000000000800209c                HAL_SPI_Init
 .text.HAL_SPI_MspInit
                0x0000000008002170       0x10 Drivers/STM32L0xx_HAL_Driver/Src/stm32l0xx_hal_spi.o
                0x0000000008002170                HAL_SPI_MspInit
 .text.HAL_SPI_TransmitReceive
                0x0000000008002180      0x378 Drivers/STM32L0xx_HAL_Driver/Src/stm32l0xx_hal_spi.o
                0x0000000008002180                HAL_SPI_TransmitReceive
 .text.HAL_SPI_GetState
                0x00000000080024f8       0x18 Drivers/STM32L0xx_HAL_Driver/Src/stm32l0xx_hal_spi.o
                0x00000000080024f8                HAL_SPI_GetState
 .text.SPI_WaitFlagStateUntilTimeout
                0x0000000008002510       0xe0 Drivers/STM32L0xx_HAL_Driver/Src/stm32l0xx_hal_spi.o
 .text.SPI_EndRxTxTransaction
                0x00000000080025f0       0x7a Drivers/STM32L0xx_HAL_Driver/Src/stm32l0xx_hal_spi.o
 .text.aci_gap_init_IDB05A1
                0x000000000800266a       0xda Middlewares/ST/BlueNRG-MS/hci/controller/bluenrg_gap_aci.o
                0x000000000800266a                aci_gap_init_IDB05A1
 .text.aci_gap_set_auth_requirement
                0x0000000008002744      0x122 Middlewares/ST/BlueNRG-MS/hci/controller/bluenrg_gap_aci.o
                0x0000000008002744                aci_gap_set_auth_requirement
 .text.aci_gap_start_general_discovery_proc
                0x0000000008002866       0xa6 Middlewares/ST/BlueNRG-MS/hci/controller/bluenrg_gap_aci.o
                0x0000000008002866                aci_gap_start_general_discovery_proc
 .text.aci_gatt_init
                0x000000000800290c       0x50 Middlewares/ST/BlueNRG-MS/hci/controller/bluenrg_gatt_aci.o
                0x000000000800290c                aci_gatt_init
 .text.aci_hal_write_config_data
                0x000000000800295c       0xd6 Middlewares/ST/BlueNRG-MS/hci/controller/bluenrg_hal_aci.o
                0x000000000800295c                aci_hal_write_config_data
 .text.hci_reset
                0x0000000008002a32       0x4e Middlewares/ST/BlueNRG-MS/hci/hci_le.o
                0x0000000008002a32                hci_reset
 .text.verify_packet
                0x0000000008002a80       0x3c Middlewares/ST/BlueNRG-MS/hci/hci_tl_patterns/Basic/hci_tl.o
 .text.send_cmd
                0x0000000008002abc       0xa8 Middlewares/ST/BlueNRG-MS/hci/hci_tl_patterns/Basic/hci_tl.o
 .text.move_list
                0x0000000008002b64       0x3a Middlewares/ST/BlueNRG-MS/hci/hci_tl_patterns/Basic/hci_tl.o
 *fill*         0x0000000008002b9e        0x2 
 .text.free_event_list
                0x0000000008002ba0       0x40 Middlewares/ST/BlueNRG-MS/hci/hci_tl_patterns/Basic/hci_tl.o
 .text.hci_init
                0x0000000008002be0       0x98 Middlewares/ST/BlueNRG-MS/hci/hci_tl_patterns/Basic/hci_tl.o
                0x0000000008002be0                hci_init
 .text.hci_register_io_bus
                0x0000000008002c78       0x3c Middlewares/ST/BlueNRG-MS/hci/hci_tl_patterns/Basic/hci_tl.o
                0x0000000008002c78                hci_register_io_bus
 .text.hci_send_req
                0x0000000008002cb4      0x25c Middlewares/ST/BlueNRG-MS/hci/hci_tl_patterns/Basic/hci_tl.o
                0x0000000008002cb4                hci_send_req
 .text.hci_user_evt_proc
                0x0000000008002f10       0x58 Middlewares/ST/BlueNRG-MS/hci/hci_tl_patterns/Basic/hci_tl.o
                0x0000000008002f10                hci_user_evt_proc
 .text.hci_notify_asynch_evt
                0x0000000008002f68       0xac Middlewares/ST/BlueNRG-MS/hci/hci_tl_patterns/Basic/hci_tl.o
                0x0000000008002f68                hci_notify_asynch_evt
 .text.list_init_head
                0x0000000008003014       0x1c Middlewares/ST/BlueNRG-MS/utils/ble_list.o
                0x0000000008003014                list_init_head
 .text.list_is_empty
                0x0000000008003030       0x48 Middlewares/ST/BlueNRG-MS/utils/ble_list.o
                0x0000000008003030                list_is_empty
 .text.list_insert_head
                0x0000000008003078       0x44 Middlewares/ST/BlueNRG-MS/utils/ble_list.o
                0x0000000008003078                list_insert_head
 .text.list_insert_tail
                0x00000000080030bc       0x44 Middlewares/ST/BlueNRG-MS/utils/ble_list.o
                0x00000000080030bc                list_insert_tail
 .text.list_remove_node
                0x0000000008003100       0x3a Middlewares/ST/BlueNRG-MS/utils/ble_list.o
                0x0000000008003100                list_remove_node
 .text.list_remove_head
                0x000000000800313a       0x4a Middlewares/ST/BlueNRG-MS/utils/ble_list.o
                0x000000000800313a                list_remove_head
 .text.list_remove_tail
                0x0000000008003184       0x4a Middlewares/ST/BlueNRG-MS/utils/ble_list.o
                0x0000000008003184                list_remove_tail
 .text.list_get_size
                0x00000000080031ce       0x48 Middlewares/ST/BlueNRG-MS/utils/ble_list.o
                0x00000000080031ce                list_get_size
 *fill*         0x0000000008003216        0x2 
 .text.__errno  0x0000000008003218        0xc /Applications/STM32CubeIDE.app/Contents/Eclipse/plugins/com.st.stm32cube.ide.mcu.externaltools.gnu-tools-for-stm32.7-2018-q2-update.macos64_1.4.0.202007081208/tools/bin/../lib/gcc/arm-none-eabi/7.3.1/../../../../arm-none-eabi/lib/thumb/v6-m/libc_nano.a(lib_a-errno.o)
                0x0000000008003218                __errno
 .text.__libc_init_array
                0x0000000008003224       0x48 /Applications/STM32CubeIDE.app/Contents/Eclipse/plugins/com.st.stm32cube.ide.mcu.externaltools.gnu-tools-for-stm32.7-2018-q2-update.macos64_1.4.0.202007081208/tools/bin/../lib/gcc/arm-none-eabi/7.3.1/../../../../arm-none-eabi/lib/thumb/v6-m/libc_nano.a(lib_a-init.o)
                0x0000000008003224                __libc_init_array
 .text.memcpy   0x000000000800326c       0x12 /Applications/STM32CubeIDE.app/Contents/Eclipse/plugins/com.st.stm32cube.ide.mcu.externaltools.gnu-tools-for-stm32.7-2018-q2-update.macos64_1.4.0.202007081208/tools/bin/../lib/gcc/arm-none-eabi/7.3.1/../../../../arm-none-eabi/lib/thumb/v6-m/libc_nano.a(lib_a-memcpy-stub.o)
                0x000000000800326c                memcpy
 .text.memset   0x000000000800327e       0x10 /Applications/STM32CubeIDE.app/Contents/Eclipse/plugins/com.st.stm32cube.ide.mcu.externaltools.gnu-tools-for-stm32.7-2018-q2-update.macos64_1.4.0.202007081208/tools/bin/../lib/gcc/arm-none-eabi/7.3.1/../../../../arm-none-eabi/lib/thumb/v6-m/libc_nano.a(lib_a-memset.o)
                0x000000000800327e                memset
 *fill*         0x000000000800328e        0x2 
 .text.printf   0x0000000008003290       0x34 /Applications/STM32CubeIDE.app/Contents/Eclipse/plugins/com.st.stm32cube.ide.mcu.externaltools.gnu-tools-for-stm32.7-2018-q2-update.macos64_1.4.0.202007081208/tools/bin/../lib/gcc/arm-none-eabi/7.3.1/../../../../arm-none-eabi/lib/thumb/v6-m/libc_nano.a(lib_a-printf.o)
                0x0000000008003290                printf
                0x0000000008003290                iprintf
 .text.std      0x00000000080032c4       0x48 /Applications/STM32CubeIDE.app/Contents/Eclipse/plugins/com.st.stm32cube.ide.mcu.externaltools.gnu-tools-for-stm32.7-2018-q2-update.macos64_1.4.0.202007081208/tools/bin/../lib/gcc/arm-none-eabi/7.3.1/../../../../arm-none-eabi/lib/thumb/v6-m/libc_nano.a(lib_a-findfp.o)
 .text._cleanup_r
                0x000000000800330c       0x10 /Applications/STM32CubeIDE.app/Contents/Eclipse/plugins/com.st.stm32cube.ide.mcu.externaltools.gnu-tools-for-stm32.7-2018-q2-update.macos64_1.4.0.202007081208/tools/bin/../lib/gcc/arm-none-eabi/7.3.1/../../../../arm-none-eabi/lib/thumb/v6-m/libc_nano.a(lib_a-findfp.o)
                0x000000000800330c                _cleanup_r
 .text.__sfmoreglue
                0x000000000800331c       0x2c /Applications/STM32CubeIDE.app/Contents/Eclipse/plugins/com.st.stm32cube.ide.mcu.externaltools.gnu-tools-for-stm32.7-2018-q2-update.macos64_1.4.0.202007081208/tools/bin/../lib/gcc/arm-none-eabi/7.3.1/../../../../arm-none-eabi/lib/thumb/v6-m/libc_nano.a(lib_a-findfp.o)
                0x000000000800331c                __sfmoreglue
 .text.__sinit  0x0000000008003348       0x68 /Applications/STM32CubeIDE.app/Contents/Eclipse/plugins/com.st.stm32cube.ide.mcu.externaltools.gnu-tools-for-stm32.7-2018-q2-update.macos64_1.4.0.202007081208/tools/bin/../lib/gcc/arm-none-eabi/7.3.1/../../../../arm-none-eabi/lib/thumb/v6-m/libc_nano.a(lib_a-findfp.o)
                0x0000000008003348                __sinit
 .text.__sfp    0x00000000080033b0       0x7c /Applications/STM32CubeIDE.app/Contents/Eclipse/plugins/com.st.stm32cube.ide.mcu.externaltools.gnu-tools-for-stm32.7-2018-q2-update.macos64_1.4.0.202007081208/tools/bin/../lib/gcc/arm-none-eabi/7.3.1/../../../../arm-none-eabi/lib/thumb/v6-m/libc_nano.a(lib_a-findfp.o)
                0x00000000080033b0                __sfp
 .text._fwalk_reent
                0x000000000800342c       0x42 /Applications/STM32CubeIDE.app/Contents/Eclipse/plugins/com.st.stm32cube.ide.mcu.externaltools.gnu-tools-for-stm32.7-2018-q2-update.macos64_1.4.0.202007081208/tools/bin/../lib/gcc/arm-none-eabi/7.3.1/../../../../arm-none-eabi/lib/thumb/v6-m/libc_nano.a(lib_a-fwalk.o)
                0x000000000800342c                _fwalk_reent
 *fill*         0x000000000800346e        0x2 
 .text._malloc_r
                0x0000000008003470       0xbc /Applications/STM32CubeIDE.app/Contents/Eclipse/plugins/com.st.stm32cube.ide.mcu.externaltools.gnu-tools-for-stm32.7-2018-q2-update.macos64_1.4.0.202007081208/tools/bin/../lib/gcc/arm-none-eabi/7.3.1/../../../../arm-none-eabi/lib/thumb/v6-m/libc_nano.a(lib_a-nano-mallocr.o)
                0x0000000008003470                _malloc_r
 .text.__sfputc_r
                0x000000000800352c       0x2a /Applications/STM32CubeIDE.app/Contents/Eclipse/plugins/com.st.stm32cube.ide.mcu.externaltools.gnu-tools-for-stm32.7-2018-q2-update.macos64_1.4.0.202007081208/tools/bin/../lib/gcc/arm-none-eabi/7.3.1/../../../../arm-none-eabi/lib/thumb/v6-m/libc_nano.a(lib_a-nano-vfprintf.o)
 .text.__sfputs_r
                0x0000000008003556       0x24 /Applications/STM32CubeIDE.app/Contents/Eclipse/plugins/com.st.stm32cube.ide.mcu.externaltools.gnu-tools-for-stm32.7-2018-q2-update.macos64_1.4.0.202007081208/tools/bin/../lib/gcc/arm-none-eabi/7.3.1/../../../../arm-none-eabi/lib/thumb/v6-m/libc_nano.a(lib_a-nano-vfprintf.o)
                0x0000000008003556                __sfputs_r
 *fill*         0x000000000800357a        0x2 
 .text._vfprintf_r
                0x000000000800357c      0x22c /Applications/STM32CubeIDE.app/Contents/Eclipse/plugins/com.st.stm32cube.ide.mcu.externaltools.gnu-tools-for-stm32.7-2018-q2-update.macos64_1.4.0.202007081208/tools/bin/../lib/gcc/arm-none-eabi/7.3.1/../../../../arm-none-eabi/lib/thumb/v6-m/libc_nano.a(lib_a-nano-vfprintf.o)
                0x000000000800357c                _vfiprintf_r
                0x000000000800357c                _vfprintf_r
 .text._printf_common
                0x00000000080037a8       0xda /Applications/STM32CubeIDE.app/Contents/Eclipse/plugins/com.st.stm32cube.ide.mcu.externaltools.gnu-tools-for-stm32.7-2018-q2-update.macos64_1.4.0.202007081208/tools/bin/../lib/gcc/arm-none-eabi/7.3.1/../../../../arm-none-eabi/lib/thumb/v6-m/libc_nano.a(lib_a-nano-vfprintf_i.o)
                0x00000000080037a8                _printf_common
 *fill*         0x0000000008003882        0x2 
 .text._printf_i
                0x0000000008003884      0x210 /Applications/STM32CubeIDE.app/Contents/Eclipse/plugins/com.st.stm32cube.ide.mcu.externaltools.gnu-tools-for-stm32.7-2018-q2-update.macos64_1.4.0.202007081208/tools/bin/../lib/gcc/arm-none-eabi/7.3.1/../../../../arm-none-eabi/lib/thumb/v6-m/libc_nano.a(lib_a-nano-vfprintf_i.o)
                0x0000000008003884                _printf_i
 .text._sbrk_r  0x0000000008003a94       0x24 /Applications/STM32CubeIDE.app/Contents/Eclipse/plugins/com.st.stm32cube.ide.mcu.externaltools.gnu-tools-for-stm32.7-2018-q2-update.macos64_1.4.0.202007081208/tools/bin/../lib/gcc/arm-none-eabi/7.3.1/../../../../arm-none-eabi/lib/thumb/v6-m/libc_nano.a(lib_a-sbrkr.o)
                0x0000000008003a94                _sbrk_r
 .text.__sread  0x0000000008003ab8       0x28 /Applications/STM32CubeIDE.app/Contents/Eclipse/plugins/com.st.stm32cube.ide.mcu.externaltools.gnu-tools-for-stm32.7-2018-q2-update.macos64_1.4.0.202007081208/tools/bin/../lib/gcc/arm-none-eabi/7.3.1/../../../../arm-none-eabi/lib/thumb/v6-m/libc_nano.a(lib_a-stdio.o)
                0x0000000008003ab8                __sread
 .text.__swrite
                0x0000000008003ae0       0x38 /Applications/STM32CubeIDE.app/Contents/Eclipse/plugins/com.st.stm32cube.ide.mcu.externaltools.gnu-tools-for-stm32.7-2018-q2-update.macos64_1.4.0.202007081208/tools/bin/../lib/gcc/arm-none-eabi/7.3.1/../../../../arm-none-eabi/lib/thumb/v6-m/libc_nano.a(lib_a-stdio.o)
                0x0000000008003ae0                __swrite
 .text.__sseek  0x0000000008003b18       0x2c /Applications/STM32CubeIDE.app/Contents/Eclipse/plugins/com.st.stm32cube.ide.mcu.externaltools.gnu-tools-for-stm32.7-2018-q2-update.macos64_1.4.0.202007081208/tools/bin/../lib/gcc/arm-none-eabi/7.3.1/../../../../arm-none-eabi/lib/thumb/v6-m/libc_nano.a(lib_a-stdio.o)
                0x0000000008003b18                __sseek
 .text.__sclose
                0x0000000008003b44        0xc /Applications/STM32CubeIDE.app/Contents/Eclipse/plugins/com.st.stm32cube.ide.mcu.externaltools.gnu-tools-for-stm32.7-2018-q2-update.macos64_1.4.0.202007081208/tools/bin/../lib/gcc/arm-none-eabi/7.3.1/../../../../arm-none-eabi/lib/thumb/v6-m/libc_nano.a(lib_a-stdio.o)
                0x0000000008003b44                __sclose
 .text.__swbuf_r
                0x0000000008003b50       0xac /Applications/STM32CubeIDE.app/Contents/Eclipse/plugins/com.st.stm32cube.ide.mcu.externaltools.gnu-tools-for-stm32.7-2018-q2-update.macos64_1.4.0.202007081208/tools/bin/../lib/gcc/arm-none-eabi/7.3.1/../../../../arm-none-eabi/lib/thumb/v6-m/libc_nano.a(lib_a-wbuf.o)
                0x0000000008003b50                __swbuf_r
 .text._write_r
                0x0000000008003bfc       0x28 /Applications/STM32CubeIDE.app/Contents/Eclipse/plugins/com.st.stm32cube.ide.mcu.externaltools.gnu-tools-for-stm32.7-2018-q2-update.macos64_1.4.0.202007081208/tools/bin/../lib/gcc/arm-none-eabi/7.3.1/../../../../arm-none-eabi/lib/thumb/v6-m/libc_nano.a(lib_a-writer.o)
                0x0000000008003bfc                _write_r
 .text.__swsetup_r
                0x0000000008003c24       0xec /Applications/STM32CubeIDE.app/Contents/Eclipse/plugins/com.st.stm32cube.ide.mcu.externaltools.gnu-tools-for-stm32.7-2018-q2-update.macos64_1.4.0.202007081208/tools/bin/../lib/gcc/arm-none-eabi/7.3.1/../../../../arm-none-eabi/lib/thumb/v6-m/libc_nano.a(lib_a-wsetup.o)
                0x0000000008003c24                __swsetup_r
 .text._close_r
                0x0000000008003d10       0x24 /Applications/STM32CubeIDE.app/Contents/Eclipse/plugins/com.st.stm32cube.ide.mcu.externaltools.gnu-tools-for-stm32.7-2018-q2-update.macos64_1.4.0.202007081208/tools/bin/../lib/gcc/arm-none-eabi/7.3.1/../../../../arm-none-eabi/lib/thumb/v6-m/libc_nano.a(lib_a-closer.o)
                0x0000000008003d10                _close_r
 .text.__sflush_r
                0x0000000008003d34      0x114 /Applications/STM32CubeIDE.app/Contents/Eclipse/plugins/com.st.stm32cube.ide.mcu.externaltools.gnu-tools-for-stm32.7-2018-q2-update.macos64_1.4.0.202007081208/tools/bin/../lib/gcc/arm-none-eabi/7.3.1/../../../../arm-none-eabi/lib/thumb/v6-m/libc_nano.a(lib_a-fflush.o)
                0x0000000008003d34                __sflush_r
 .text._fflush_r
                0x0000000008003e48       0x58 /Applications/STM32CubeIDE.app/Contents/Eclipse/plugins/com.st.stm32cube.ide.mcu.externaltools.gnu-tools-for-stm32.7-2018-q2-update.macos64_1.4.0.202007081208/tools/bin/../lib/gcc/arm-none-eabi/7.3.1/../../../../arm-none-eabi/lib/thumb/v6-m/libc_nano.a(lib_a-fflush.o)
                0x0000000008003e48                _fflush_r
 .text._lseek_r
                0x0000000008003ea0       0x28 /Applications/STM32CubeIDE.app/Contents/Eclipse/plugins/com.st.stm32cube.ide.mcu.externaltools.gnu-tools-for-stm32.7-2018-q2-update.macos64_1.4.0.202007081208/tools/bin/../lib/gcc/arm-none-eabi/7.3.1/../../../../arm-none-eabi/lib/thumb/v6-m/libc_nano.a(lib_a-lseekr.o)
                0x0000000008003ea0                _lseek_r
 .text.__swhatbuf_r
                0x0000000008003ec8       0x50 /Applications/STM32CubeIDE.app/Contents/Eclipse/plugins/com.st.stm32cube.ide.mcu.externaltools.gnu-tools-for-stm32.7-2018-q2-update.macos64_1.4.0.202007081208/tools/bin/../lib/gcc/arm-none-eabi/7.3.1/../../../../arm-none-eabi/lib/thumb/v6-m/libc_nano.a(lib_a-makebuf.o)
                0x0000000008003ec8                __swhatbuf_r
 .text.__smakebuf_r
                0x0000000008003f18       0x88 /Applications/STM32CubeIDE.app/Contents/Eclipse/plugins/com.st.stm32cube.ide.mcu.externaltools.gnu-tools-for-stm32.7-2018-q2-update.macos64_1.4.0.202007081208/tools/bin/../lib/gcc/arm-none-eabi/7.3.1/../../../../arm-none-eabi/lib/thumb/v6-m/libc_nano.a(lib_a-makebuf.o)
                0x0000000008003f18                __smakebuf_r
 .text.memchr   0x0000000008003fa0       0x16 /Applications/STM32CubeIDE.app/Contents/Eclipse/plugins/com.st.stm32cube.ide.mcu.externaltools.gnu-tools-for-stm32.7-2018-q2-update.macos64_1.4.0.202007081208/tools/bin/../lib/gcc/arm-none-eabi/7.3.1/../../../../arm-none-eabi/lib/thumb/v6-m/libc_nano.a(lib_a-memchr-stub.o)
                0x0000000008003fa0                memchr
 .text.__malloc_lock
                0x0000000008003fb6        0x2 /Applications/STM32CubeIDE.app/Contents/Eclipse/plugins/com.st.stm32cube.ide.mcu.externaltools.gnu-tools-for-stm32.7-2018-q2-update.macos64_1.4.0.202007081208/tools/bin/../lib/gcc/arm-none-eabi/7.3.1/../../../../arm-none-eabi/lib/thumb/v6-m/libc_nano.a(lib_a-mlock.o)
                0x0000000008003fb6                __malloc_lock
 .text.__malloc_unlock
                0x0000000008003fb8        0x2 /Applications/STM32CubeIDE.app/Contents/Eclipse/plugins/com.st.stm32cube.ide.mcu.externaltools.gnu-tools-for-stm32.7-2018-q2-update.macos64_1.4.0.202007081208/tools/bin/../lib/gcc/arm-none-eabi/7.3.1/../../../../arm-none-eabi/lib/thumb/v6-m/libc_nano.a(lib_a-mlock.o)
                0x0000000008003fb8                __malloc_unlock
 *fill*         0x0000000008003fba        0x2 
 .text._free_r  0x0000000008003fbc       0x94 /Applications/STM32CubeIDE.app/Contents/Eclipse/plugins/com.st.stm32cube.ide.mcu.externaltools.gnu-tools-for-stm32.7-2018-q2-update.macos64_1.4.0.202007081208/tools/bin/../lib/gcc/arm-none-eabi/7.3.1/../../../../arm-none-eabi/lib/thumb/v6-m/libc_nano.a(lib_a-nano-freer.o)
                0x0000000008003fbc                _free_r
 .text._read_r  0x0000000008004050       0x28 /Applications/STM32CubeIDE.app/Contents/Eclipse/plugins/com.st.stm32cube.ide.mcu.externaltools.gnu-tools-for-stm32.7-2018-q2-update.macos64_1.4.0.202007081208/tools/bin/../lib/gcc/arm-none-eabi/7.3.1/../../../../arm-none-eabi/lib/thumb/v6-m/libc_nano.a(lib_a-readr.o)
                0x0000000008004050                _read_r
 .text._fstat_r
                0x0000000008004078       0x24 /Applications/STM32CubeIDE.app/Contents/Eclipse/plugins/com.st.stm32cube.ide.mcu.externaltools.gnu-tools-for-stm32.7-2018-q2-update.macos64_1.4.0.202007081208/tools/bin/../lib/gcc/arm-none-eabi/7.3.1/../../../../arm-none-eabi/lib/thumb/v6-m/libc_nano.a(lib_a-fstatr.o)
                0x0000000008004078                _fstat_r
 .text._isatty_r
                0x000000000800409c       0x24 /Applications/STM32CubeIDE.app/Contents/Eclipse/plugins/com.st.stm32cube.ide.mcu.externaltools.gnu-tools-for-stm32.7-2018-q2-update.macos64_1.4.0.202007081208/tools/bin/../lib/gcc/arm-none-eabi/7.3.1/../../../../arm-none-eabi/lib/thumb/v6-m/libc_nano.a(lib_a-isattyr.o)
                0x000000000800409c                _isatty_r
 *(.glue_7)
 .glue_7        0x00000000080040c0        0x0 linker stubs
 *(.glue_7t)
 .glue_7t       0x00000000080040c0        0x0 linker stubs
 *(.eh_frame)
 .eh_frame      0x00000000080040c0        0x0 /Applications/STM32CubeIDE.app/Contents/Eclipse/plugins/com.st.stm32cube.ide.mcu.externaltools.gnu-tools-for-stm32.7-2018-q2-update.macos64_1.4.0.202007081208/tools/bin/../lib/gcc/arm-none-eabi/7.3.1/thumb/v6-m/crtbegin.o
 *(.init)
 .init          0x00000000080040c0        0x4 /Applications/STM32CubeIDE.app/Contents/Eclipse/plugins/com.st.stm32cube.ide.mcu.externaltools.gnu-tools-for-stm32.7-2018-q2-update.macos64_1.4.0.202007081208/tools/bin/../lib/gcc/arm-none-eabi/7.3.1/thumb/v6-m/crti.o
                0x00000000080040c0                _init
 .init          0x00000000080040c4        0x8 /Applications/STM32CubeIDE.app/Contents/Eclipse/plugins/com.st.stm32cube.ide.mcu.externaltools.gnu-tools-for-stm32.7-2018-q2-update.macos64_1.4.0.202007081208/tools/bin/../lib/gcc/arm-none-eabi/7.3.1/thumb/v6-m/crtn.o
 *(.fini)
 .fini          0x00000000080040cc        0x4 /Applications/STM32CubeIDE.app/Contents/Eclipse/plugins/com.st.stm32cube.ide.mcu.externaltools.gnu-tools-for-stm32.7-2018-q2-update.macos64_1.4.0.202007081208/tools/bin/../lib/gcc/arm-none-eabi/7.3.1/thumb/v6-m/crti.o
                0x00000000080040cc                _fini
 .fini          0x00000000080040d0        0x8 /Applications/STM32CubeIDE.app/Contents/Eclipse/plugins/com.st.stm32cube.ide.mcu.externaltools.gnu-tools-for-stm32.7-2018-q2-update.macos64_1.4.0.202007081208/tools/bin/../lib/gcc/arm-none-eabi/7.3.1/thumb/v6-m/crtn.o
                0x00000000080040d8                . = ALIGN (0x4)
                0x00000000080040d8                _etext = .

.vfp11_veneer   0x00000000080040d8        0x0
 .vfp11_veneer  0x00000000080040d8        0x0 linker stubs

.v4_bx          0x00000000080040d8        0x0
 .v4_bx         0x00000000080040d8        0x0 linker stubs

.iplt           0x00000000080040d8        0x0
 .iplt          0x00000000080040d8        0x0 /Applications/STM32CubeIDE.app/Contents/Eclipse/plugins/com.st.stm32cube.ide.mcu.externaltools.gnu-tools-for-stm32.7-2018-q2-update.macos64_1.4.0.202007081208/tools/bin/../lib/gcc/arm-none-eabi/7.3.1/thumb/v6-m/crtbegin.o

.rodata         0x00000000080040d8       0xd4
                0x00000000080040d8                . = ALIGN (0x4)
 *(.rodata)
 .rodata        0x00000000080040d8       0x1f Core/Src/app_x-cube-ble1.o
 *(.rodata*)
 *fill*         0x00000000080040f7        0x1 
 .rodata.AHBPrescTable
                0x00000000080040f8       0x10 Core/Src/system_stm32l0xx.o
                0x00000000080040f8                AHBPrescTable
 .rodata.PLLMulTable
                0x0000000008004108        0x9 Core/Src/system_stm32l0xx.o
                0x0000000008004108                PLLMulTable
 *fill*         0x0000000008004111        0x3 
 .rodata._global_impure_ptr
                0x0000000008004114        0x4 /Applications/STM32CubeIDE.app/Contents/Eclipse/plugins/com.st.stm32cube.ide.mcu.externaltools.gnu-tools-for-stm32.7-2018-q2-update.macos64_1.4.0.202007081208/tools/bin/../lib/gcc/arm-none-eabi/7.3.1/../../../../arm-none-eabi/lib/thumb/v6-m/libc_nano.a(lib_a-impure.o)
                0x0000000008004114                _global_impure_ptr
 .rodata.__sf_fake_stderr
                0x0000000008004118       0x20 /Applications/STM32CubeIDE.app/Contents/Eclipse/plugins/com.st.stm32cube.ide.mcu.externaltools.gnu-tools-for-stm32.7-2018-q2-update.macos64_1.4.0.202007081208/tools/bin/../lib/gcc/arm-none-eabi/7.3.1/../../../../arm-none-eabi/lib/thumb/v6-m/libc_nano.a(lib_a-findfp.o)
                0x0000000008004118                __sf_fake_stderr
 .rodata.__sf_fake_stdin
                0x0000000008004138       0x20 /Applications/STM32CubeIDE.app/Contents/Eclipse/plugins/com.st.stm32cube.ide.mcu.externaltools.gnu-tools-for-stm32.7-2018-q2-update.macos64_1.4.0.202007081208/tools/bin/../lib/gcc/arm-none-eabi/7.3.1/../../../../arm-none-eabi/lib/thumb/v6-m/libc_nano.a(lib_a-findfp.o)
                0x0000000008004138                __sf_fake_stdin
 .rodata.__sf_fake_stdout
                0x0000000008004158       0x20 /Applications/STM32CubeIDE.app/Contents/Eclipse/plugins/com.st.stm32cube.ide.mcu.externaltools.gnu-tools-for-stm32.7-2018-q2-update.macos64_1.4.0.202007081208/tools/bin/../lib/gcc/arm-none-eabi/7.3.1/../../../../arm-none-eabi/lib/thumb/v6-m/libc_nano.a(lib_a-findfp.o)
                0x0000000008004158                __sf_fake_stdout
 .rodata._vfprintf_r.str1.1
                0x0000000008004178       0x11 /Applications/STM32CubeIDE.app/Contents/Eclipse/plugins/com.st.stm32cube.ide.mcu.externaltools.gnu-tools-for-stm32.7-2018-q2-update.macos64_1.4.0.202007081208/tools/bin/../lib/gcc/arm-none-eabi/7.3.1/../../../../arm-none-eabi/lib/thumb/v6-m/libc_nano.a(lib_a-nano-vfprintf.o)
 .rodata._printf_i.str1.1
                0x0000000008004189       0x22 /Applications/STM32CubeIDE.app/Contents/Eclipse/plugins/com.st.stm32cube.ide.mcu.externaltools.gnu-tools-for-stm32.7-2018-q2-update.macos64_1.4.0.202007081208/tools/bin/../lib/gcc/arm-none-eabi/7.3.1/../../../../arm-none-eabi/lib/thumb/v6-m/libc_nano.a(lib_a-nano-vfprintf_i.o)
                0x00000000080041ac                . = ALIGN (0x4)
 *fill*         0x00000000080041ab        0x1 

.rel.dyn        0x00000000080041ac        0x0
 .rel.iplt      0x00000000080041ac        0x0 /Applications/STM32CubeIDE.app/Contents/Eclipse/plugins/com.st.stm32cube.ide.mcu.externaltools.gnu-tools-for-stm32.7-2018-q2-update.macos64_1.4.0.202007081208/tools/bin/../lib/gcc/arm-none-eabi/7.3.1/thumb/v6-m/crtbegin.o

.ARM.extab      0x00000000080041ac        0x0
                0x00000000080041ac                . = ALIGN (0x4)
 *(.ARM.extab* .gnu.linkonce.armextab.*)
                0x00000000080041ac                . = ALIGN (0x4)

.ARM            0x00000000080041ac        0x0
                0x00000000080041ac                . = ALIGN (0x4)
                0x00000000080041ac                __exidx_start = .
 *(.ARM.exidx*)
                0x00000000080041ac                __exidx_end = .
                0x00000000080041ac                . = ALIGN (0x4)

.preinit_array  0x00000000080041ac        0x0
                0x00000000080041ac                . = ALIGN (0x4)
                0x00000000080041ac                PROVIDE (__preinit_array_start = .)
 *(.preinit_array*)
                0x00000000080041ac                PROVIDE (__preinit_array_end = .)
                0x00000000080041ac                . = ALIGN (0x4)

.init_array     0x00000000080041ac        0x4
                0x00000000080041ac                . = ALIGN (0x4)
                0x00000000080041ac                PROVIDE (__init_array_start = .)
 *(SORT_BY_NAME(.init_array.*))
 *(.init_array*)
 .init_array    0x00000000080041ac        0x4 /Applications/STM32CubeIDE.app/Contents/Eclipse/plugins/com.st.stm32cube.ide.mcu.externaltools.gnu-tools-for-stm32.7-2018-q2-update.macos64_1.4.0.202007081208/tools/bin/../lib/gcc/arm-none-eabi/7.3.1/thumb/v6-m/crtbegin.o
                0x00000000080041b0                PROVIDE (__init_array_end = .)
                0x00000000080041b0                . = ALIGN (0x4)

.fini_array     0x00000000080041b0        0x4
                0x00000000080041b0                . = ALIGN (0x4)
                [!provide]                        PROVIDE (__fini_array_start = .)
 *(SORT_BY_NAME(.fini_array.*))
 *(.fini_array*)
 .fini_array    0x00000000080041b0        0x4 /Applications/STM32CubeIDE.app/Contents/Eclipse/plugins/com.st.stm32cube.ide.mcu.externaltools.gnu-tools-for-stm32.7-2018-q2-update.macos64_1.4.0.202007081208/tools/bin/../lib/gcc/arm-none-eabi/7.3.1/thumb/v6-m/crtbegin.o
                [!provide]                        PROVIDE (__fini_array_end = .)
                0x00000000080041b4                . = ALIGN (0x4)
                0x00000000080041b4                _sidata = LOADADDR (.data)

.data           0x0000000020000000       0x70 load address 0x00000000080041b4
                0x0000000020000000                . = ALIGN (0x4)
                0x0000000020000000                _sdata = .
 *(.data)
 *(.data*)
 .data.SystemCoreClock
                0x0000000020000000        0x4 Core/Src/system_stm32l0xx.o
                0x0000000020000000                SystemCoreClock
 .data.uwTickPrio
                0x0000000020000004        0x4 Drivers/STM32L0xx_HAL_Driver/Src/stm32l0xx_hal.o
                0x0000000020000004                uwTickPrio
 .data.uwTickFreq
                0x0000000020000008        0x1 Drivers/STM32L0xx_HAL_Driver/Src/stm32l0xx_hal.o
                0x0000000020000008                uwTickFreq
 *fill*         0x0000000020000009        0x3 
 .data._impure_ptr
                0x000000002000000c        0x4 /Applications/STM32CubeIDE.app/Contents/Eclipse/plugins/com.st.stm32cube.ide.mcu.externaltools.gnu-tools-for-stm32.7-2018-q2-update.macos64_1.4.0.202007081208/tools/bin/../lib/gcc/arm-none-eabi/7.3.1/../../../../arm-none-eabi/lib/thumb/v6-m/libc_nano.a(lib_a-impure.o)
                0x000000002000000c                _impure_ptr
 .data.impure_data
                0x0000000020000010       0x60 /Applications/STM32CubeIDE.app/Contents/Eclipse/plugins/com.st.stm32cube.ide.mcu.externaltools.gnu-tools-for-stm32.7-2018-q2-update.macos64_1.4.0.202007081208/tools/bin/../lib/gcc/arm-none-eabi/7.3.1/../../../../arm-none-eabi/lib/thumb/v6-m/libc_nano.a(lib_a-impure.o)
                0x0000000020000070                . = ALIGN (0x4)
                0x0000000020000070                _edata = .

.igot.plt       0x0000000020000070        0x0 load address 0x0000000008004224
 .igot.plt      0x0000000020000070        0x0 /Applications/STM32CubeIDE.app/Contents/Eclipse/plugins/com.st.stm32cube.ide.mcu.externaltools.gnu-tools-for-stm32.7-2018-q2-update.macos64_1.4.0.202007081208/tools/bin/../lib/gcc/arm-none-eabi/7.3.1/thumb/v6-m/crtbegin.o
                0x0000000020000070                . = ALIGN (0x4)

.bss            0x0000000020000070      0x4c0 load address 0x0000000008004224
                0x0000000020000070                _sbss = .
                0x0000000020000070                __bss_start__ = _sbss
 *(.bss)
 .bss           0x0000000020000070       0x1c /Applications/STM32CubeIDE.app/Contents/Eclipse/plugins/com.st.stm32cube.ide.mcu.externaltools.gnu-tools-for-stm32.7-2018-q2-update.macos64_1.4.0.202007081208/tools/bin/../lib/gcc/arm-none-eabi/7.3.1/thumb/v6-m/crtbegin.o
 *(.bss*)
 .bss.read_char_buf.6192
                0x000000002000008c       0xff BlueNRG-MS/Target/hci_tl_interface.o
 *fill*         0x000000002000018b        0x1 
 .bss.SPI1InitCounter
                0x000000002000018c        0x4 Core/Src/custom_bus.o
 .bss.__sbrk_heap_end
                0x0000000020000190        0x4 Core/Src/sysmem.o
 .bss.hciReadPacketBuffer
                0x0000000020000194      0x2bc Middlewares/ST/BlueNRG-MS/hci/hci_tl_patterns/Basic/hci_tl.o
 .bss.hciContext
                0x0000000020000450       0x20 Middlewares/ST/BlueNRG-MS/hci/hci_tl_patterns/Basic/hci_tl.o
 .bss.__malloc_free_list
                0x0000000020000470        0x4 /Applications/STM32CubeIDE.app/Contents/Eclipse/plugins/com.st.stm32cube.ide.mcu.externaltools.gnu-tools-for-stm32.7-2018-q2-update.macos64_1.4.0.202007081208/tools/bin/../lib/gcc/arm-none-eabi/7.3.1/../../../../arm-none-eabi/lib/thumb/v6-m/libc_nano.a(lib_a-nano-mallocr.o)
                0x0000000020000470                __malloc_free_list
 .bss.__malloc_sbrk_start
                0x0000000020000474        0x4 /Applications/STM32CubeIDE.app/Contents/Eclipse/plugins/com.st.stm32cube.ide.mcu.externaltools.gnu-tools-for-stm32.7-2018-q2-update.macos64_1.4.0.202007081208/tools/bin/../lib/gcc/arm-none-eabi/7.3.1/../../../../arm-none-eabi/lib/thumb/v6-m/libc_nano.a(lib_a-nano-mallocr.o)
                0x0000000020000474                __malloc_sbrk_start
 *(COMMON)
 COMMON         0x0000000020000478        0x8 BlueNRG-MS/Target/hci_tl_interface.o
                0x0000000020000478                hexti0
 COMMON         0x0000000020000480       0x3e Core/Src/app_x-cube-ble1.o
                0x0000000020000480                RSSI
                0x00000000200004a0                rcv_data
 *fill*         0x00000000200004be        0x2 
 COMMON         0x00000000200004c0       0x58 Core/Src/custom_bus.o
                0x00000000200004c0                hspi1
 COMMON         0x0000000020000518        0x4 Drivers/STM32L0xx_HAL_Driver/Src/stm32l0xx_hal.o
                0x0000000020000518                uwTick
 COMMON         0x000000002000051c       0x10 Middlewares/ST/BlueNRG-MS/hci/hci_tl_patterns/Basic/hci_tl.o
                0x000000002000051c                hciReadPktPool
                0x0000000020000524                hciReadPktRxQueue
 COMMON         0x000000002000052c        0x4 /Applications/STM32CubeIDE.app/Contents/Eclipse/plugins/com.st.stm32cube.ide.mcu.externaltools.gnu-tools-for-stm32.7-2018-q2-update.macos64_1.4.0.202007081208/tools/bin/../lib/gcc/arm-none-eabi/7.3.1/../../../../arm-none-eabi/lib/thumb/v6-m/libc_nano.a(lib_a-reent.o)
                0x000000002000052c                errno
                0x0000000020000530                . = ALIGN (0x4)
                0x0000000020000530                _ebss = .
                0x0000000020000530                __bss_end__ = _ebss

._user_heap_stack
                0x0000000020000530      0x600 load address 0x0000000008004224
                0x0000000020000530                . = ALIGN (0x8)
                [!provide]                        PROVIDE (end = .)
                0x0000000020000530                PROVIDE (_end = .)
                0x0000000020000730                . = (. + _Min_Heap_Size)
 *fill*         0x0000000020000530      0x200 
                0x0000000020000b30                . = (. + _Min_Stack_Size)
 *fill*         0x0000000020000730      0x400 
                0x0000000020000b30                . = ALIGN (0x8)

/DISCARD/
 libc.a(*)
 libm.a(*)
 libgcc.a(*)

.ARM.attributes
                0x0000000000000000       0x28
 *(.ARM.attributes)
 .ARM.attributes
                0x0000000000000000       0x1e /Applications/STM32CubeIDE.app/Contents/Eclipse/plugins/com.st.stm32cube.ide.mcu.externaltools.gnu-tools-for-stm32.7-2018-q2-update.macos64_1.4.0.202007081208/tools/bin/../lib/gcc/arm-none-eabi/7.3.1/thumb/v6-m/crti.o
 .ARM.attributes
                0x000000000000001e       0x2c /Applications/STM32CubeIDE.app/Contents/Eclipse/plugins/com.st.stm32cube.ide.mcu.externaltools.gnu-tools-for-stm32.7-2018-q2-update.macos64_1.4.0.202007081208/tools/bin/../lib/gcc/arm-none-eabi/7.3.1/thumb/v6-m/crtbegin.o
 .ARM.attributes
                0x000000000000004a       0x32 BlueNRG-MS/Target/hci_tl_interface.o
 .ARM.attributes
                0x000000000000007c       0x32 Core/Src/app_x-cube-ble1.o
 .ARM.attributes
                0x00000000000000ae       0x32 Core/Src/custom_bus.o
 .ARM.attributes
                0x00000000000000e0       0x32 Core/Src/gpio.o
 .ARM.attributes
                0x0000000000000112       0x32 Core/Src/main.o
 .ARM.attributes
                0x0000000000000144       0x32 Core/Src/stm32l0xx_hal_exti.o
 .ARM.attributes
                0x0000000000000176       0x32 Core/Src/stm32l0xx_hal_msp.o
 .ARM.attributes
                0x00000000000001a8       0x32 Core/Src/stm32l0xx_it.o
 .ARM.attributes
                0x00000000000001da       0x32 Core/Src/syscalls.o
 .ARM.attributes
                0x000000000000020c       0x32 Core/Src/sysmem.o
 .ARM.attributes
                0x000000000000023e       0x32 Core/Src/system_stm32l0xx.o
 .ARM.attributes
                0x0000000000000270       0x22 Core/Startup/startup_stm32l053r8tx.o
 .ARM.attributes
                0x0000000000000292       0x32 Drivers/STM32L0xx_HAL_Driver/Src/stm32l0xx_hal.o
 .ARM.attributes
                0x00000000000002c4       0x32 Drivers/STM32L0xx_HAL_Driver/Src/stm32l0xx_hal_cortex.o
 .ARM.attributes
                0x00000000000002f6       0x32 Drivers/STM32L0xx_HAL_Driver/Src/stm32l0xx_hal_gpio.o
 .ARM.attributes
                0x0000000000000328       0x32 Drivers/STM32L0xx_HAL_Driver/Src/stm32l0xx_hal_rcc.o
 .ARM.attributes
                0x000000000000035a       0x32 Drivers/STM32L0xx_HAL_Driver/Src/stm32l0xx_hal_spi.o
 .ARM.attributes
                0x000000000000038c       0x32 Middlewares/ST/BlueNRG-MS/hci/controller/bluenrg_gap_aci.o
 .ARM.attributes
                0x00000000000003be       0x32 Middlewares/ST/BlueNRG-MS/hci/controller/bluenrg_gatt_aci.o
 .ARM.attributes
                0x00000000000003f0       0x32 Middlewares/ST/BlueNRG-MS/hci/controller/bluenrg_hal_aci.o
 .ARM.attributes
                0x0000000000000422       0x32 Middlewares/ST/BlueNRG-MS/hci/hci_le.o
 .ARM.attributes
                0x0000000000000454       0x32 Middlewares/ST/BlueNRG-MS/hci/hci_tl_patterns/Basic/hci_tl.o
 .ARM.attributes
                0x0000000000000486       0x32 Middlewares/ST/BlueNRG-MS/utils/ble_list.o
 .ARM.attributes
                0x00000000000004b8       0x2c /Applications/STM32CubeIDE.app/Contents/Eclipse/plugins/com.st.stm32cube.ide.mcu.externaltools.gnu-tools-for-stm32.7-2018-q2-update.macos64_1.4.0.202007081208/tools/bin/../lib/gcc/arm-none-eabi/7.3.1/../../../../arm-none-eabi/lib/thumb/v6-m/libc_nano.a(lib_a-errno.o)
 .ARM.attributes
                0x00000000000004e4       0x2c /Applications/STM32CubeIDE.app/Contents/Eclipse/plugins/com.st.stm32cube.ide.mcu.externaltools.gnu-tools-for-stm32.7-2018-q2-update.macos64_1.4.0.202007081208/tools/bin/../lib/gcc/arm-none-eabi/7.3.1/../../../../arm-none-eabi/lib/thumb/v6-m/libc_nano.a(lib_a-impure.o)
 .ARM.attributes
                0x0000000000000510       0x2c /Applications/STM32CubeIDE.app/Contents/Eclipse/plugins/com.st.stm32cube.ide.mcu.externaltools.gnu-tools-for-stm32.7-2018-q2-update.macos64_1.4.0.202007081208/tools/bin/../lib/gcc/arm-none-eabi/7.3.1/../../../../arm-none-eabi/lib/thumb/v6-m/libc_nano.a(lib_a-init.o)
 .ARM.attributes
                0x000000000000053c       0x2c /Applications/STM32CubeIDE.app/Contents/Eclipse/plugins/com.st.stm32cube.ide.mcu.externaltools.gnu-tools-for-stm32.7-2018-q2-update.macos64_1.4.0.202007081208/tools/bin/../lib/gcc/arm-none-eabi/7.3.1/../../../../arm-none-eabi/lib/thumb/v6-m/libc_nano.a(lib_a-memcpy-stub.o)
 .ARM.attributes
                0x0000000000000568       0x2c /Applications/STM32CubeIDE.app/Contents/Eclipse/plugins/com.st.stm32cube.ide.mcu.externaltools.gnu-tools-for-stm32.7-2018-q2-update.macos64_1.4.0.202007081208/tools/bin/../lib/gcc/arm-none-eabi/7.3.1/../../../../arm-none-eabi/lib/thumb/v6-m/libc_nano.a(lib_a-memset.o)
 .ARM.attributes
                0x0000000000000594       0x2c /Applications/STM32CubeIDE.app/Contents/Eclipse/plugins/com.st.stm32cube.ide.mcu.externaltools.gnu-tools-for-stm32.7-2018-q2-update.macos64_1.4.0.202007081208/tools/bin/../lib/gcc/arm-none-eabi/7.3.1/../../../../arm-none-eabi/lib/thumb/v6-m/libc_nano.a(lib_a-printf.o)
 .ARM.attributes
                0x00000000000005c0       0x2c /Applications/STM32CubeIDE.app/Contents/Eclipse/plugins/com.st.stm32cube.ide.mcu.externaltools.gnu-tools-for-stm32.7-2018-q2-update.macos64_1.4.0.202007081208/tools/bin/../lib/gcc/arm-none-eabi/7.3.1/../../../../arm-none-eabi/lib/thumb/v6-m/libc_nano.a(lib_a-findfp.o)
 .ARM.attributes
                0x00000000000005ec       0x2c /Applications/STM32CubeIDE.app/Contents/Eclipse/plugins/com.st.stm32cube.ide.mcu.externaltools.gnu-tools-for-stm32.7-2018-q2-update.macos64_1.4.0.202007081208/tools/bin/../lib/gcc/arm-none-eabi/7.3.1/../../../../arm-none-eabi/lib/thumb/v6-m/libc_nano.a(lib_a-fwalk.o)
 .ARM.attributes
                0x0000000000000618       0x2c /Applications/STM32CubeIDE.app/Contents/Eclipse/plugins/com.st.stm32cube.ide.mcu.externaltools.gnu-tools-for-stm32.7-2018-q2-update.macos64_1.4.0.202007081208/tools/bin/../lib/gcc/arm-none-eabi/7.3.1/../../../../arm-none-eabi/lib/thumb/v6-m/libc_nano.a(lib_a-nano-mallocr.o)
 .ARM.attributes
                0x0000000000000644       0x2c /Applications/STM32CubeIDE.app/Contents/Eclipse/plugins/com.st.stm32cube.ide.mcu.externaltools.gnu-tools-for-stm32.7-2018-q2-update.macos64_1.4.0.202007081208/tools/bin/../lib/gcc/arm-none-eabi/7.3.1/../../../../arm-none-eabi/lib/thumb/v6-m/libc_nano.a(lib_a-nano-vfprintf.o)
 .ARM.attributes
                0x0000000000000670       0x2c /Applications/STM32CubeIDE.app/Contents/Eclipse/plugins/com.st.stm32cube.ide.mcu.externaltools.gnu-tools-for-stm32.7-2018-q2-update.macos64_1.4.0.202007081208/tools/bin/../lib/gcc/arm-none-eabi/7.3.1/../../../../arm-none-eabi/lib/thumb/v6-m/libc_nano.a(lib_a-nano-vfprintf_i.o)
 .ARM.attributes
                0x000000000000069c       0x2c /Applications/STM32CubeIDE.app/Contents/Eclipse/plugins/com.st.stm32cube.ide.mcu.externaltools.gnu-tools-for-stm32.7-2018-q2-update.macos64_1.4.0.202007081208/tools/bin/../lib/gcc/arm-none-eabi/7.3.1/../../../../arm-none-eabi/lib/thumb/v6-m/libc_nano.a(lib_a-sbrkr.o)
 .ARM.attributes
                0x00000000000006c8       0x2c /Applications/STM32CubeIDE.app/Contents/Eclipse/plugins/com.st.stm32cube.ide.mcu.externaltools.gnu-tools-for-stm32.7-2018-q2-update.macos64_1.4.0.202007081208/tools/bin/../lib/gcc/arm-none-eabi/7.3.1/../../../../arm-none-eabi/lib/thumb/v6-m/libc_nano.a(lib_a-stdio.o)
 .ARM.attributes
                0x00000000000006f4       0x2c /Applications/STM32CubeIDE.app/Contents/Eclipse/plugins/com.st.stm32cube.ide.mcu.externaltools.gnu-tools-for-stm32.7-2018-q2-update.macos64_1.4.0.202007081208/tools/bin/../lib/gcc/arm-none-eabi/7.3.1/../../../../arm-none-eabi/lib/thumb/v6-m/libc_nano.a(lib_a-wbuf.o)
 .ARM.attributes
                0x0000000000000720       0x2c /Applications/STM32CubeIDE.app/Contents/Eclipse/plugins/com.st.stm32cube.ide.mcu.externaltools.gnu-tools-for-stm32.7-2018-q2-update.macos64_1.4.0.202007081208/tools/bin/../lib/gcc/arm-none-eabi/7.3.1/../../../../arm-none-eabi/lib/thumb/v6-m/libc_nano.a(lib_a-writer.o)
 .ARM.attributes
                0x000000000000074c       0x2c /Applications/STM32CubeIDE.app/Contents/Eclipse/plugins/com.st.stm32cube.ide.mcu.externaltools.gnu-tools-for-stm32.7-2018-q2-update.macos64_1.4.0.202007081208/tools/bin/../lib/gcc/arm-none-eabi/7.3.1/../../../../arm-none-eabi/lib/thumb/v6-m/libc_nano.a(lib_a-wsetup.o)
 .ARM.attributes
                0x0000000000000778       0x2c /Applications/STM32CubeIDE.app/Contents/Eclipse/plugins/com.st.stm32cube.ide.mcu.externaltools.gnu-tools-for-stm32.7-2018-q2-update.macos64_1.4.0.202007081208/tools/bin/../lib/gcc/arm-none-eabi/7.3.1/../../../../arm-none-eabi/lib/thumb/v6-m/libc_nano.a(lib_a-closer.o)
 .ARM.attributes
                0x00000000000007a4       0x2c /Applications/STM32CubeIDE.app/Contents/Eclipse/plugins/com.st.stm32cube.ide.mcu.externaltools.gnu-tools-for-stm32.7-2018-q2-update.macos64_1.4.0.202007081208/tools/bin/../lib/gcc/arm-none-eabi/7.3.1/../../../../arm-none-eabi/lib/thumb/v6-m/libc_nano.a(lib_a-fflush.o)
 .ARM.attributes
                0x00000000000007d0       0x2c /Applications/STM32CubeIDE.app/Contents/Eclipse/plugins/com.st.stm32cube.ide.mcu.externaltools.gnu-tools-for-stm32.7-2018-q2-update.macos64_1.4.0.202007081208/tools/bin/../lib/gcc/arm-none-eabi/7.3.1/../../../../arm-none-eabi/lib/thumb/v6-m/libc_nano.a(lib_a-lseekr.o)
 .ARM.attributes
                0x00000000000007fc       0x2c /Applications/STM32CubeIDE.app/Contents/Eclipse/plugins/com.st.stm32cube.ide.mcu.externaltools.gnu-tools-for-stm32.7-2018-q2-update.macos64_1.4.0.202007081208/tools/bin/../lib/gcc/arm-none-eabi/7.3.1/../../../../arm-none-eabi/lib/thumb/v6-m/libc_nano.a(lib_a-makebuf.o)
 .ARM.attributes
                0x0000000000000828       0x2c /Applications/STM32CubeIDE.app/Contents/Eclipse/plugins/com.st.stm32cube.ide.mcu.externaltools.gnu-tools-for-stm32.7-2018-q2-update.macos64_1.4.0.202007081208/tools/bin/../lib/gcc/arm-none-eabi/7.3.1/../../../../arm-none-eabi/lib/thumb/v6-m/libc_nano.a(lib_a-memchr-stub.o)
 .ARM.attributes
                0x0000000000000854       0x2c /Applications/STM32CubeIDE.app/Contents/Eclipse/plugins/com.st.stm32cube.ide.mcu.externaltools.gnu-tools-for-stm32.7-2018-q2-update.macos64_1.4.0.202007081208/tools/bin/../lib/gcc/arm-none-eabi/7.3.1/../../../../arm-none-eabi/lib/thumb/v6-m/libc_nano.a(lib_a-mlock.o)
 .ARM.attributes
                0x0000000000000880       0x2c /Applications/STM32CubeIDE.app/Contents/Eclipse/plugins/com.st.stm32cube.ide.mcu.externaltools.gnu-tools-for-stm32.7-2018-q2-update.macos64_1.4.0.202007081208/tools/bin/../lib/gcc/arm-none-eabi/7.3.1/../../../../arm-none-eabi/lib/thumb/v6-m/libc_nano.a(lib_a-nano-freer.o)
 .ARM.attributes
                0x00000000000008ac       0x2c /Applications/STM32CubeIDE.app/Contents/Eclipse/plugins/com.st.stm32cube.ide.mcu.externaltools.gnu-tools-for-stm32.7-2018-q2-update.macos64_1.4.0.202007081208/tools/bin/../lib/gcc/arm-none-eabi/7.3.1/../../../../arm-none-eabi/lib/thumb/v6-m/libc_nano.a(lib_a-readr.o)
 .ARM.attributes
                0x00000000000008d8       0x2c /Applications/STM32CubeIDE.app/Contents/Eclipse/plugins/com.st.stm32cube.ide.mcu.externaltools.gnu-tools-for-stm32.7-2018-q2-update.macos64_1.4.0.202007081208/tools/bin/../lib/gcc/arm-none-eabi/7.3.1/../../../../arm-none-eabi/lib/thumb/v6-m/libc_nano.a(lib_a-reent.o)
 .ARM.attributes
                0x0000000000000904       0x2c /Applications/STM32CubeIDE.app/Contents/Eclipse/plugins/com.st.stm32cube.ide.mcu.externaltools.gnu-tools-for-stm32.7-2018-q2-update.macos64_1.4.0.202007081208/tools/bin/../lib/gcc/arm-none-eabi/7.3.1/../../../../arm-none-eabi/lib/thumb/v6-m/libc_nano.a(lib_a-fstatr.o)
 .ARM.attributes
                0x0000000000000930       0x2c /Applications/STM32CubeIDE.app/Contents/Eclipse/plugins/com.st.stm32cube.ide.mcu.externaltools.gnu-tools-for-stm32.7-2018-q2-update.macos64_1.4.0.202007081208/tools/bin/../lib/gcc/arm-none-eabi/7.3.1/../../../../arm-none-eabi/lib/thumb/v6-m/libc_nano.a(lib_a-isattyr.o)
 .ARM.attributes
                0x000000000000095c       0x1e /Applications/STM32CubeIDE.app/Contents/Eclipse/plugins/com.st.stm32cube.ide.mcu.externaltools.gnu-tools-for-stm32.7-2018-q2-update.macos64_1.4.0.202007081208/tools/bin/../lib/gcc/arm-none-eabi/7.3.1/thumb/v6-m/libgcc.a(_udivsi3.o)
 .ARM.attributes
                0x000000000000097a       0x1e /Applications/STM32CubeIDE.app/Contents/Eclipse/plugins/com.st.stm32cube.ide.mcu.externaltools.gnu-tools-for-stm32.7-2018-q2-update.macos64_1.4.0.202007081208/tools/bin/../lib/gcc/arm-none-eabi/7.3.1/thumb/v6-m/libgcc.a(_dvmd_tls.o)
 .ARM.attributes
                0x0000000000000998       0x1e /Applications/STM32CubeIDE.app/Contents/Eclipse/plugins/com.st.stm32cube.ide.mcu.externaltools.gnu-tools-for-stm32.7-2018-q2-update.macos64_1.4.0.202007081208/tools/bin/../lib/gcc/arm-none-eabi/7.3.1/thumb/v6-m/crtn.o
OUTPUT(L053_BLE_Test.elf elf32-littlearm)

.debug_info     0x0000000000000000    0x16204
 .debug_info    0x0000000000000000     0x143b BlueNRG-MS/Target/hci_tl_interface.o
 .debug_info    0x000000000000143b     0x1245 Core/Src/app_x-cube-ble1.o
 .debug_info    0x0000000000002680      0xa7a Core/Src/custom_bus.o
 .debug_info    0x00000000000030fa      0x8d2 Core/Src/gpio.o
 .debug_info    0x00000000000039cc      0x838 Core/Src/main.o
 .debug_info    0x0000000000004204      0x317 Core/Src/stm32l0xx_hal_exti.o
 .debug_info    0x000000000000451b      0x778 Core/Src/stm32l0xx_hal_msp.o
 .debug_info    0x0000000000004c93      0x696 Core/Src/stm32l0xx_it.o
 .debug_info    0x0000000000005329      0xebd Core/Src/syscalls.o
 .debug_info    0x00000000000061e6      0x985 Core/Src/sysmem.o
 .debug_info    0x0000000000006b6b      0x3d9 Core/Src/system_stm32l0xx.o
 .debug_info    0x0000000000006f44       0x22 Core/Startup/startup_stm32l053r8tx.o
 .debug_info    0x0000000000006f66      0x874 Drivers/STM32L0xx_HAL_Driver/Src/stm32l0xx_hal.o
 .debug_info    0x00000000000077da      0x916 Drivers/STM32L0xx_HAL_Driver/Src/stm32l0xx_hal_cortex.o
 .debug_info    0x00000000000080f0      0x71d Drivers/STM32L0xx_HAL_Driver/Src/stm32l0xx_hal_gpio.o
 .debug_info    0x000000000000880d      0x99d Drivers/STM32L0xx_HAL_Driver/Src/stm32l0xx_hal_rcc.o
 .debug_info    0x00000000000091aa     0x15e6 Drivers/STM32L0xx_HAL_Driver/Src/stm32l0xx_hal_spi.o
 .debug_info    0x000000000000a790     0x2ea8 Middlewares/ST/BlueNRG-MS/hci/controller/bluenrg_gap_aci.o
 .debug_info    0x000000000000d638     0x301c Middlewares/ST/BlueNRG-MS/hci/controller/bluenrg_gatt_aci.o
 .debug_info    0x0000000000010654     0x13d7 Middlewares/ST/BlueNRG-MS/hci/controller/bluenrg_hal_aci.o
 .debug_info    0x0000000000011a2b     0x2288 Middlewares/ST/BlueNRG-MS/hci/hci_le.o
 .debug_info    0x0000000000013cb3     0x1519 Middlewares/ST/BlueNRG-MS/hci/hci_tl_patterns/Basic/hci_tl.o
 .debug_info    0x00000000000151cc     0x1038 Middlewares/ST/BlueNRG-MS/utils/ble_list.o

.debug_abbrev   0x0000000000000000     0x2bb9
 .debug_abbrev  0x0000000000000000      0x279 BlueNRG-MS/Target/hci_tl_interface.o
 .debug_abbrev  0x0000000000000279      0x229 Core/Src/app_x-cube-ble1.o
 .debug_abbrev  0x00000000000004a2      0x21c Core/Src/custom_bus.o
 .debug_abbrev  0x00000000000006be      0x16a Core/Src/gpio.o
 .debug_abbrev  0x0000000000000828      0x18a Core/Src/main.o
 .debug_abbrev  0x00000000000009b2      0x15b Core/Src/stm32l0xx_hal_exti.o
 .debug_abbrev  0x0000000000000b0d      0x147 Core/Src/stm32l0xx_hal_msp.o
 .debug_abbrev  0x0000000000000c54      0x15f Core/Src/stm32l0xx_it.o
 .debug_abbrev  0x0000000000000db3      0x261 Core/Src/syscalls.o
 .debug_abbrev  0x0000000000001014      0x19b Core/Src/sysmem.o
 .debug_abbrev  0x00000000000011af      0x12b Core/Src/system_stm32l0xx.o
 .debug_abbrev  0x00000000000012da       0x12 Core/Startup/startup_stm32l053r8tx.o
 .debug_abbrev  0x00000000000012ec      0x235 Drivers/STM32L0xx_HAL_Driver/Src/stm32l0xx_hal.o
 .debug_abbrev  0x0000000000001521      0x261 Drivers/STM32L0xx_HAL_Driver/Src/stm32l0xx_hal_cortex.o
 .debug_abbrev  0x0000000000001782      0x1c0 Drivers/STM32L0xx_HAL_Driver/Src/stm32l0xx_hal_gpio.o
 .debug_abbrev  0x0000000000001942      0x21a Drivers/STM32L0xx_HAL_Driver/Src/stm32l0xx_hal_rcc.o
 .debug_abbrev  0x0000000000001b5c      0x240 Drivers/STM32L0xx_HAL_Driver/Src/stm32l0xx_hal_spi.o
 .debug_abbrev  0x0000000000001d9c      0x236 Middlewares/ST/BlueNRG-MS/hci/controller/bluenrg_gap_aci.o
 .debug_abbrev  0x0000000000001fd2      0x23b Middlewares/ST/BlueNRG-MS/hci/controller/bluenrg_gatt_aci.o
 .debug_abbrev  0x000000000000220d      0x205 Middlewares/ST/BlueNRG-MS/hci/controller/bluenrg_hal_aci.o
 .debug_abbrev  0x0000000000002412      0x245 Middlewares/ST/BlueNRG-MS/hci/hci_le.o
 .debug_abbrev  0x0000000000002657      0x2e0 Middlewares/ST/BlueNRG-MS/hci/hci_tl_patterns/Basic/hci_tl.o
 .debug_abbrev  0x0000000000002937      0x282 Middlewares/ST/BlueNRG-MS/utils/ble_list.o

.debug_aranges  0x0000000000000000      0xca8
 .debug_aranges
                0x0000000000000000       0x58 BlueNRG-MS/Target/hci_tl_interface.o
 .debug_aranges
                0x0000000000000058       0x38 Core/Src/app_x-cube-ble1.o
 .debug_aranges
                0x0000000000000090       0x60 Core/Src/custom_bus.o
 .debug_aranges
                0x00000000000000f0       0x20 Core/Src/gpio.o
 .debug_aranges
                0x0000000000000110       0x30 Core/Src/main.o
 .debug_aranges
                0x0000000000000140       0x30 Core/Src/stm32l0xx_hal_exti.o
 .debug_aranges
                0x0000000000000170       0x20 Core/Src/stm32l0xx_hal_msp.o
 .debug_aranges
                0x0000000000000190       0x40 Core/Src/stm32l0xx_it.o
 .debug_aranges
                0x00000000000001d0       0xa8 Core/Src/syscalls.o
 .debug_aranges
                0x0000000000000278       0x20 Core/Src/sysmem.o
 .debug_aranges
                0x0000000000000298       0x28 Core/Src/system_stm32l0xx.o
 .debug_aranges
                0x00000000000002c0       0x28 Core/Startup/startup_stm32l053r8tx.o
 .debug_aranges
                0x00000000000002e8      0x110 Drivers/STM32L0xx_HAL_Driver/Src/stm32l0xx_hal.o
 .debug_aranges
                0x00000000000003f8       0xd8 Drivers/STM32L0xx_HAL_Driver/Src/stm32l0xx_hal_cortex.o
 .debug_aranges
                0x00000000000004d0       0x58 Drivers/STM32L0xx_HAL_Driver/Src/stm32l0xx_hal_gpio.o
 .debug_aranges
                0x0000000000000528       0x80 Drivers/STM32L0xx_HAL_Driver/Src/stm32l0xx_hal_rcc.o
 .debug_aranges
                0x00000000000005a8      0x1d0 Drivers/STM32L0xx_HAL_Driver/Src/stm32l0xx_hal_spi.o
 .debug_aranges
                0x0000000000000778      0x168 Middlewares/ST/BlueNRG-MS/hci/controller/bluenrg_gap_aci.o
 .debug_aranges
                0x00000000000008e0      0x178 Middlewares/ST/BlueNRG-MS/hci/controller/bluenrg_gatt_aci.o
 .debug_aranges
                0x0000000000000a58       0x68 Middlewares/ST/BlueNRG-MS/hci/controller/bluenrg_hal_aci.o
 .debug_aranges
                0x0000000000000ac0      0x110 Middlewares/ST/BlueNRG-MS/hci/hci_le.o
 .debug_aranges
                0x0000000000000bd0       0x60 Middlewares/ST/BlueNRG-MS/hci/hci_tl_patterns/Basic/hci_tl.o
 .debug_aranges
                0x0000000000000c30       0x78 Middlewares/ST/BlueNRG-MS/utils/ble_list.o

.debug_ranges   0x0000000000000000      0xb70
 .debug_ranges  0x0000000000000000       0x48 BlueNRG-MS/Target/hci_tl_interface.o
 .debug_ranges  0x0000000000000048       0x40 Core/Src/app_x-cube-ble1.o
 .debug_ranges  0x0000000000000088       0x50 Core/Src/custom_bus.o
 .debug_ranges  0x00000000000000d8       0x10 Core/Src/gpio.o
 .debug_ranges  0x00000000000000e8       0x20 Core/Src/main.o
 .debug_ranges  0x0000000000000108       0x20 Core/Src/stm32l0xx_hal_exti.o
 .debug_ranges  0x0000000000000128       0x10 Core/Src/stm32l0xx_hal_msp.o
 .debug_ranges  0x0000000000000138       0x30 Core/Src/stm32l0xx_it.o
 .debug_ranges  0x0000000000000168       0x98 Core/Src/syscalls.o
 .debug_ranges  0x0000000000000200       0x10 Core/Src/sysmem.o
 .debug_ranges  0x0000000000000210       0x18 Core/Src/system_stm32l0xx.o
 .debug_ranges  0x0000000000000228       0x20 Core/Startup/startup_stm32l053r8tx.o
 .debug_ranges  0x0000000000000248      0x100 Drivers/STM32L0xx_HAL_Driver/Src/stm32l0xx_hal.o
 .debug_ranges  0x0000000000000348       0xc8 Drivers/STM32L0xx_HAL_Driver/Src/stm32l0xx_hal_cortex.o
 .debug_ranges  0x0000000000000410       0x48 Drivers/STM32L0xx_HAL_Driver/Src/stm32l0xx_hal_gpio.o
 .debug_ranges  0x0000000000000458       0x70 Drivers/STM32L0xx_HAL_Driver/Src/stm32l0xx_hal_rcc.o
 .debug_ranges  0x00000000000004c8      0x1c0 Drivers/STM32L0xx_HAL_Driver/Src/stm32l0xx_hal_spi.o
 .debug_ranges  0x0000000000000688      0x158 Middlewares/ST/BlueNRG-MS/hci/controller/bluenrg_gap_aci.o
 .debug_ranges  0x00000000000007e0      0x168 Middlewares/ST/BlueNRG-MS/hci/controller/bluenrg_gatt_aci.o
 .debug_ranges  0x0000000000000948       0x58 Middlewares/ST/BlueNRG-MS/hci/controller/bluenrg_hal_aci.o
 .debug_ranges  0x00000000000009a0      0x100 Middlewares/ST/BlueNRG-MS/hci/hci_le.o
 .debug_ranges  0x0000000000000aa0       0x68 Middlewares/ST/BlueNRG-MS/hci/hci_tl_patterns/Basic/hci_tl.o
 .debug_ranges  0x0000000000000b08       0x68 Middlewares/ST/BlueNRG-MS/utils/ble_list.o

.debug_macro    0x0000000000000000    0x17462
 .debug_macro   0x0000000000000000      0x2e2 BlueNRG-MS/Target/hci_tl_interface.o
 .debug_macro   0x00000000000002e2      0xa4e BlueNRG-MS/Target/hci_tl_interface.o
 .debug_macro   0x0000000000000d30       0x16 BlueNRG-MS/Target/hci_tl_interface.o
 .debug_macro   0x0000000000000d46      0x11f BlueNRG-MS/Target/hci_tl_interface.o
 .debug_macro   0x0000000000000e65       0x2e BlueNRG-MS/Target/hci_tl_interface.o
 .debug_macro   0x0000000000000e93       0x28 BlueNRG-MS/Target/hci_tl_interface.o
 .debug_macro   0x0000000000000ebb       0x22 BlueNRG-MS/Target/hci_tl_interface.o
 .debug_macro   0x0000000000000edd       0x8e BlueNRG-MS/Target/hci_tl_interface.o
 .debug_macro   0x0000000000000f6b       0x51 BlueNRG-MS/Target/hci_tl_interface.o
 .debug_macro   0x0000000000000fbc       0xef BlueNRG-MS/Target/hci_tl_interface.o
 .debug_macro   0x00000000000010ab       0x6a BlueNRG-MS/Target/hci_tl_interface.o
 .debug_macro   0x0000000000001115      0x1df BlueNRG-MS/Target/hci_tl_interface.o
 .debug_macro   0x00000000000012f4       0x34 BlueNRG-MS/Target/hci_tl_interface.o
 .debug_macro   0x0000000000001328       0x26 BlueNRG-MS/Target/hci_tl_interface.o
 .debug_macro   0x000000000000134e      0x44f BlueNRG-MS/Target/hci_tl_interface.o
 .debug_macro   0x000000000000179d     0x9d0d BlueNRG-MS/Target/hci_tl_interface.o
 .debug_macro   0x000000000000b4aa       0x3c BlueNRG-MS/Target/hci_tl_interface.o
 .debug_macro   0x000000000000b4e6     0x352c BlueNRG-MS/Target/hci_tl_interface.o
 .debug_macro   0x000000000000ea12      0x174 BlueNRG-MS/Target/hci_tl_interface.o
 .debug_macro   0x000000000000eb86       0x5b BlueNRG-MS/Target/hci_tl_interface.o
 .debug_macro   0x000000000000ebe1      0x8d6 BlueNRG-MS/Target/hci_tl_interface.o
 .debug_macro   0x000000000000f4b7      0x9d2 BlueNRG-MS/Target/hci_tl_interface.o
 .debug_macro   0x000000000000fe89      0x131 BlueNRG-MS/Target/hci_tl_interface.o
 .debug_macro   0x000000000000ffba      0x13f BlueNRG-MS/Target/hci_tl_interface.o
 .debug_macro   0x00000000000100f9      0x17d BlueNRG-MS/Target/hci_tl_interface.o
 .debug_macro   0x0000000000010276      0x28e BlueNRG-MS/Target/hci_tl_interface.o
 .debug_macro   0x0000000000010504      0x1e9 BlueNRG-MS/Target/hci_tl_interface.o
 .debug_macro   0x00000000000106ed      0x129 BlueNRG-MS/Target/hci_tl_interface.o
 .debug_macro   0x0000000000010816      0x2b4 BlueNRG-MS/Target/hci_tl_interface.o
 .debug_macro   0x0000000000010aca      0x22c BlueNRG-MS/Target/hci_tl_interface.o
 .debug_macro   0x0000000000010cf6       0x5b BlueNRG-MS/Target/hci_tl_interface.o
 .debug_macro   0x0000000000010d51       0xa5 BlueNRG-MS/Target/hci_tl_interface.o
 .debug_macro   0x0000000000010df6      0x187 BlueNRG-MS/Target/hci_tl_interface.o
 .debug_macro   0x0000000000010f7d       0x16 BlueNRG-MS/Target/hci_tl_interface.o
 .debug_macro   0x0000000000010f93      0x22c BlueNRG-MS/Target/hci_tl_interface.o
 .debug_macro   0x00000000000111bf      0x16c BlueNRG-MS/Target/hci_tl_interface.o
 .debug_macro   0x000000000001132b       0x28 BlueNRG-MS/Target/hci_tl_interface.o
 .debug_macro   0x0000000000011353       0x82 BlueNRG-MS/Target/hci_tl_interface.o
 .debug_macro   0x00000000000113d5       0x6a BlueNRG-MS/Target/hci_tl_interface.o
 .debug_macro   0x000000000001143f       0x40 BlueNRG-MS/Target/hci_tl_interface.o
 .debug_macro   0x000000000001147f       0x52 BlueNRG-MS/Target/hci_tl_interface.o
 .debug_macro   0x00000000000114d1       0x46 BlueNRG-MS/Target/hci_tl_interface.o
 .debug_macro   0x0000000000011517       0x18 BlueNRG-MS/Target/hci_tl_interface.o
 .debug_macro   0x000000000001152f       0x3c BlueNRG-MS/Target/hci_tl_interface.o
 .debug_macro   0x000000000001156b       0x34 BlueNRG-MS/Target/hci_tl_interface.o
 .debug_macro   0x000000000001159f       0x52 BlueNRG-MS/Target/hci_tl_interface.o
 .debug_macro   0x00000000000115f1       0x1f BlueNRG-MS/Target/hci_tl_interface.o
 .debug_macro   0x0000000000011610       0x43 BlueNRG-MS/Target/hci_tl_interface.o
 .debug_macro   0x0000000000011653       0x20 BlueNRG-MS/Target/hci_tl_interface.o
 .debug_macro   0x0000000000011673      0x1a3 BlueNRG-MS/Target/hci_tl_interface.o
 .debug_macro   0x0000000000011816      0x330 BlueNRG-MS/Target/hci_tl_interface.o
 .debug_macro   0x0000000000011b46       0x10 BlueNRG-MS/Target/hci_tl_interface.o
 .debug_macro   0x0000000000011b56       0x35 BlueNRG-MS/Target/hci_tl_interface.o
 .debug_macro   0x0000000000011b8b       0x20 BlueNRG-MS/Target/hci_tl_interface.o
 .debug_macro   0x0000000000011bab       0x88 BlueNRG-MS/Target/hci_tl_interface.o
 .debug_macro   0x0000000000011c33      0x44b Core/Src/app_x-cube-ble1.o
 .debug_macro   0x000000000001207e       0x52 Core/Src/app_x-cube-ble1.o
 .debug_macro   0x00000000000120d0      0x174 Core/Src/app_x-cube-ble1.o
 .debug_macro   0x0000000000012244       0x9b Core/Src/app_x-cube-ble1.o
 .debug_macro   0x00000000000122df      0x1b4 Core/Src/app_x-cube-ble1.o
 .debug_macro   0x0000000000012493       0x3a Core/Src/app_x-cube-ble1.o
 .debug_macro   0x00000000000124cd       0x55 Core/Src/app_x-cube-ble1.o
 .debug_macro   0x0000000000012522       0x1c Core/Src/app_x-cube-ble1.o
 .debug_macro   0x000000000001253e      0x37f Core/Src/app_x-cube-ble1.o
 .debug_macro   0x00000000000128bd      0x264 Core/Src/app_x-cube-ble1.o
 .debug_macro   0x0000000000012b21      0x172 Core/Src/app_x-cube-ble1.o
 .debug_macro   0x0000000000012c93       0x1e Core/Src/app_x-cube-ble1.o
 .debug_macro   0x0000000000012cb1      0x174 Core/Src/app_x-cube-ble1.o
 .debug_macro   0x0000000000012e25       0xa5 Core/Src/app_x-cube-ble1.o
 .debug_macro   0x0000000000012eca       0x50 Core/Src/app_x-cube-ble1.o
 .debug_macro   0x0000000000012f1a       0x4c Core/Src/app_x-cube-ble1.o
 .debug_macro   0x0000000000012f66      0x4bd Core/Src/app_x-cube-ble1.o
 .debug_macro   0x0000000000013423       0x1c Core/Src/app_x-cube-ble1.o
 .debug_macro   0x000000000001343f       0x10 Core/Src/app_x-cube-ble1.o
 .debug_macro   0x000000000001344f       0x10 Core/Src/app_x-cube-ble1.o
 .debug_macro   0x000000000001345f       0x1c Core/Src/app_x-cube-ble1.o
 .debug_macro   0x000000000001347b       0x52 Core/Src/app_x-cube-ble1.o
 .debug_macro   0x00000000000134cd       0x40 Core/Src/app_x-cube-ble1.o
 .debug_macro   0x000000000001350d       0x10 Core/Src/app_x-cube-ble1.o
 .debug_macro   0x000000000001351d       0x40 Core/Src/app_x-cube-ble1.o
 .debug_macro   0x000000000001355d       0xd7 Core/Src/app_x-cube-ble1.o
 .debug_macro   0x0000000000013634       0x1c Core/Src/app_x-cube-ble1.o
 .debug_macro   0x0000000000013650       0x3d Core/Src/app_x-cube-ble1.o
 .debug_macro   0x000000000001368d       0x16 Core/Src/app_x-cube-ble1.o
 .debug_macro   0x00000000000136a3      0x145 Core/Src/app_x-cube-ble1.o
 .debug_macro   0x00000000000137e8      0x1cb Core/Src/custom_bus.o
 .debug_macro   0x00000000000139b3      0x1f2 Core/Src/gpio.o
 .debug_macro   0x0000000000013ba5       0x2e Core/Src/gpio.o
 .debug_macro   0x0000000000013bd3      0x200 Core/Src/main.o
 .debug_macro   0x0000000000013dd3      0x1ae Core/Src/stm32l0xx_hal_exti.o
 .debug_macro   0x0000000000013f81      0x12b Core/Src/stm32l0xx_hal_exti.o
 .debug_macro   0x00000000000140ac      0x1e8 Core/Src/stm32l0xx_hal_msp.o
 .debug_macro   0x0000000000014294      0x1ec Core/Src/stm32l0xx_it.o
 .debug_macro   0x0000000000014480      0x243 Core/Src/syscalls.o
 .debug_macro   0x00000000000146c3       0x40 Core/Src/syscalls.o
 .debug_macro   0x0000000000014703       0x94 Core/Src/syscalls.o
 .debug_macro   0x0000000000014797       0x57 Core/Src/syscalls.o
 .debug_macro   0x00000000000147ee       0x10 Core/Src/syscalls.o
 .debug_macro   0x00000000000147fe       0x10 Core/Src/syscalls.o
 .debug_macro   0x000000000001480e       0x10 Core/Src/syscalls.o
 .debug_macro   0x000000000001481e       0x35 Core/Src/syscalls.o
 .debug_macro   0x0000000000014853      0x122 Core/Src/syscalls.o
 .debug_macro   0x0000000000014975       0x16 Core/Src/syscalls.o
 .debug_macro   0x000000000001498b       0x16 Core/Src/syscalls.o
 .debug_macro   0x00000000000149a1       0x29 Core/Src/syscalls.o
 .debug_macro   0x00000000000149ca       0x10 Core/Src/syscalls.o
 .debug_macro   0x00000000000149da      0x241 Core/Src/syscalls.o
 .debug_macro   0x0000000000014c1b       0x10 Core/Src/syscalls.o
 .debug_macro   0x0000000000014c2b      0x189 Core/Src/syscalls.o
 .debug_macro   0x0000000000014db4       0x16 Core/Src/syscalls.o
 .debug_macro   0x0000000000014dca       0x88 Core/Src/syscalls.o
 .debug_macro   0x0000000000014e52       0xee Core/Src/sysmem.o
 .debug_macro   0x0000000000014f40      0x23b Core/Src/sysmem.o
 .debug_macro   0x000000000001517b      0x1b4 Core/Src/system_stm32l0xx.o
 .debug_macro   0x000000000001532f      0x1c8 Drivers/STM32L0xx_HAL_Driver/Src/stm32l0xx_hal.o
 .debug_macro   0x00000000000154f7      0x1a4 Drivers/STM32L0xx_HAL_Driver/Src/stm32l0xx_hal_cortex.o
 .debug_macro   0x000000000001569b      0x1dc Drivers/STM32L0xx_HAL_Driver/Src/stm32l0xx_hal_gpio.o
 .debug_macro   0x0000000000015877      0x1c8 Drivers/STM32L0xx_HAL_Driver/Src/stm32l0xx_hal_rcc.o
 .debug_macro   0x0000000000015a3f      0x1ac Drivers/STM32L0xx_HAL_Driver/Src/stm32l0xx_hal_spi.o
 .debug_macro   0x0000000000015beb      0x34d Middlewares/ST/BlueNRG-MS/hci/controller/bluenrg_gap_aci.o
 .debug_macro   0x0000000000015f38      0x34d Middlewares/ST/BlueNRG-MS/hci/controller/bluenrg_gatt_aci.o
 .debug_macro   0x0000000000016285       0xab Middlewares/ST/BlueNRG-MS/hci/controller/bluenrg_gatt_aci.o
 .debug_macro   0x0000000000016330      0x34d Middlewares/ST/BlueNRG-MS/hci/controller/bluenrg_hal_aci.o
 .debug_macro   0x000000000001667d      0x31a Middlewares/ST/BlueNRG-MS/hci/hci_le.o
 .debug_macro   0x0000000000016997      0x17a Middlewares/ST/BlueNRG-MS/hci/hci_le.o
 .debug_macro   0x0000000000016b11      0x16c Middlewares/ST/BlueNRG-MS/hci/hci_le.o
 .debug_macro   0x0000000000016c7d      0x333 Middlewares/ST/BlueNRG-MS/hci/hci_tl_patterns/Basic/hci_tl.o
 .debug_macro   0x0000000000016fb0      0x308 Middlewares/ST/BlueNRG-MS/utils/ble_list.o
 .debug_macro   0x00000000000172b8       0x16 Middlewares/ST/BlueNRG-MS/utils/ble_list.o
 .debug_macro   0x00000000000172ce       0x97 Middlewares/ST/BlueNRG-MS/utils/ble_list.o
 .debug_macro   0x0000000000017365       0xfd Middlewares/ST/BlueNRG-MS/utils/ble_list.o

.debug_line     0x0000000000000000     0xd9ce
 .debug_line    0x0000000000000000      0xa14 BlueNRG-MS/Target/hci_tl_interface.o
 .debug_line    0x0000000000000a14      0xb73 Core/Src/app_x-cube-ble1.o
 .debug_line    0x0000000000001587      0x7b6 Core/Src/custom_bus.o
 .debug_line    0x0000000000001d3d      0x73e Core/Src/gpio.o
 .debug_line    0x000000000000247b      0x784 Core/Src/main.o
 .debug_line    0x0000000000002bff      0x6f5 Core/Src/stm32l0xx_hal_exti.o
 .debug_line    0x00000000000032f4      0x737 Core/Src/stm32l0xx_hal_msp.o
 .debug_line    0x0000000000003a2b      0x779 Core/Src/stm32l0xx_it.o
 .debug_line    0x00000000000041a4      0x77a Core/Src/syscalls.o
 .debug_line    0x000000000000491e      0x503 Core/Src/sysmem.o
 .debug_line    0x0000000000004e21      0x6f6 Core/Src/system_stm32l0xx.o
 .debug_line    0x0000000000005517       0x8a Core/Startup/startup_stm32l053r8tx.o
 .debug_line    0x00000000000055a1      0x912 Drivers/STM32L0xx_HAL_Driver/Src/stm32l0xx_hal.o
 .debug_line    0x0000000000005eb3      0x900 Drivers/STM32L0xx_HAL_Driver/Src/stm32l0xx_hal_cortex.o
 .debug_line    0x00000000000067b3      0x854 Drivers/STM32L0xx_HAL_Driver/Src/stm32l0xx_hal_gpio.o
 .debug_line    0x0000000000007007      0x983 Drivers/STM32L0xx_HAL_Driver/Src/stm32l0xx_hal_rcc.o
 .debug_line    0x000000000000798a     0x1083 Drivers/STM32L0xx_HAL_Driver/Src/stm32l0xx_hal_spi.o
 .debug_line    0x0000000000008a0d     0x1031 Middlewares/ST/BlueNRG-MS/hci/controller/bluenrg_gap_aci.o
 .debug_line    0x0000000000009a3e     0x10d4 Middlewares/ST/BlueNRG-MS/hci/controller/bluenrg_gatt_aci.o
 .debug_line    0x000000000000ab12      0xb32 Middlewares/ST/BlueNRG-MS/hci/controller/bluenrg_hal_aci.o
 .debug_line    0x000000000000b644      0xdb3 Middlewares/ST/BlueNRG-MS/hci/hci_le.o
 .debug_line    0x000000000000c3f7      0xab3 Middlewares/ST/BlueNRG-MS/hci/hci_tl_patterns/Basic/hci_tl.o
 .debug_line    0x000000000000ceaa      0xb24 Middlewares/ST/BlueNRG-MS/utils/ble_list.o

.debug_str      0x0000000000000000    0x7d2c3
 .debug_str     0x0000000000000000    0x7153d BlueNRG-MS/Target/hci_tl_interface.o
                                      0x719cd (size before relaxing)
 .debug_str     0x000000000007153d     0x6ce1 Core/Src/app_x-cube-ble1.o
                                      0x782b2 (size before relaxing)
 .debug_str     0x000000000007821e      0x108 Core/Src/custom_bus.o
                                      0x6e403 (size before relaxing)
 .debug_str     0x0000000000078326       0x46 Core/Src/gpio.o
                                      0x6e48b (size before relaxing)
 .debug_str     0x000000000007836c      0x183 Core/Src/main.o
                                      0x6e50c (size before relaxing)
 .debug_str     0x00000000000784ef       0xce Core/Src/stm32l0xx_hal_exti.o
                                      0x6d96f (size before relaxing)
 .debug_str     0x00000000000785bd       0x2c Core/Src/stm32l0xx_hal_msp.o
                                      0x6e402 (size before relaxing)
 .debug_str     0x00000000000785e9       0x64 Core/Src/stm32l0xx_it.o
                                      0x6e3a2 (size before relaxing)
 .debug_str     0x000000000007864d     0x11c9 Core/Src/syscalls.o
                                       0x881f (size before relaxing)
 .debug_str     0x0000000000079816       0x6b Core/Src/sysmem.o
                                       0x5eed (size before relaxing)
 .debug_str     0x0000000000079881       0xa6 Core/Src/system_stm32l0xx.o
                                      0x6d969 (size before relaxing)
 .debug_str     0x0000000000079927       0x36 Core/Startup/startup_stm32l053r8tx.o
                                         0x81 (size before relaxing)
 .debug_str     0x000000000007995d      0x404 Drivers/STM32L0xx_HAL_Driver/Src/stm32l0xx_hal.o
                                      0x6dfaa (size before relaxing)
 .debug_str     0x0000000000079d61      0x2bb Drivers/STM32L0xx_HAL_Driver/Src/stm32l0xx_hal_cortex.o
                                      0x6ddab (size before relaxing)
 .debug_str     0x000000000007a01c      0x22a Drivers/STM32L0xx_HAL_Driver/Src/stm32l0xx_hal_gpio.o
                                      0x6dc19 (size before relaxing)
 .debug_str     0x000000000007a246      0x279 Drivers/STM32L0xx_HAL_Driver/Src/stm32l0xx_hal_rcc.o
                                      0x6ddd6 (size before relaxing)
 .debug_str     0x000000000007a4bf      0x54b Drivers/STM32L0xx_HAL_Driver/Src/stm32l0xx_hal_spi.o
                                      0x6e1c6 (size before relaxing)
 .debug_str     0x000000000007aa0a      0xe3c Middlewares/ST/BlueNRG-MS/hci/controller/bluenrg_gap_aci.o
                                      0x7694e (size before relaxing)
 .debug_str     0x000000000007b846      0xc7c Middlewares/ST/BlueNRG-MS/hci/controller/bluenrg_gatt_aci.o
                                      0x769c6 (size before relaxing)
 .debug_str     0x000000000007c4c2      0x248 Middlewares/ST/BlueNRG-MS/hci/controller/bluenrg_hal_aci.o
                                      0x76372 (size before relaxing)
 .debug_str     0x000000000007c70a      0x7ac Middlewares/ST/BlueNRG-MS/hci/hci_le.o
                                      0x7410e (size before relaxing)
 .debug_str     0x000000000007ceb6      0x299 Middlewares/ST/BlueNRG-MS/hci/hci_tl_patterns/Basic/hci_tl.o
                                      0x731fe (size before relaxing)
 .debug_str     0x000000000007d14f      0x174 Middlewares/ST/BlueNRG-MS/utils/ble_list.o
                                      0x71ac0 (size before relaxing)

.comment        0x0000000000000000       0x7b
 .comment       0x0000000000000000       0x7b BlueNRG-MS/Target/hci_tl_interface.o
                                         0x7c (size before relaxing)
 .comment       0x000000000000007b       0x7c Core/Src/app_x-cube-ble1.o
 .comment       0x000000000000007b       0x7c Core/Src/custom_bus.o
 .comment       0x000000000000007b       0x7c Core/Src/gpio.o
 .comment       0x000000000000007b       0x7c Core/Src/main.o
 .comment       0x000000000000007b       0x7c Core/Src/stm32l0xx_hal_exti.o
 .comment       0x000000000000007b       0x7c Core/Src/stm32l0xx_hal_msp.o
 .comment       0x000000000000007b       0x7c Core/Src/stm32l0xx_it.o
 .comment       0x000000000000007b       0x7c Core/Src/syscalls.o
 .comment       0x000000000000007b       0x7c Core/Src/sysmem.o
 .comment       0x000000000000007b       0x7c Core/Src/system_stm32l0xx.o
 .comment       0x000000000000007b       0x7c Drivers/STM32L0xx_HAL_Driver/Src/stm32l0xx_hal.o
 .comment       0x000000000000007b       0x7c Drivers/STM32L0xx_HAL_Driver/Src/stm32l0xx_hal_cortex.o
 .comment       0x000000000000007b       0x7c Drivers/STM32L0xx_HAL_Driver/Src/stm32l0xx_hal_gpio.o
 .comment       0x000000000000007b       0x7c Drivers/STM32L0xx_HAL_Driver/Src/stm32l0xx_hal_rcc.o
 .comment       0x000000000000007b       0x7c Drivers/STM32L0xx_HAL_Driver/Src/stm32l0xx_hal_spi.o
 .comment       0x000000000000007b       0x7c Middlewares/ST/BlueNRG-MS/hci/controller/bluenrg_gap_aci.o
 .comment       0x000000000000007b       0x7c Middlewares/ST/BlueNRG-MS/hci/controller/bluenrg_gatt_aci.o
 .comment       0x000000000000007b       0x7c Middlewares/ST/BlueNRG-MS/hci/controller/bluenrg_hal_aci.o
 .comment       0x000000000000007b       0x7c Middlewares/ST/BlueNRG-MS/hci/hci_le.o
 .comment       0x000000000000007b       0x7c Middlewares/ST/BlueNRG-MS/hci/hci_tl_patterns/Basic/hci_tl.o
 .comment       0x000000000000007b       0x7c Middlewares/ST/BlueNRG-MS/utils/ble_list.o

.debug_frame    0x0000000000000000     0x3390
 .debug_frame   0x0000000000000000      0x104 BlueNRG-MS/Target/hci_tl_interface.o
 .debug_frame   0x0000000000000104       0x8c Core/Src/app_x-cube-ble1.o
 .debug_frame   0x0000000000000190      0x12c Core/Src/custom_bus.o
 .debug_frame   0x00000000000002bc       0x30 Core/Src/gpio.o
 .debug_frame   0x00000000000002ec       0x6c Core/Src/main.o
 .debug_frame   0x0000000000000358       0x70 Core/Src/stm32l0xx_hal_exti.o
 .debug_frame   0x00000000000003c8       0x2c Core/Src/stm32l0xx_hal_msp.o
 .debug_frame   0x00000000000003f4       0x9c Core/Src/stm32l0xx_it.o
 .debug_frame   0x0000000000000490      0x244 Core/Src/syscalls.o
 .debug_frame   0x00000000000006d4       0x30 Core/Src/sysmem.o
 .debug_frame   0x0000000000000704       0x4c Core/Src/system_stm32l0xx.o
 .debug_frame   0x0000000000000750      0x394 Drivers/STM32L0xx_HAL_Driver/Src/stm32l0xx_hal.o
 .debug_frame   0x0000000000000ae4      0x2fc Drivers/STM32L0xx_HAL_Driver/Src/stm32l0xx_hal_cortex.o
 .debug_frame   0x0000000000000de0      0x110 Drivers/STM32L0xx_HAL_Driver/Src/stm32l0xx_hal_gpio.o
 .debug_frame   0x0000000000000ef0      0x1a4 Drivers/STM32L0xx_HAL_Driver/Src/stm32l0xx_hal_rcc.o
 .debug_frame   0x0000000000001094      0x6f0 Drivers/STM32L0xx_HAL_Driver/Src/stm32l0xx_hal_spi.o
 .debug_frame   0x0000000000001784      0x5e0 Middlewares/ST/BlueNRG-MS/hci/controller/bluenrg_gap_aci.o
 .debug_frame   0x0000000000001d64      0x63c Middlewares/ST/BlueNRG-MS/hci/controller/bluenrg_gatt_aci.o
 .debug_frame   0x00000000000023a0      0x160 Middlewares/ST/BlueNRG-MS/hci/controller/bluenrg_hal_aci.o
 .debug_frame   0x0000000000002500      0x45c Middlewares/ST/BlueNRG-MS/hci/hci_le.o
 .debug_frame   0x000000000000295c      0x134 Middlewares/ST/BlueNRG-MS/hci/hci_tl_patterns/Basic/hci_tl.o
 .debug_frame   0x0000000000002a90      0x190 Middlewares/ST/BlueNRG-MS/utils/ble_list.o
 .debug_frame   0x0000000000002c20       0x20 /Applications/STM32CubeIDE.app/Contents/Eclipse/plugins/com.st.stm32cube.ide.mcu.externaltools.gnu-tools-for-stm32.7-2018-q2-update.macos64_1.4.0.202007081208/tools/bin/../lib/gcc/arm-none-eabi/7.3.1/../../../../arm-none-eabi/lib/thumb/v6-m/libc_nano.a(lib_a-errno.o)
 .debug_frame   0x0000000000002c40       0x2c /Applications/STM32CubeIDE.app/Contents/Eclipse/plugins/com.st.stm32cube.ide.mcu.externaltools.gnu-tools-for-stm32.7-2018-q2-update.macos64_1.4.0.202007081208/tools/bin/../lib/gcc/arm-none-eabi/7.3.1/../../../../arm-none-eabi/lib/thumb/v6-m/libc_nano.a(lib_a-init.o)