Archive member included to satisfy reference by file (symbol)

/Applications/STM32CubeIDE.app/Contents/Eclipse/plugins/com.st.stm32cube.ide.mcu.externaltools.gnu-tools-for-stm32.7-2018-q2-update.macos64_1.4.0.202007081208/tools/bin/../lib/gcc/arm-none-eabi/7.3.1/../../../../arm-none-eabi/lib/thumb/v6-m/libc_nano.a(lib_a-errno.o)
                              Core/Src/syscalls.o (__errno)
/Applications/STM32CubeIDE.app/Contents/Eclipse/plugins/com.st.stm32cube.ide.mcu.externaltools.gnu-tools-for-stm32.7-2018-q2-update.macos64_1.4.0.202007081208/tools/bin/../lib/gcc/arm-none-eabi/7.3.1/../../../../arm-none-eabi/lib/thumb/v6-m/libc_nano.a(lib_a-exit.o)
                              /Applications/STM32CubeIDE.app/Contents/Eclipse/plugins/com.st.stm32cube.ide.mcu.externaltools.gnu-tools-for-stm32.7-2018-q2-update.macos64_1.4.0.202007081208/tools/bin/../lib/gcc/arm-none-eabi/7.3.1/../../../../arm-none-eabi/lib/thumb/v6-m/crt0.o (exit)
/Applications/STM32CubeIDE.app/Contents/Eclipse/plugins/com.st.stm32cube.ide.mcu.externaltools.gnu-tools-for-stm32.7-2018-q2-update.macos64_1.4.0.202007081208/tools/bin/../lib/gcc/arm-none-eabi/7.3.1/../../../../arm-none-eabi/lib/thumb/v6-m/libc_nano.a(lib_a-impure.o)
                              /Applications/STM32CubeIDE.app/Contents/Eclipse/plugins/com.st.stm32cube.ide.mcu.externaltools.gnu-tools-for-stm32.7-2018-q2-update.macos64_1.4.0.202007081208/tools/bin/../lib/gcc/arm-none-eabi/7.3.1/../../../../arm-none-eabi/lib/thumb/v6-m/libc_nano.a(lib_a-exit.o) (_global_impure_ptr)
/Applications/STM32CubeIDE.app/Contents/Eclipse/plugins/com.st.stm32cube.ide.mcu.externaltools.gnu-tools-for-stm32.7-2018-q2-update.macos64_1.4.0.202007081208/tools/bin/../lib/gcc/arm-none-eabi/7.3.1/../../../../arm-none-eabi/lib/thumb/v6-m/libc_nano.a(lib_a-init.o)
                              /Applications/STM32CubeIDE.app/Contents/Eclipse/plugins/com.st.stm32cube.ide.mcu.externaltools.gnu-tools-for-stm32.7-2018-q2-update.macos64_1.4.0.202007081208/tools/bin/../lib/gcc/arm-none-eabi/7.3.1/../../../../arm-none-eabi/lib/thumb/v6-m/crt0.o (__libc_init_array)
/Applications/STM32CubeIDE.app/Contents/Eclipse/plugins/com.st.stm32cube.ide.mcu.externaltools.gnu-tools-for-stm32.7-2018-q2-update.macos64_1.4.0.202007081208/tools/bin/../lib/gcc/arm-none-eabi/7.3.1/../../../../arm-none-eabi/lib/thumb/v6-m/libc_nano.a(lib_a-memcpy-stub.o)
                              Middlewares/ST/BlueNRG-MS/hci/controller/bluenrg_gap_aci.o (memcpy)
/Applications/STM32CubeIDE.app/Contents/Eclipse/plugins/com.st.stm32cube.ide.mcu.externaltools.gnu-tools-for-stm32.7-2018-q2-update.macos64_1.4.0.202007081208/tools/bin/../lib/gcc/arm-none-eabi/7.3.1/../../../../arm-none-eabi/lib/thumb/v6-m/libc_nano.a(lib_a-memset.o)
                              /Applications/STM32CubeIDE.app/Contents/Eclipse/plugins/com.st.stm32cube.ide.mcu.externaltools.gnu-tools-for-stm32.7-2018-q2-update.macos64_1.4.0.202007081208/tools/bin/../lib/gcc/arm-none-eabi/7.3.1/../../../../arm-none-eabi/lib/thumb/v6-m/crt0.o (memset)
/Applications/STM32CubeIDE.app/Contents/Eclipse/plugins/com.st.stm32cube.ide.mcu.externaltools.gnu-tools-for-stm32.7-2018-q2-update.macos64_1.4.0.202007081208/tools/bin/../lib/gcc/arm-none-eabi/7.3.1/thumb/v6-m/libgcc.a(_udivsi3.o)
                              Core/Src/system_stm32f0xx.o (__aeabi_uidiv)
/Applications/STM32CubeIDE.app/Contents/Eclipse/plugins/com.st.stm32cube.ide.mcu.externaltools.gnu-tools-for-stm32.7-2018-q2-update.macos64_1.4.0.202007081208/tools/bin/../lib/gcc/arm-none-eabi/7.3.1/thumb/v6-m/libgcc.a(_dvmd_tls.o)
                              /Applications/STM32CubeIDE.app/Contents/Eclipse/plugins/com.st.stm32cube.ide.mcu.externaltools.gnu-tools-for-stm32.7-2018-q2-update.macos64_1.4.0.202007081208/tools/bin/../lib/gcc/arm-none-eabi/7.3.1/thumb/v6-m/libgcc.a(_udivsi3.o) (__aeabi_idiv0)

Allocating common symbols
Common symbol       size              file

hexti0              0x8               BlueNRG-MS/Target/hci_tl_interface.o
hciReadPktPool      0x8               Middlewares/ST/BlueNRG-MS/hci/hci_tl_patterns/Basic/hci_tl.o
uwTick              0x4               Drivers/STM32F0xx_HAL_Driver/Src/stm32f0xx_hal.o
pFlash              0x20              Drivers/STM32F0xx_HAL_Driver/Src/stm32f0xx_hal_flash.o
huart1              0x80              Core/Src/main.o
hspi1               0x64              Core/Src/custom_bus.o
hciReadPktRxQueue   0x8               Middlewares/ST/BlueNRG-MS/hci/hci_tl_patterns/Basic/hci_tl.o

Discarded input sections

 .text          0x0000000000000000        0x0 /Applications/STM32CubeIDE.app/Contents/Eclipse/plugins/com.st.stm32cube.ide.mcu.externaltools.gnu-tools-for-stm32.7-2018-q2-update.macos64_1.4.0.202007081208/tools/bin/../lib/gcc/arm-none-eabi/7.3.1/thumb/v6-m/crti.o
[...]
Memory Configuration

Name             Origin             Length             Attributes
RAM              0x0000000020000000 0x0000000000002000 xrw
FLASH            0x0000000008000000 0x0000000000010000 xr
*default*        0x0000000000000000 0xffffffffffffffff

Linker script and memory map

LOAD /Applications/STM32CubeIDE.app/Contents/Eclipse/plugins/com.st.stm32cube.ide.mcu.externaltools.gnu-tools-for-stm32.7-2018-q2-update.macos64_1.4.0.202007081208/tools/bin/../lib/gcc/arm-none-eabi/7.3.1/thumb/v6-m/crti.o
LOAD /Applications/STM32CubeIDE.app/Contents/Eclipse/plugins/com.st.stm32cube.ide.mcu.externaltools.gnu-tools-for-stm32.7-2018-q2-update.macos64_1.4.0.202007081208/tools/bin/../lib/gcc/arm-none-eabi/7.3.1/thumb/v6-m/crtbegin.o
LOAD /Applications/STM32CubeIDE.app/Contents/Eclipse/plugins/com.st.stm32cube.ide.mcu.externaltools.gnu-tools-for-stm32.7-2018-q2-update.macos64_1.4.0.202007081208/tools/bin/../lib/gcc/arm-none-eabi/7.3.1/../../../../arm-none-eabi/lib/thumb/v6-m/crt0.o
LOAD BlueNRG-MS/Target/hci_tl_interface.o
LOAD Core/Src/custom_bus.o
LOAD Core/Src/main.o
LOAD Core/Src/stm32f0xx_hal_msp.o
LOAD Core/Src/stm32f0xx_it.o
LOAD Core/Src/syscalls.o
LOAD Core/Src/sysmem.o
LOAD Core/Src/system_stm32f0xx.o
LOAD Core/Startup/startup_stm32f051k8tx.o
LOAD Drivers/STM32F0xx_HAL_Driver/Src/stm32f0xx_hal.o
LOAD Drivers/STM32F0xx_HAL_Driver/Src/stm32f0xx_hal_cortex.o
LOAD Drivers/STM32F0xx_HAL_Driver/Src/stm32f0xx_hal_dma.o
LOAD Drivers/STM32F0xx_HAL_Driver/Src/stm32f0xx_hal_exti.o
LOAD Drivers/STM32F0xx_HAL_Driver/Src/stm32f0xx_hal_flash.o
LOAD Drivers/STM32F0xx_HAL_Driver/Src/stm32f0xx_hal_flash_ex.o
LOAD Drivers/STM32F0xx_HAL_Driver/Src/stm32f0xx_hal_gpio.o
LOAD Drivers/STM32F0xx_HAL_Driver/Src/stm32f0xx_hal_i2c.o
LOAD Drivers/STM32F0xx_HAL_Driver/Src/stm32f0xx_hal_i2c_ex.o
LOAD Drivers/STM32F0xx_HAL_Driver/Src/stm32f0xx_hal_pwr.o
LOAD Drivers/STM32F0xx_HAL_Driver/Src/stm32f0xx_hal_pwr_ex.o
LOAD Drivers/STM32F0xx_HAL_Driver/Src/stm32f0xx_hal_rcc.o
LOAD Drivers/STM32F0xx_HAL_Driver/Src/stm32f0xx_hal_rcc_ex.o
LOAD Drivers/STM32F0xx_HAL_Driver/Src/stm32f0xx_hal_spi.o
LOAD Drivers/STM32F0xx_HAL_Driver/Src/stm32f0xx_hal_spi_ex.o
LOAD Drivers/STM32F0xx_HAL_Driver/Src/stm32f0xx_hal_tim.o
LOAD Drivers/STM32F0xx_HAL_Driver/Src/stm32f0xx_hal_tim_ex.o
LOAD Drivers/STM32F0xx_HAL_Driver/Src/stm32f0xx_hal_uart.o
LOAD Drivers/STM32F0xx_HAL_Driver/Src/stm32f0xx_hal_uart_ex.o
LOAD Middlewares/ST/BlueNRG-MS/hci/controller/bluenrg_IFR.o
LOAD Middlewares/ST/BlueNRG-MS/hci/controller/bluenrg_gap_aci.o
LOAD Middlewares/ST/BlueNRG-MS/hci/controller/bluenrg_gatt_aci.o
LOAD Middlewares/ST/BlueNRG-MS/hci/controller/bluenrg_hal_aci.o
LOAD Middlewares/ST/BlueNRG-MS/hci/controller/bluenrg_l2cap_aci.o
LOAD Middlewares/ST/BlueNRG-MS/hci/controller/bluenrg_updater_aci.o
LOAD Middlewares/ST/BlueNRG-MS/hci/controller/bluenrg_utils_small.o
LOAD Middlewares/ST/BlueNRG-MS/hci/hci_le.o
LOAD Middlewares/ST/BlueNRG-MS/hci/hci_tl_patterns/Basic/hci_tl.o
LOAD Middlewares/ST/BlueNRG-MS/utils/ble_list.o
START GROUP
LOAD /Applications/STM32CubeIDE.app/Contents/Eclipse/plugins/com.st.stm32cube.ide.mcu.externaltools.gnu-tools-for-stm32.7-2018-q2-update.macos64_1.4.0.202007081208/tools/bin/../lib/gcc/arm-none-eabi/7.3.1/../../../../arm-none-eabi/lib/thumb/v6-m/libc_nano.a
LOAD /Applications/STM32CubeIDE.app/Contents/Eclipse/plugins/com.st.stm32cube.ide.mcu.externaltools.gnu-tools-for-stm32.7-2018-q2-update.macos64_1.4.0.202007081208/tools/bin/../lib/gcc/arm-none-eabi/7.3.1/../../../../arm-none-eabi/lib/thumb/v6-m/libm.a
END GROUP
START GROUP
LOAD /Applications/STM32CubeIDE.app/Contents/Eclipse/plugins/com.st.stm32cube.ide.mcu.externaltools.gnu-tools-for-stm32.7-2018-q2-update.macos64_1.4.0.202007081208/tools/bin/../lib/gcc/arm-none-eabi/7.3.1/thumb/v6-m/libgcc.a
LOAD /Applications/STM32CubeIDE.app/Contents/Eclipse/plugins/com.st.stm32cube.ide.mcu.externaltools.gnu-tools-for-stm32.7-2018-q2-update.macos64_1.4.0.202007081208/tools/bin/../lib/gcc/arm-none-eabi/7.3.1/../../../../arm-none-eabi/lib/thumb/v6-m/libc_nano.a
END GROUP
START GROUP
LOAD /Applications/STM32CubeIDE.app/Contents/Eclipse/plugins/com.st.stm32cube.ide.mcu.externaltools.gnu-tools-for-stm32.7-2018-q2-update.macos64_1.4.0.202007081208/tools/bin/../lib/gcc/arm-none-eabi/7.3.1/thumb/v6-m/libgcc.a
LOAD /Applications/STM32CubeIDE.app/Contents/Eclipse/plugins/com.st.stm32cube.ide.mcu.externaltools.gnu-tools-for-stm32.7-2018-q2-update.macos64_1.4.0.202007081208/tools/bin/../lib/gcc/arm-none-eabi/7.3.1/../../../../arm-none-eabi/lib/thumb/v6-m/libc_nano.a
LOAD /Applications/STM32CubeIDE.app/Contents/Eclipse/plugins/com.st.stm32cube.ide.mcu.externaltools.gnu-tools-for-stm32.7-2018-q2-update.macos64_1.4.0.202007081208/tools/bin/../lib/gcc/arm-none-eabi/7.3.1/../../../../arm-none-eabi/lib/thumb/v6-m/libnosys.a
END GROUP
START GROUP
LOAD /Applications/STM32CubeIDE.app/Contents/Eclipse/plugins/com.st.stm32cube.ide.mcu.externaltools.gnu-tools-for-stm32.7-2018-q2-update.macos64_1.4.0.202007081208/tools/bin/../lib/gcc/arm-none-eabi/7.3.1/thumb/v6-m/libgcc.a
LOAD /Applications/STM32CubeIDE.app/Contents/Eclipse/plugins/com.st.stm32cube.ide.mcu.externaltools.gnu-tools-for-stm32.7-2018-q2-update.macos64_1.4.0.202007081208/tools/bin/../lib/gcc/arm-none-eabi/7.3.1/../../../../arm-none-eabi/lib/thumb/v6-m/libc_nano.a
LOAD /Applications/STM32CubeIDE.app/Contents/Eclipse/plugins/com.st.stm32cube.ide.mcu.externaltools.gnu-tools-for-stm32.7-2018-q2-update.macos64_1.4.0.202007081208/tools/bin/../lib/gcc/arm-none-eabi/7.3.1/../../../../arm-none-eabi/lib/thumb/v6-m/libnosys.a
END GROUP
LOAD /Applications/STM32CubeIDE.app/Contents/Eclipse/plugins/com.st.stm32cube.ide.mcu.externaltools.gnu-tools-for-stm32.7-2018-q2-update.macos64_1.4.0.202007081208/tools/bin/../lib/gcc/arm-none-eabi/7.3.1/thumb/v6-m/crtend.o
LOAD /Applications/STM32CubeIDE.app/Contents/Eclipse/plugins/com.st.stm32cube.ide.mcu.externaltools.gnu-tools-for-stm32.7-2018-q2-update.macos64_1.4.0.202007081208/tools/bin/../lib/gcc/arm-none-eabi/7.3.1/thumb/v6-m/crtn.o
                0x0000000020002000                _estack = (ORIGIN (RAM) + LENGTH (RAM))
                0x0000000000000200                _Min_Heap_Size = 0x200
                0x0000000000000400                _Min_Stack_Size = 0x400

.isr_vector     0x0000000008000000       0xc0
                0x0000000008000000                . = ALIGN (0x4)
 *(.isr_vector)
 .isr_vector    0x0000000008000000       0xc0 Core/Startup/startup_stm32f051k8tx.o
                0x0000000008000000                g_pfnVectors
                0x00000000080000c0                . = ALIGN (0x4)

.text           0x00000000080000c0     0x1b90
                0x00000000080000c0                . = ALIGN (0x4)
 *(.text)
 .text          0x00000000080000c0       0x48 /Applications/STM32CubeIDE.app/Contents/Eclipse/plugins/com.st.stm32cube.ide.mcu.externaltools.gnu-tools-for-stm32.7-2018-q2-update.macos64_1.4.0.202007081208/tools/bin/../lib/gcc/arm-none-eabi/7.3.1/thumb/v6-m/crtbegin.o
 .text          0x0000000008000108      0x114 /Applications/STM32CubeIDE.app/Contents/Eclipse/plugins/com.st.stm32cube.ide.mcu.externaltools.gnu-tools-for-stm32.7-2018-q2-update.macos64_1.4.0.202007081208/tools/bin/../lib/gcc/arm-none-eabi/7.3.1/thumb/v6-m/libgcc.a(_udivsi3.o)
                0x0000000008000108                __udivsi3
                0x0000000008000108                __aeabi_uidiv
                0x0000000008000214                __aeabi_uidivmod
 .text          0x000000000800021c        0x4 /Applications/STM32CubeIDE.app/Contents/Eclipse/plugins/com.st.stm32cube.ide.mcu.externaltools.gnu-tools-for-stm32.7-2018-q2-update.macos64_1.4.0.202007081208/tools/bin/../lib/gcc/arm-none-eabi/7.3.1/thumb/v6-m/libgcc.a(_dvmd_tls.o)
                0x000000000800021c                __aeabi_ldiv0
                0x000000000800021c                __aeabi_idiv0
 *(.text*)
 .text.main     0x0000000008000220       0x16 Core/Src/main.o
                0x0000000008000220                main
 .text.SystemClock_Config
                0x0000000008000236       0xae Core/Src/main.o
                0x0000000008000236                SystemClock_Config
 .text.MX_USART1_UART_Init
                0x00000000080002e4       0x60 Core/Src/main.o
 .text.MX_GPIO_Init
                0x0000000008000344       0x94 Core/Src/main.o
 .text.Error_Handler
                0x00000000080003d8        0xa Core/Src/main.o
                0x00000000080003d8                Error_Handler
 *fill*         0x00000000080003e2        0x2 
 .text.HAL_MspInit
                0x00000000080003e4       0x48 Core/Src/stm32f0xx_hal_msp.o
                0x00000000080003e4                HAL_MspInit
 .text.HAL_UART_MspInit
                0x000000000800042c       0x9c Core/Src/stm32f0xx_hal_msp.o
                0x000000000800042c                HAL_UART_MspInit
 .text.NMI_Handler
                0x00000000080004c8        0xa Core/Src/stm32f0xx_it.o
                0x00000000080004c8                NMI_Handler
 .text.HardFault_Handler
                0x00000000080004d2        0x6 Core/Src/stm32f0xx_it.o
                0x00000000080004d2                HardFault_Handler
 .text.SVC_Handler
                0x00000000080004d8        0xa Core/Src/stm32f0xx_it.o
                0x00000000080004d8                SVC_Handler
 .text.PendSV_Handler
                0x00000000080004e2        0xa Core/Src/stm32f0xx_it.o
                0x00000000080004e2                PendSV_Handler
 .text.SysTick_Handler
                0x00000000080004ec        0xe Core/Src/stm32f0xx_it.o
                0x00000000080004ec                SysTick_Handler
 .text.SystemInit
                0x00000000080004fa        0xa Core/Src/system_stm32f0xx.o
                0x00000000080004fa                SystemInit
 .text.Reset_Handler
                0x0000000008000504       0x50 Core/Startup/startup_stm32f051k8tx.o
                0x0000000008000504                Reset_Handler
 .text.Default_Handler
                0x0000000008000554        0x2 Core/Startup/startup_stm32f051k8tx.o
                0x0000000008000554                TIM1_BRK_UP_TRG_COM_IRQHandler
                0x0000000008000554                TSC_IRQHandler
                0x0000000008000554                ADC1_COMP_IRQHandler
                0x0000000008000554                PVD_IRQHandler
                0x0000000008000554                I2C1_IRQHandler
                0x0000000008000554                RCC_CRS_IRQHandler
                0x0000000008000554                SPI1_IRQHandler
                0x0000000008000554                TIM6_DAC_IRQHandler
                0x0000000008000554                EXTI2_3_IRQHandler
                0x0000000008000554                I2C2_IRQHandler
                0x0000000008000554                TIM17_IRQHandler
                0x0000000008000554                CEC_CAN_IRQHandler
                0x0000000008000554                RTC_IRQHandler
                0x0000000008000554                TIM16_IRQHandler
                0x0000000008000554                TIM3_IRQHandler
                0x0000000008000554                EXTI4_15_IRQHandler
                0x0000000008000554                DMA1_Channel1_IRQHandler
                0x0000000008000554                Default_Handler
                0x0000000008000554                TIM14_IRQHandler
                0x0000000008000554                DMA1_Channel4_5_IRQHandler
                0x0000000008000554                TIM15_IRQHandler
                0x0000000008000554                EXTI0_1_IRQHandler
                0x0000000008000554                SPI2_IRQHandler
                0x0000000008000554                WWDG_IRQHandler
                0x0000000008000554                TIM2_IRQHandler
                0x0000000008000554                DMA1_Channel2_3_IRQHandler
                0x0000000008000554                USART2_IRQHandler
                0x0000000008000554                FLASH_IRQHandler
                0x0000000008000554                USART1_IRQHandler
                0x0000000008000554                TIM1_CC_IRQHandler
 *fill*         0x0000000008000556        0x2 
 .text.HAL_Init
                0x0000000008000558       0x28 Drivers/STM32F0xx_HAL_Driver/Src/stm32f0xx_hal.o
                0x0000000008000558                HAL_Init
 .text.HAL_InitTick
                0x0000000008000580       0x68 Drivers/STM32F0xx_HAL_Driver/Src/stm32f0xx_hal.o
                0x0000000008000580                HAL_InitTick
 .text.HAL_IncTick
                0x00000000080005e8       0x24 Drivers/STM32F0xx_HAL_Driver/Src/stm32f0xx_hal.o
                0x00000000080005e8                HAL_IncTick
 .text.HAL_GetTick
                0x000000000800060c       0x14 Drivers/STM32F0xx_HAL_Driver/Src/stm32f0xx_hal.o
                0x000000000800060c                HAL_GetTick
 .text.__NVIC_SetPriority
                0x0000000008000620       0xdc Drivers/STM32F0xx_HAL_Driver/Src/stm32f0xx_hal_cortex.o
 .text.SysTick_Config
                0x00000000080006fc       0x48 Drivers/STM32F0xx_HAL_Driver/Src/stm32f0xx_hal_cortex.o
 .text.HAL_NVIC_SetPriority
                0x0000000008000744       0x2a Drivers/STM32F0xx_HAL_Driver/Src/stm32f0xx_hal_cortex.o
                0x0000000008000744                HAL_NVIC_SetPriority
 .text.HAL_SYSTICK_Config
                0x000000000800076e       0x1a Drivers/STM32F0xx_HAL_Driver/Src/stm32f0xx_hal_cortex.o
                0x000000000800076e                HAL_SYSTICK_Config
 .text.HAL_GPIO_Init
                0x0000000008000788      0x2e0 Drivers/STM32F0xx_HAL_Driver/Src/stm32f0xx_hal_gpio.o
                0x0000000008000788                HAL_GPIO_Init
 .text.HAL_GPIO_WritePin
                0x0000000008000a68       0x3a Drivers/STM32F0xx_HAL_Driver/Src/stm32f0xx_hal_gpio.o
                0x0000000008000a68                HAL_GPIO_WritePin
 *fill*         0x0000000008000aa2        0x2 
 .text.HAL_RCC_OscConfig
                0x0000000008000aa4      0x638 Drivers/STM32F0xx_HAL_Driver/Src/stm32f0xx_hal_rcc.o
                0x0000000008000aa4                HAL_RCC_OscConfig
 .text.HAL_RCC_ClockConfig
                0x00000000080010dc      0x19c Drivers/STM32F0xx_HAL_Driver/Src/stm32f0xx_hal_rcc.o
                0x00000000080010dc                HAL_RCC_ClockConfig
 .text.HAL_RCC_GetSysClockFreq
                0x0000000008001278       0xc8 Drivers/STM32F0xx_HAL_Driver/Src/stm32f0xx_hal_rcc.o
                0x0000000008001278                HAL_RCC_GetSysClockFreq
 .text.HAL_RCC_GetHCLKFreq
                0x0000000008001340       0x14 Drivers/STM32F0xx_HAL_Driver/Src/stm32f0xx_hal_rcc.o
                0x0000000008001340                HAL_RCC_GetHCLKFreq
 .text.HAL_RCC_GetPCLK1Freq
                0x0000000008001354       0x2c Drivers/STM32F0xx_HAL_Driver/Src/stm32f0xx_hal_rcc.o
                0x0000000008001354                HAL_RCC_GetPCLK1Freq
 .text.HAL_RCCEx_PeriphCLKConfig
                0x0000000008001380      0x1bc Drivers/STM32F0xx_HAL_Driver/Src/stm32f0xx_hal_rcc_ex.o
                0x0000000008001380                HAL_RCCEx_PeriphCLKConfig
 .text.HAL_UART_Init
                0x000000000800153c       0xa8 Drivers/STM32F0xx_HAL_Driver/Src/stm32f0xx_hal_uart.o
                0x000000000800153c                HAL_UART_Init
 .text.UART_SetConfig
                0x00000000080015e4      0x30c Drivers/STM32F0xx_HAL_Driver/Src/stm32f0xx_hal_uart.o
                0x00000000080015e4                UART_SetConfig
 .text.UART_AdvFeatureConfig
                0x00000000080018f0      0x168 Drivers/STM32F0xx_HAL_Driver/Src/stm32f0xx_hal_uart.o
                0x00000000080018f0                UART_AdvFeatureConfig
 .text.UART_CheckIdleState
                0x0000000008001a58       0x8c Drivers/STM32F0xx_HAL_Driver/Src/stm32f0xx_hal_uart.o
                0x0000000008001a58                UART_CheckIdleState
 .text.UART_WaitOnFlagUntilTimeout
                0x0000000008001ae4       0xfc Drivers/STM32F0xx_HAL_Driver/Src/stm32f0xx_hal_uart.o
                0x0000000008001ae4                UART_WaitOnFlagUntilTimeout
 .text.__libc_init_array
                0x0000000008001be0       0x48 /Applications/STM32CubeIDE.app/Contents/Eclipse/plugins/com.st.stm32cube.ide.mcu.externaltools.gnu-tools-for-stm32.7-2018-q2-update.macos64_1.4.0.202007081208/tools/bin/../lib/gcc/arm-none-eabi/7.3.1/../../../../arm-none-eabi/lib/thumb/v6-m/libc_nano.a(lib_a-init.o)
                0x0000000008001be0                __libc_init_array
 .text.memset   0x0000000008001c28       0x10 /Applications/STM32CubeIDE.app/Contents/Eclipse/plugins/com.st.stm32cube.ide.mcu.externaltools.gnu-tools-for-stm32.7-2018-q2-update.macos64_1.4.0.202007081208/tools/bin/../lib/gcc/arm-none-eabi/7.3.1/../../../../arm-none-eabi/lib/thumb/v6-m/libc_nano.a(lib_a-memset.o)
                0x0000000008001c28                memset
 *(.glue_7)
 .glue_7        0x0000000008001c38        0x0 linker stubs
 *(.glue_7t)
 .glue_7t       0x0000000008001c38        0x0 linker stubs
 *(.eh_frame)
 .eh_frame      0x0000000008001c38        0x0 /Applications/STM32CubeIDE.app/Contents/Eclipse/plugins/com.st.stm32cube.ide.mcu.externaltools.gnu-tools-for-stm32.7-2018-q2-update.macos64_1.4.0.202007081208/tools/bin/../lib/gcc/arm-none-eabi/7.3.1/thumb/v6-m/crtbegin.o
 *(.init)
 .init          0x0000000008001c38        0x4 /Applications/STM32CubeIDE.app/Contents/Eclipse/plugins/com.st.stm32cube.ide.mcu.externaltools.gnu-tools-for-stm32.7-2018-q2-update.macos64_1.4.0.202007081208/tools/bin/../lib/gcc/arm-none-eabi/7.3.1/thumb/v6-m/crti.o
                0x0000000008001c38                _init
 .init          0x0000000008001c3c        0x8 /Applications/STM32CubeIDE.app/Contents/Eclipse/plugins/com.st.stm32cube.ide.mcu.externaltools.gnu-tools-for-stm32.7-2018-q2-update.macos64_1.4.0.202007081208/tools/bin/../lib/gcc/arm-none-eabi/7.3.1/thumb/v6-m/crtn.o
 *(.fini)
 .fini          0x0000000008001c44        0x4 /Applications/STM32CubeIDE.app/Contents/Eclipse/plugins/com.st.stm32cube.ide.mcu.externaltools.gnu-tools-for-stm32.7-2018-q2-update.macos64_1.4.0.202007081208/tools/bin/../lib/gcc/arm-none-eabi/7.3.1/thumb/v6-m/crti.o
                0x0000000008001c44                _fini
 .fini          0x0000000008001c48        0x8 /Applications/STM32CubeIDE.app/Contents/Eclipse/plugins/com.st.stm32cube.ide.mcu.externaltools.gnu-tools-for-stm32.7-2018-q2-update.macos64_1.4.0.202007081208/tools/bin/../lib/gcc/arm-none-eabi/7.3.1/thumb/v6-m/crtn.o
                0x0000000008001c50                . = ALIGN (0x4)
                0x0000000008001c50                _etext = .

.vfp11_veneer   0x0000000008001c50        0x0
 .vfp11_veneer  0x0000000008001c50        0x0 linker stubs

.v4_bx          0x0000000008001c50        0x0
 .v4_bx         0x0000000008001c50        0x0 linker stubs

.iplt           0x0000000008001c50        0x0
 .iplt          0x0000000008001c50        0x0 /Applications/STM32CubeIDE.app/Contents/Eclipse/plugins/com.st.stm32cube.ide.mcu.externaltools.gnu-tools-for-stm32.7-2018-q2-update.macos64_1.4.0.202007081208/tools/bin/../lib/gcc/arm-none-eabi/7.3.1/thumb/v6-m/crtbegin.o

.rodata         0x0000000008001c50       0x38
                0x0000000008001c50                . = ALIGN (0x4)
 *(.rodata)
 .rodata        0x0000000008001c50       0x20 Drivers/STM32F0xx_HAL_Driver/Src/stm32f0xx_hal_rcc.o
 *(.rodata*)
 .rodata.AHBPrescTable
                0x0000000008001c70       0x10 Core/Src/system_stm32f0xx.o
                0x0000000008001c70                AHBPrescTable
 .rodata.APBPrescTable
                0x0000000008001c80        0x8 Core/Src/system_stm32f0xx.o
                0x0000000008001c80                APBPrescTable
                0x0000000008001c88                . = ALIGN (0x4)

.rel.dyn        0x0000000008001c88        0x0
 .rel.iplt      0x0000000008001c88        0x0 /Applications/STM32CubeIDE.app/Contents/Eclipse/plugins/com.st.stm32cube.ide.mcu.externaltools.gnu-tools-for-stm32.7-2018-q2-update.macos64_1.4.0.202007081208/tools/bin/../lib/gcc/arm-none-eabi/7.3.1/thumb/v6-m/crtbegin.o

.ARM.extab      0x0000000008001c88        0x0
                0x0000000008001c88                . = ALIGN (0x4)
 *(.ARM.extab* .gnu.linkonce.armextab.*)
                0x0000000008001c88                . = ALIGN (0x4)

.ARM            0x0000000008001c88        0x0
                0x0000000008001c88                . = ALIGN (0x4)
                0x0000000008001c88                __exidx_start = .
 *(.ARM.exidx*)
                0x0000000008001c88                __exidx_end = .
                0x0000000008001c88                . = ALIGN (0x4)

.preinit_array  0x0000000008001c88        0x0
                0x0000000008001c88                . = ALIGN (0x4)
                0x0000000008001c88                PROVIDE (__preinit_array_start = .)
 *(.preinit_array*)
                0x0000000008001c88                PROVIDE (__preinit_array_end = .)
                0x0000000008001c88                . = ALIGN (0x4)

.init_array     0x0000000008001c88        0x4
                0x0000000008001c88                . = ALIGN (0x4)
                0x0000000008001c88                PROVIDE (__init_array_start = .)
 *(SORT_BY_NAME(.init_array.*))
 *(.init_array*)
 .init_array    0x0000000008001c88        0x4 /Applications/STM32CubeIDE.app/Contents/Eclipse/plugins/com.st.stm32cube.ide.mcu.externaltools.gnu-tools-for-stm32.7-2018-q2-update.macos64_1.4.0.202007081208/tools/bin/../lib/gcc/arm-none-eabi/7.3.1/thumb/v6-m/crtbegin.o
                0x0000000008001c8c                PROVIDE (__init_array_end = .)
                0x0000000008001c8c                . = ALIGN (0x4)

.fini_array     0x0000000008001c8c        0x4
                0x0000000008001c8c                . = ALIGN (0x4)
                [!provide]                        PROVIDE (__fini_array_start = .)
 *(SORT_BY_NAME(.fini_array.*))
 *(.fini_array*)
 .fini_array    0x0000000008001c8c        0x4 /Applications/STM32CubeIDE.app/Contents/Eclipse/plugins/com.st.stm32cube.ide.mcu.externaltools.gnu-tools-for-stm32.7-2018-q2-update.macos64_1.4.0.202007081208/tools/bin/../lib/gcc/arm-none-eabi/7.3.1/thumb/v6-m/crtbegin.o
                [!provide]                        PROVIDE (__fini_array_end = .)
                0x0000000008001c90                . = ALIGN (0x4)
                0x0000000008001c90                _sidata = LOADADDR (.data)

.data           0x0000000020000000        0xc load address 0x0000000008001c90
                0x0000000020000000                . = ALIGN (0x4)
                0x0000000020000000                _sdata = .
 *(.data)
 *(.data*)
 .data.SystemCoreClock
                0x0000000020000000        0x4 Core/Src/system_stm32f0xx.o
                0x0000000020000000                SystemCoreClock
 .data.uwTickPrio
                0x0000000020000004        0x4 Drivers/STM32F0xx_HAL_Driver/Src/stm32f0xx_hal.o
                0x0000000020000004                uwTickPrio
 .data.uwTickFreq
                0x0000000020000008        0x1 Drivers/STM32F0xx_HAL_Driver/Src/stm32f0xx_hal.o
                0x0000000020000008                uwTickFreq
                0x000000002000000c                . = ALIGN (0x4)
 *fill*         0x0000000020000009        0x3 
                0x000000002000000c                _edata = .

.igot.plt       0x000000002000000c        0x0 load address 0x0000000008001c9c
 .igot.plt      0x000000002000000c        0x0 /Applications/STM32CubeIDE.app/Contents/Eclipse/plugins/com.st.stm32cube.ide.mcu.externaltools.gnu-tools-for-stm32.7-2018-q2-update.macos64_1.4.0.202007081208/tools/bin/../lib/gcc/arm-none-eabi/7.3.1/thumb/v6-m/crtbegin.o
                0x000000002000000c                . = ALIGN (0x4)

.bss            0x000000002000000c       0xa0 load address 0x0000000008001c9c
                0x000000002000000c                _sbss = .
                0x000000002000000c                __bss_start__ = _sbss
 *(.bss)
 .bss           0x000000002000000c       0x1c /Applications/STM32CubeIDE.app/Contents/Eclipse/plugins/com.st.stm32cube.ide.mcu.externaltools.gnu-tools-for-stm32.7-2018-q2-update.macos64_1.4.0.202007081208/tools/bin/../lib/gcc/arm-none-eabi/7.3.1/thumb/v6-m/crtbegin.o
 *(.bss*)
 *(COMMON)
 COMMON         0x0000000020000028       0x80 Core/Src/main.o
                0x0000000020000028                huart1
 COMMON         0x00000000200000a8        0x4 Drivers/STM32F0xx_HAL_Driver/Src/stm32f0xx_hal.o
                0x00000000200000a8                uwTick
                0x00000000200000ac                . = ALIGN (0x4)
                0x00000000200000ac                _ebss = .
                0x00000000200000ac                __bss_end__ = _ebss

._user_heap_stack
                0x00000000200000ac      0x604 load address 0x0000000008001c9c
                0x00000000200000b0                . = ALIGN (0x8)
 *fill*         0x00000000200000ac        0x4 
                [!provide]                        PROVIDE (end = .)
                0x00000000200000b0                PROVIDE (_end = .)
                0x00000000200002b0                . = (. + _Min_Heap_Size)
 *fill*         0x00000000200000b0      0x200 
                0x00000000200006b0                . = (. + _Min_Stack_Size)
 *fill*         0x00000000200002b0      0x400 
                0x00000000200006b0                . = ALIGN (0x8)

/DISCARD/
 libc.a(*)
 libm.a(*)
 libgcc.a(*)

.ARM.attributes
                0x0000000000000000       0x28
 *(.ARM.attributes)
 .ARM.attributes
                0x0000000000000000       0x1e /Applications/STM32CubeIDE.app/Contents/Eclipse/plugins/com.st.stm32cube.ide.mcu.externaltools.gnu-tools-for-stm32.7-2018-q2-update.macos64_1.4.0.202007081208/tools/bin/../lib/gcc/arm-none-eabi/7.3.1/thumb/v6-m/crti.o
 .ARM.attributes
                0x000000000000001e       0x2c /Applications/STM32CubeIDE.app/Contents/Eclipse/plugins/com.st.stm32cube.ide.mcu.externaltools.gnu-tools-for-stm32.7-2018-q2-update.macos64_1.4.0.202007081208/tools/bin/../lib/gcc/arm-none-eabi/7.3.1/thumb/v6-m/crtbegin.o
 .ARM.attributes
                0x000000000000004a       0x31 Core/Src/main.o
 .ARM.attributes
                0x000000000000007b       0x31 Core/Src/stm32f0xx_hal_msp.o
 .ARM.attributes
                0x00000000000000ac       0x31 Core/Src/stm32f0xx_it.o
 .ARM.attributes
                0x00000000000000dd       0x31 Core/Src/system_stm32f0xx.o
 .ARM.attributes
                0x000000000000010e       0x21 Core/Startup/startup_stm32f051k8tx.o
 .ARM.attributes
                0x000000000000012f       0x31 Drivers/STM32F0xx_HAL_Driver/Src/stm32f0xx_hal.o
 .ARM.attributes
                0x0000000000000160       0x31 Drivers/STM32F0xx_HAL_Driver/Src/stm32f0xx_hal_cortex.o
 .ARM.attributes
                0x0000000000000191       0x31 Drivers/STM32F0xx_HAL_Driver/Src/stm32f0xx_hal_gpio.o
 .ARM.attributes
                0x00000000000001c2       0x31 Drivers/STM32F0xx_HAL_Driver/Src/stm32f0xx_hal_rcc.o
 .ARM.attributes
                0x00000000000001f3       0x31 Drivers/STM32F0xx_HAL_Driver/Src/stm32f0xx_hal_rcc_ex.o
 .ARM.attributes
                0x0000000000000224       0x31 Drivers/STM32F0xx_HAL_Driver/Src/stm32f0xx_hal_uart.o
 .ARM.attributes
                0x0000000000000255       0x2c /Applications/STM32CubeIDE.app/Contents/Eclipse/plugins/com.st.stm32cube.ide.mcu.externaltools.gnu-tools-for-stm32.7-2018-q2-update.macos64_1.4.0.202007081208/tools/bin/../lib/gcc/arm-none-eabi/7.3.1/../../../../arm-none-eabi/lib/thumb/v6-m/libc_nano.a(lib_a-init.o)
 .ARM.attributes
                0x0000000000000281       0x2c /Applications/STM32CubeIDE.app/Contents/Eclipse/plugins/com.st.stm32cube.ide.mcu.externaltools.gnu-tools-for-stm32.7-2018-q2-update.macos64_1.4.0.202007081208/tools/bin/../lib/gcc/arm-none-eabi/7.3.1/../../../../arm-none-eabi/lib/thumb/v6-m/libc_nano.a(lib_a-memset.o)
 .ARM.attributes
                0x00000000000002ad       0x1e /Applications/STM32CubeIDE.app/Contents/Eclipse/plugins/com.st.stm32cube.ide.mcu.externaltools.gnu-tools-for-stm32.7-2018-q2-update.macos64_1.4.0.202007081208/tools/bin/../lib/gcc/arm-none-eabi/7.3.1/thumb/v6-m/libgcc.a(_udivsi3.o)
 .ARM.attributes
                0x00000000000002cb       0x1e /Applications/STM32CubeIDE.app/Contents/Eclipse/plugins/com.st.stm32cube.ide.mcu.externaltools.gnu-tools-for-stm32.7-2018-q2-update.macos64_1.4.0.202007081208/tools/bin/../lib/gcc/arm-none-eabi/7.3.1/thumb/v6-m/libgcc.a(_dvmd_tls.o)
 .ARM.attributes
                0x00000000000002e9       0x1e /Applications/STM32CubeIDE.app/Contents/Eclipse/plugins/com.st.stm32cube.ide.mcu.externaltools.gnu-tools-for-stm32.7-2018-q2-update.macos64_1.4.0.202007081208/tools/bin/../lib/gcc/arm-none-eabi/7.3.1/thumb/v6-m/crtn.o
OUTPUT(F051_BLE_Test.elf elf32-littlearm)

.debug_info     0x0000000000000000     0x5851
 .debug_info    0x0000000000000000      0xd46 Core/Src/main.o
 .debug_info    0x0000000000000d46      0xbb3 Core/Src/stm32f0xx_hal_msp.o
 .debug_info    0x00000000000018f9      0x68e Core/Src/stm32f0xx_it.o
 .debug_info    0x0000000000001f87      0x29e Core/Src/system_stm32f0xx.o
 .debug_info    0x0000000000002225       0x22 Core/Startup/startup_stm32f051k8tx.o
 .debug_info    0x0000000000002247      0x6a8 Drivers/STM32F0xx_HAL_Driver/Src/stm32f0xx_hal.o
 .debug_info    0x00000000000028ef      0x77a Drivers/STM32F0xx_HAL_Driver/Src/stm32f0xx_hal_cortex.o
 .debug_info    0x0000000000003069      0x682 Drivers/STM32F0xx_HAL_Driver/Src/stm32f0xx_hal_gpio.o
 .debug_info    0x00000000000036eb      0x821 Drivers/STM32F0xx_HAL_Driver/Src/stm32f0xx_hal_rcc.o
 .debug_info    0x0000000000003f0c      0x3d8 Drivers/STM32F0xx_HAL_Driver/Src/stm32f0xx_hal_rcc_ex.o
 .debug_info    0x00000000000042e4     0x156d Drivers/STM32F0xx_HAL_Driver/Src/stm32f0xx_hal_uart.o

.debug_abbrev   0x0000000000000000     0x11be
 .debug_abbrev  0x0000000000000000      0x1d2 Core/Src/main.o
 .debug_abbrev  0x00000000000001d2      0x193 Core/Src/stm32f0xx_hal_msp.o
 .debug_abbrev  0x0000000000000365      0x15f Core/Src/stm32f0xx_it.o
 .debug_abbrev  0x00000000000004c4      0x12b Core/Src/system_stm32f0xx.o
 .debug_abbrev  0x00000000000005ef       0x12 Core/Startup/startup_stm32f051k8tx.o
 .debug_abbrev  0x0000000000000601      0x1f2 Drivers/STM32F0xx_HAL_Driver/Src/stm32f0xx_hal.o
 .debug_abbrev  0x00000000000007f3      0x273 Drivers/STM32F0xx_HAL_Driver/Src/stm32f0xx_hal_cortex.o
 .debug_abbrev  0x0000000000000a66      0x1c0 Drivers/STM32F0xx_HAL_Driver/Src/stm32f0xx_hal_gpio.o
 .debug_abbrev  0x0000000000000c26      0x20f Drivers/STM32F0xx_HAL_Driver/Src/stm32f0xx_hal_rcc.o
 .debug_abbrev  0x0000000000000e35      0x175 Drivers/STM32F0xx_HAL_Driver/Src/stm32f0xx_hal_rcc_ex.o
 .debug_abbrev  0x0000000000000faa      0x214 Drivers/STM32F0xx_HAL_Driver/Src/stm32f0xx_hal_uart.o

.debug_aranges  0x0000000000000000      0x5a8
 .debug_aranges
                0x0000000000000000       0x40 Core/Src/main.o
 .debug_aranges
                0x0000000000000040       0x30 Core/Src/stm32f0xx_hal_msp.o
 .debug_aranges
                0x0000000000000070       0x40 Core/Src/stm32f0xx_it.o
 .debug_aranges
                0x00000000000000b0       0x28 Core/Src/system_stm32f0xx.o
 .debug_aranges
                0x00000000000000d8       0x28 Core/Startup/startup_stm32f051k8tx.o
 .debug_aranges
                0x0000000000000100       0xd0 Drivers/STM32F0xx_HAL_Driver/Src/stm32f0xx_hal.o
 .debug_aranges
                0x00000000000001d0       0xc0 Drivers/STM32F0xx_HAL_Driver/Src/stm32f0xx_hal_cortex.o
 .debug_aranges
                0x0000000000000290       0x58 Drivers/STM32F0xx_HAL_Driver/Src/stm32f0xx_hal_gpio.o
 .debug_aranges
                0x00000000000002e8       0x80 Drivers/STM32F0xx_HAL_Driver/Src/stm32f0xx_hal_rcc.o
 .debug_aranges
                0x0000000000000368       0x30 Drivers/STM32F0xx_HAL_Driver/Src/stm32f0xx_hal_rcc_ex.o
 .debug_aranges
                0x0000000000000398      0x210 Drivers/STM32F0xx_HAL_Driver/Src/stm32f0xx_hal_uart.o

.debug_ranges   0x0000000000000000      0x500
 .debug_ranges  0x0000000000000000       0x30 Core/Src/main.o
 .debug_ranges  0x0000000000000030       0x20 Core/Src/stm32f0xx_hal_msp.o
 .debug_ranges  0x0000000000000050       0x30 Core/Src/stm32f0xx_it.o
 .debug_ranges  0x0000000000000080       0x18 Core/Src/system_stm32f0xx.o
 .debug_ranges  0x0000000000000098       0x20 Core/Startup/startup_stm32f051k8tx.o
 .debug_ranges  0x00000000000000b8       0xc0 Drivers/STM32F0xx_HAL_Driver/Src/stm32f0xx_hal.o
 .debug_ranges  0x0000000000000178       0xb0 Drivers/STM32F0xx_HAL_Driver/Src/stm32f0xx_hal_cortex.o
 .debug_ranges  0x0000000000000228       0x48 Drivers/STM32F0xx_HAL_Driver/Src/stm32f0xx_hal_gpio.o
 .debug_ranges  0x0000000000000270       0x70 Drivers/STM32F0xx_HAL_Driver/Src/stm32f0xx_hal_rcc.o
 .debug_ranges  0x00000000000002e0       0x20 Drivers/STM32F0xx_HAL_Driver/Src/stm32f0xx_hal_rcc_ex.o
 .debug_ranges  0x0000000000000300      0x200 Drivers/STM32F0xx_HAL_Driver/Src/stm32f0xx_hal_uart.o

.debug_macro    0x0000000000000000     0x12b5
 .debug_macro   0x0000000000000000      0x1f4 Core/Src/main.o
 .debug_macro   0x00000000000001f4       0x2e Core/Src/main.o
 .debug_macro   0x0000000000000222      0x1f4 Core/Src/stm32f0xx_hal_msp.o
 .debug_macro   0x0000000000000416      0x1fe Core/Src/stm32f0xx_it.o
 .debug_macro   0x0000000000000614      0x1ba Core/Src/system_stm32f0xx.o
 .debug_macro   0x00000000000007ce      0x1de Drivers/STM32F0xx_HAL_Driver/Src/stm32f0xx_hal.o
 .debug_macro   0x00000000000009ac      0x1ba Drivers/STM32F0xx_HAL_Driver/Src/stm32f0xx_hal_cortex.o
 .debug_macro   0x0000000000000b66      0x1f2 Drivers/STM32F0xx_HAL_Driver/Src/stm32f0xx_hal_gpio.o
 .debug_macro   0x0000000000000d58      0x1cc Drivers/STM32F0xx_HAL_Driver/Src/stm32f0xx_hal_rcc.o
 .debug_macro   0x0000000000000f24      0x1ba Drivers/STM32F0xx_HAL_Driver/Src/stm32f0xx_hal_rcc_ex.o
 .debug_macro   0x00000000000010de      0x1d7 Drivers/STM32F0xx_HAL_Driver/Src/stm32f0xx_hal_uart.o

.debug_line     0x0000000000000000     0x59c2
 .debug_line    0x0000000000000000      0x794 Core/Src/main.o
 .debug_line    0x0000000000000794      0x759 Core/Src/stm32f0xx_hal_msp.o
 .debug_line    0x0000000000000eed      0x77e Core/Src/stm32f0xx_it.o
 .debug_line    0x000000000000166b      0x6e6 Core/Src/system_stm32f0xx.o
 .debug_line    0x0000000000001d51       0x89 Core/Startup/startup_stm32f051k8tx.o
 .debug_line    0x0000000000001dda      0x882 Drivers/STM32F0xx_HAL_Driver/Src/stm32f0xx_hal.o
 .debug_line    0x000000000000265c      0x89a Drivers/STM32F0xx_HAL_Driver/Src/stm32f0xx_hal_cortex.o
 .debug_line    0x0000000000002ef6      0x845 Drivers/STM32F0xx_HAL_Driver/Src/stm32f0xx_hal_gpio.o
 .debug_line    0x000000000000373b      0x943 Drivers/STM32F0xx_HAL_Driver/Src/stm32f0xx_hal_rcc.o
 .debug_line    0x000000000000407e      0x7c1 Drivers/STM32F0xx_HAL_Driver/Src/stm32f0xx_hal_rcc_ex.o
 .debug_line    0x000000000000483f     0x1183 Drivers/STM32F0xx_HAL_Driver/Src/stm32f0xx_hal_uart.o

.debug_str      0x0000000000000000    0x4e941
 .debug_str     0x0000000000000000    0x4d3f6 Core/Src/main.o
                                      0x4d678 (size before relaxing)
 .debug_str     0x000000000004d3f6       0x56 Core/Src/stm32f0xx_hal_msp.o
                                      0x4d489 (size before relaxing)
 .debug_str     0x000000000004d44c       0x76 Core/Src/stm32f0xx_it.o
                                      0x4d255 (size before relaxing)
 .debug_str     0x000000000004d4c2       0x5f Core/Src/system_stm32f0xx.o
                                      0x4c776 (size before relaxing)
 .debug_str     0x000000000004d521       0x36 Core/Startup/startup_stm32f051k8tx.o
                                         0x81 (size before relaxing)
 .debug_str     0x000000000004d557      0x4d2 Drivers/STM32F0xx_HAL_Driver/Src/stm32f0xx_hal.o
                                      0x4ccb0 (size before relaxing)
 .debug_str     0x000000000004da29      0x20c Drivers/STM32F0xx_HAL_Driver/Src/stm32f0xx_hal_cortex.o
                                      0x4cb68 (size before relaxing)
 .debug_str     0x000000000004dc35      0x20e Drivers/STM32F0xx_HAL_Driver/Src/stm32f0xx_hal_gpio.o
                                      0x4ca12 (size before relaxing)
 .debug_str     0x000000000004de43      0x254 Drivers/STM32F0xx_HAL_Driver/Src/stm32f0xx_hal_rcc.o
                                      0x4cb80 (size before relaxing)
 .debug_str     0x000000000004e097       0xb1 Drivers/STM32F0xx_HAL_Driver/Src/stm32f0xx_hal_rcc_ex.o
                                      0x4c8c4 (size before relaxing)
 .debug_str     0x000000000004e148      0x7f9 Drivers/STM32F0xx_HAL_Driver/Src/stm32f0xx_hal_uart.o
                                      0x4d38b (size before relaxing)

.comment        0x0000000000000000       0x7b
 .comment       0x0000000000000000       0x7b Core/Src/main.o
                                         0x7c (size before relaxing)
 .comment       0x000000000000007b       0x7c Core/Src/stm32f0xx_hal_msp.o
 .comment       0x000000000000007b       0x7c Core/Src/stm32f0xx_it.o
 .comment       0x000000000000007b       0x7c Core/Src/system_stm32f0xx.o
 .comment       0x000000000000007b       0x7c Drivers/STM32F0xx_HAL_Driver/Src/stm32f0xx_hal.o
 .comment       0x000000000000007b       0x7c Drivers/STM32F0xx_HAL_Driver/Src/stm32f0xx_hal_cortex.o
 .comment       0x000000000000007b       0x7c Drivers/STM32F0xx_HAL_Driver/Src/stm32f0xx_hal_gpio.o
 .comment       0x000000000000007b       0x7c Drivers/STM32F0xx_HAL_Driver/Src/stm32f0xx_hal_rcc.o
 .comment       0x000000000000007b       0x7c Drivers/STM32F0xx_HAL_Driver/Src/stm32f0xx_hal_rcc_ex.o
 .comment       0x000000000000007b       0x7c Drivers/STM32F0xx_HAL_Driver/Src/stm32f0xx_hal_uart.o

.debug_frame    0x0000000000000000     0x12b4
 .debug_frame   0x0000000000000000       0xa4 Core/Src/main.o
 .debug_frame   0x00000000000000a4       0x70 Core/Src/stm32f0xx_hal_msp.o
 .debug_frame   0x0000000000000114       0x9c Core/Src/stm32f0xx_it.o
 .debug_frame   0x00000000000001b0       0x4c Core/Src/system_stm32f0xx.o
 .debug_frame   0x00000000000001fc      0x2a4 Drivers/STM32F0xx_HAL_Driver/Src/stm32f0xx_hal.o
 .debug_frame   0x00000000000004a0      0x2a0 Drivers/STM32F0xx_HAL_Driver/Src/stm32f0xx_hal_cortex.o
 .debug_frame   0x0000000000000740      0x110 Drivers/STM32F0xx_HAL_Driver/Src/stm32f0xx_hal_gpio.o
 .debug_frame   0x0000000000000850      0x198 Drivers/STM32F0xx_HAL_Driver/Src/stm32f0xx_hal_rcc.o
 .debug_frame   0x00000000000009e8       0x70 Drivers/STM32F0xx_HAL_Driver/Src/stm32f0xx_hal_rcc_ex.o
 .debug_frame   0x0000000000000a58      0x7f0 Drivers/STM32F0xx_HAL_Driver/Src/stm32f0xx_hal_uart.o
 .debug_frame   0x0000000000001248       0x2c /Applications/STM32CubeIDE.app/Contents/Eclipse/plugins/com.st.stm32cube.ide.mcu.externaltools.gnu-tools-for-stm32.7-2018-q2-update.macos64_1.4.0.202007081208/tools/bin/../lib/gcc/arm-none-eabi/7.3.1/../../../../arm-none-eabi/lib/thumb/v6-m/libc_nano.a(lib_a-init.o)
 .debug_frame   0x0000000000001274       0x20 /Applications/STM32CubeIDE.app/Contents/Eclipse/plugins/com.st.stm32cube.ide.mcu.externaltools.gnu-tools-for-stm32.7-2018-q2-update.macos64_1.4.0.202007081208/tools/bin/../lib/gcc/arm-none-eabi/7.3.1/../../../../arm-none-eabi/lib/thumb/v6-m/libc_nano.a(lib_a-memset.o)
 .debug_frame   0x0000000000001294       0x20 /Applications/STM32CubeIDE.app/Contents/Eclipse/plugins/com.st.stm32cube.ide.mcu.externaltools.gnu-tools-for-stm32.7-2018-q2-update.macos64_1.4.0.202007081208/tools/bin/../lib/gcc/arm-none-eabi/7.3.1/thumb/v6-m/libgcc.a(_udivsi3.o)
