14:27:31 **** Build of configuration Debug for project L053_BLE_Test ****
make -j15 all 
arm-none-eabi-gcc "../Middlewares/ST/BlueNRG-MS/utils/ble_list.c" -mcpu=cortex-m0plus -std=gnu11 -g3 -DUSE_HAL_DRIVER -DSTM32L053xx -DDEBUG -c -I../Core/Inc -I../Drivers/STM32L0xx_HAL_Driver/Inc -I../Drivers/STM32L0xx_HAL_Driver/Inc/Legacy -I../Drivers/CMSIS/Device/ST/STM32L0xx/Include -I../Drivers/CMSIS/Include -I../BlueNRG-MS/Target -I../Middlewares/ST/BlueNRG-MS/utils -I../Middlewares/ST/BlueNRG-MS/includes -I../Middlewares/ST/BlueNRG-MS/hci/hci_tl_patterns/Basic -O0 -ffunction-sections -fdata-sections -Wall -fstack-usage -MMD -MP -MF"Middlewares/ST/BlueNRG-MS/utils/ble_list.d" -MT"Middlewares/ST/BlueNRG-MS/utils/ble_list.o" --specs=nano.specs -mfloat-abi=soft -mthumb -o "Middlewares/ST/BlueNRG-MS/utils/ble_list.o"
arm-none-eabi-gcc "../Middlewares/ST/BlueNRG-MS/hci/hci_tl_patterns/Basic/hci_tl.c" -mcpu=cortex-m0plus -std=gnu11 -g3 -DUSE_HAL_DRIVER -DSTM32L053xx -DDEBUG -c -I../Core/Inc -I../Drivers/STM32L0xx_HAL_Driver/Inc -I../Drivers/STM32L0xx_HAL_Driver/Inc/Legacy -I../Drivers/CMSIS/Device/ST/STM32L0xx/Include -I../Drivers/CMSIS/Include -I../BlueNRG-MS/Target -I../Middlewares/ST/BlueNRG-MS/utils -I../Middlewares/ST/BlueNRG-MS/includes -I../Middlewares/ST/BlueNRG-MS/hci/hci_tl_patterns/Basic -O0 -ffunction-sections -fdata-sections -Wall -fstack-usage -MMD -MP -MF"Middlewares/ST/BlueNRG-MS/hci/hci_tl_patterns/Basic/hci_tl.d" -MT"Middlewares/ST/BlueNRG-MS/hci/hci_tl_patterns/Basic/hci_tl.o" --specs=nano.specs -mfloat-abi=soft -mthumb -o "Middlewares/ST/BlueNRG-MS/hci/hci_tl_patterns/Basic/hci_tl.o"
arm-none-eabi-gcc "../Middlewares/ST/BlueNRG-MS/hci/controller/bluenrg_IFR.c" -mcpu=cortex-m0plus -std=gnu11 -g3 -DUSE_HAL_DRIVER -DSTM32L053xx -DDEBUG -c -I../Core/Inc -I../Drivers/STM32L0xx_HAL_Driver/Inc -I../Drivers/STM32L0xx_HAL_Driver/Inc/Legacy -I../Drivers/CMSIS/Device/ST/STM32L0xx/Include -I../Drivers/CMSIS/Include -I../BlueNRG-MS/Target -I../Middlewares/ST/BlueNRG-MS/utils -I../Middlewares/ST/BlueNRG-MS/includes -I../Middlewares/ST/BlueNRG-MS/hci/hci_tl_patterns/Basic -O0 -ffunction-sections -fdata-sections -Wall -fstack-usage -MMD -MP -MF"Middlewares/ST/BlueNRG-MS/hci/controller/bluenrg_IFR.d" -MT"Middlewares/ST/BlueNRG-MS/hci/controller/bluenrg_IFR.o" --specs=nano.specs -mfloat-abi=soft -mthumb -o "Middlewares/ST/BlueNRG-MS/hci/controller/bluenrg_IFR.o"
arm-none-eabi-gcc "../Middlewares/ST/BlueNRG-MS/hci/controller/bluenrg_gap_aci.c" -mcpu=cortex-m0plus -std=gnu11 -g3 -DUSE_HAL_DRIVER -DSTM32L053xx -DDEBUG -c -I../Core/Inc -I../Drivers/STM32L0xx_HAL_Driver/Inc -I../Drivers/STM32L0xx_HAL_Driver/Inc/Legacy -I../Drivers/CMSIS/Device/ST/STM32L0xx/Include -I../Drivers/CMSIS/Include -I../BlueNRG-MS/Target -I../Middlewares/ST/BlueNRG-MS/utils -I../Middlewares/ST/BlueNRG-MS/includes -I../Middlewares/ST/BlueNRG-MS/hci/hci_tl_patterns/Basic -O0 -ffunction-sections -fdata-sections -Wall -fstack-usage -MMD -MP -MF"Middlewares/ST/BlueNRG-MS/hci/controller/bluenrg_gap_aci.d" -MT"Middlewares/ST/BlueNRG-MS/hci/controller/bluenrg_gap_aci.o" --specs=nano.specs -mfloat-abi=soft -mthumb -o "Middlewares/ST/BlueNRG-MS/hci/controller/bluenrg_gap_aci.o"
arm-none-eabi-gcc "../Middlewares/ST/BlueNRG-MS/hci/controller/bluenrg_gatt_aci.c" -mcpu=cortex-m0plus -std=gnu11 -g3 -DUSE_HAL_DRIVER -DSTM32L053xx -DDEBUG -c -I../Core/Inc -I../Drivers/STM32L0xx_HAL_Driver/Inc -I../Drivers/STM32L0xx_HAL_Driver/Inc/Legacy -I../Drivers/CMSIS/Device/ST/STM32L0xx/Include -I../Drivers/CMSIS/Include -I../BlueNRG-MS/Target -I../Middlewares/ST/BlueNRG-MS/utils -I../Middlewares/ST/BlueNRG-MS/includes -I../Middlewares/ST/BlueNRG-MS/hci/hci_tl_patterns/Basic -O0 -ffunction-sections -fdata-sections -Wall -fstack-usage -MMD -MP -MF"Middlewares/ST/BlueNRG-MS/hci/controller/bluenrg_gatt_aci.d" -MT"Middlewares/ST/BlueNRG-MS/hci/controller/bluenrg_gatt_aci.o" --specs=nano.specs -mfloat-abi=soft -mthumb -o "Middlewares/ST/BlueNRG-MS/hci/controller/bluenrg_gatt_aci.o"
arm-none-eabi-gcc "../Middlewares/ST/BlueNRG-MS/hci/controller/bluenrg_hal_aci.c" -mcpu=cortex-m0plus -std=gnu11 -g3 -DUSE_HAL_DRIVER -DSTM32L053xx -DDEBUG -c -I../Core/Inc -I../Drivers/STM32L0xx_HAL_Driver/Inc -I../Drivers/STM32L0xx_HAL_Driver/Inc/Legacy -I../Drivers/CMSIS/Device/ST/STM32L0xx/Include -I../Drivers/CMSIS/Include -I../BlueNRG-MS/Target -I../Middlewares/ST/BlueNRG-MS/utils -I../Middlewares/ST/BlueNRG-MS/includes -I../Middlewares/ST/BlueNRG-MS/hci/hci_tl_patterns/Basic -O0 -ffunction-sections -fdata-sections -Wall -fstack-usage -MMD -MP -MF"Middlewares/ST/BlueNRG-MS/hci/controller/bluenrg_hal_aci.d" -MT"Middlewares/ST/BlueNRG-MS/hci/controller/bluenrg_hal_aci.o" --specs=nano.specs -mfloat-abi=soft -mthumb -o "Middlewares/ST/BlueNRG-MS/hci/controller/bluenrg_hal_aci.o"
arm-none-eabi-gcc "../Middlewares/ST/BlueNRG-MS/hci/controller/bluenrg_l2cap_aci.c" -mcpu=cortex-m0plus -std=gnu11 -g3 -DUSE_HAL_DRIVER -DSTM32L053xx -DDEBUG -c -I../Core/Inc -I../Drivers/STM32L0xx_HAL_Driver/Inc -I../Drivers/STM32L0xx_HAL_Driver/Inc/Legacy -I../Drivers/CMSIS/Device/ST/STM32L0xx/Include -I../Drivers/CMSIS/Include -I../BlueNRG-MS/Target -I../Middlewares/ST/BlueNRG-MS/utils -I../Middlewares/ST/BlueNRG-MS/includes -I../Middlewares/ST/BlueNRG-MS/hci/hci_tl_patterns/Basic -O0 -ffunction-sections -fdata-sections -Wall -fstack-usage -MMD -MP -MF"Middlewares/ST/BlueNRG-MS/hci/controller/bluenrg_l2cap_aci.d" -MT"Middlewares/ST/BlueNRG-MS/hci/controller/bluenrg_l2cap_aci.o" --specs=nano.specs -mfloat-abi=soft -mthumb -o "Middlewares/ST/BlueNRG-MS/hci/controller/bluenrg_l2cap_aci.o"
arm-none-eabi-gcc "../Middlewares/ST/BlueNRG-MS/hci/controller/bluenrg_updater_aci.c" -mcpu=cortex-m0plus -std=gnu11 -g3 -DUSE_HAL_DRIVER -DSTM32L053xx -DDEBUG -c -I../Core/Inc -I../Drivers/STM32L0xx_HAL_Driver/Inc -I../Drivers/STM32L0xx_HAL_Driver/Inc/Legacy -I../Drivers/CMSIS/Device/ST/STM32L0xx/Include -I../Drivers/CMSIS/Include -I../BlueNRG-MS/Target -I../Middlewares/ST/BlueNRG-MS/utils -I../Middlewares/ST/BlueNRG-MS/includes -I../Middlewares/ST/BlueNRG-MS/hci/hci_tl_patterns/Basic -O0 -ffunction-sections -fdata-sections -Wall -fstack-usage -MMD -MP -MF"Middlewares/ST/BlueNRG-MS/hci/controller/bluenrg_updater_aci.d" -MT"Middlewares/ST/BlueNRG-MS/hci/controller/bluenrg_updater_aci.o" --specs=nano.specs -mfloat-abi=soft -mthumb -o "Middlewares/ST/BlueNRG-MS/hci/controller/bluenrg_updater_aci.o"
arm-none-eabi-gcc "../Middlewares/ST/BlueNRG-MS/hci/controller/bluenrg_utils_small.c" -mcpu=cortex-m0plus -std=gnu11 -g3 -DUSE_HAL_DRIVER -DSTM32L053xx -DDEBUG -c -I../Core/Inc -I../Drivers/STM32L0xx_HAL_Driver/Inc -I../Drivers/STM32L0xx_HAL_Driver/Inc/Legacy -I../Drivers/CMSIS/Device/ST/STM32L0xx/Include -I../Drivers/CMSIS/Include -I../BlueNRG-MS/Target -I../Middlewares/ST/BlueNRG-MS/utils -I../Middlewares/ST/BlueNRG-MS/includes -I../Middlewares/ST/BlueNRG-MS/hci/hci_tl_patterns/Basic -O0 -ffunction-sections -fdata-sections -Wall -fstack-usage -MMD -MP -MF"Middlewares/ST/BlueNRG-MS/hci/controller/bluenrg_utils_small.d" -MT"Middlewares/ST/BlueNRG-MS/hci/controller/bluenrg_utils_small.o" --specs=nano.specs -mfloat-abi=soft -mthumb -o "Middlewares/ST/BlueNRG-MS/hci/controller/bluenrg_utils_small.o"
arm-none-eabi-gcc "../Middlewares/ST/BlueNRG-MS/hci/hci_le.c" -mcpu=cortex-m0plus -std=gnu11 -g3 -DUSE_HAL_DRIVER -DSTM32L053xx -DDEBUG -c -I../Core/Inc -I../Drivers/STM32L0xx_HAL_Driver/Inc -I../Drivers/STM32L0xx_HAL_Driver/Inc/Legacy -I../Drivers/CMSIS/Device/ST/STM32L0xx/Include -I../Drivers/CMSIS/Include -I../BlueNRG-MS/Target -I../Middlewares/ST/BlueNRG-MS/utils -I../Middlewares/ST/BlueNRG-MS/includes -I../Middlewares/ST/BlueNRG-MS/hci/hci_tl_patterns/Basic -O0 -ffunction-sections -fdata-sections -Wall -fstack-usage -MMD -MP -MF"Middlewares/ST/BlueNRG-MS/hci/hci_le.d" -MT"Middlewares/ST/BlueNRG-MS/hci/hci_le.o" --specs=nano.specs -mfloat-abi=soft -mthumb -o "Middlewares/ST/BlueNRG-MS/hci/hci_le.o"
arm-none-eabi-gcc "../Drivers/STM32L0xx_HAL_Driver/Src/stm32l0xx_hal.c" -mcpu=cortex-m0plus -std=gnu11 -g3 -DUSE_HAL_DRIVER -DSTM32L053xx -DDEBUG -c -I../Core/Inc -I../Drivers/STM32L0xx_HAL_Driver/Inc -I../Drivers/STM32L0xx_HAL_Driver/Inc/Legacy -I../Drivers/CMSIS/Device/ST/STM32L0xx/Include -I../Drivers/CMSIS/Include -I../BlueNRG-MS/Target -I../Middlewares/ST/BlueNRG-MS/utils -I../Middlewares/ST/BlueNRG-MS/includes -I../Middlewares/ST/BlueNRG-MS/hci/hci_tl_patterns/Basic -O0 -ffunction-sections -fdata-sections -Wall -fstack-usage -MMD -MP -MF"Drivers/STM32L0xx_HAL_Driver/Src/stm32l0xx_hal.d" -MT"Drivers/STM32L0xx_HAL_Driver/Src/stm32l0xx_hal.o" --specs=nano.specs -mfloat-abi=soft -mthumb -o "Drivers/STM32L0xx_HAL_Driver/Src/stm32l0xx_hal.o"
arm-none-eabi-gcc "../Drivers/STM32L0xx_HAL_Driver/Src/stm32l0xx_hal_cortex.c" -mcpu=cortex-m0plus -std=gnu11 -g3 -DUSE_HAL_DRIVER -DSTM32L053xx -DDEBUG -c -I../Core/Inc -I../Drivers/STM32L0xx_HAL_Driver/Inc -I../Drivers/STM32L0xx_HAL_Driver/Inc/Legacy -I../Drivers/CMSIS/Device/ST/STM32L0xx/Include -I../Drivers/CMSIS/Include -I../BlueNRG-MS/Target -I../Middlewares/ST/BlueNRG-MS/utils -I../Middlewares/ST/BlueNRG-MS/includes -I../Middlewares/ST/BlueNRG-MS/hci/hci_tl_patterns/Basic -O0 -ffunction-sections -fdata-sections -Wall -fstack-usage -MMD -MP -MF"Drivers/STM32L0xx_HAL_Driver/Src/stm32l0xx_hal_cortex.d" -MT"Drivers/STM32L0xx_HAL_Driver/Src/stm32l0xx_hal_cortex.o" --specs=nano.specs -mfloat-abi=soft -mthumb -o "Drivers/STM32L0xx_HAL_Driver/Src/stm32l0xx_hal_cortex.o"
arm-none-eabi-gcc "../Drivers/STM32L0xx_HAL_Driver/Src/stm32l0xx_hal_dma.c" -mcpu=cortex-m0plus -std=gnu11 -g3 -DUSE_HAL_DRIVER -DSTM32L053xx -DDEBUG -c -I../Core/Inc -I../Drivers/STM32L0xx_HAL_Driver/Inc -I../Drivers/STM32L0xx_HAL_Driver/Inc/Legacy -I../Drivers/CMSIS/Device/ST/STM32L0xx/Include -I../Drivers/CMSIS/Include -I../BlueNRG-MS/Target -I../Middlewares/ST/BlueNRG-MS/utils -I../Middlewares/ST/BlueNRG-MS/includes -I../Middlewares/ST/BlueNRG-MS/hci/hci_tl_patterns/Basic -O0 -ffunction-sections -fdata-sections -Wall -fstack-usage -MMD -MP -MF"Drivers/STM32L0xx_HAL_Driver/Src/stm32l0xx_hal_dma.d" -MT"Drivers/STM32L0xx_HAL_Driver/Src/stm32l0xx_hal_dma.o" --specs=nano.specs -mfloat-abi=soft -mthumb -o "Drivers/STM32L0xx_HAL_Driver/Src/stm32l0xx_hal_dma.o"
arm-none-eabi-gcc "../Drivers/STM32L0xx_HAL_Driver/Src/stm32l0xx_hal_flash.c" -mcpu=cortex-m0plus -std=gnu11 -g3 -DUSE_HAL_DRIVER -DSTM32L053xx -DDEBUG -c -I../Core/Inc -I../Drivers/STM32L0xx_HAL_Driver/Inc -I../Drivers/STM32L0xx_HAL_Driver/Inc/Legacy -I../Drivers/CMSIS/Device/ST/STM32L0xx/Include -I../Drivers/CMSIS/Include -I../BlueNRG-MS/Target -I../Middlewares/ST/BlueNRG-MS/utils -I../Middlewares/ST/BlueNRG-MS/includes -I../Middlewares/ST/BlueNRG-MS/hci/hci_tl_patterns/Basic -O0 -ffunction-sections -fdata-sections -Wall -fstack-usage -MMD -MP -MF"Drivers/STM32L0xx_HAL_Driver/Src/stm32l0xx_hal_flash.d" -MT"Drivers/STM32L0xx_HAL_Driver/Src/stm32l0xx_hal_flash.o" --specs=nano.specs -mfloat-abi=soft -mthumb -o "Drivers/STM32L0xx_HAL_Driver/Src/stm32l0xx_hal_flash.o"
../Middlewares/ST/BlueNRG-MS/hci/controller/bluenrg_IFR.c:356:2: warning: #warning BLUENRG_CONFIG not valid [-Wcpp]
 #warning BLUENRG_CONFIG not valid
arm-none-eabi-gcc "../Drivers/STM32L0xx_HAL_Driver/Src/stm32l0xx_hal_flash_ex.c" -mcpu=cortex-m0plus -std=gnu11 -g3 -DUSE_HAL_DRIVER -DSTM32L053xx -DDEBUG -c -I../Core/Inc -I../Drivers/STM32L0xx_HAL_Driver/Inc -I../Drivers/STM32L0xx_HAL_Driver/Inc/Legacy -I../Drivers/CMSIS/Device/ST/STM32L0xx/Include -I../Drivers/CMSIS/Include -I../BlueNRG-MS/Target -I../Middlewares/ST/BlueNRG-MS/utils -I../Middlewares/ST/BlueNRG-MS/includes -I../Middlewares/ST/BlueNRG-MS/hci/hci_tl_patterns/Basic -O0 -ffunction-sections -fdata-sections -Wall -fstack-usage -MMD -MP -MF"Drivers/STM32L0xx_HAL_Driver/Src/stm32l0xx_hal_flash_ex.d" -MT"Drivers/STM32L0xx_HAL_Driver/Src/stm32l0xx_hal_flash_ex.o" --specs=nano.specs -mfloat-abi=soft -mthumb -o "Drivers/STM32L0xx_HAL_Driver/Src/stm32l0xx_hal_flash_ex.o"
  ^~~~~~~
arm-none-eabi-gcc "../Drivers/STM32L0xx_HAL_Driver/Src/stm32l0xx_hal_flash_ramfunc.c" -mcpu=cortex-m0plus -std=gnu11 -g3 -DUSE_HAL_DRIVER -DSTM32L053xx -DDEBUG -c -I../Core/Inc -I../Drivers/STM32L0xx_HAL_Driver/Inc -I../Drivers/STM32L0xx_HAL_Driver/Inc/Legacy -I../Drivers/CMSIS/Device/ST/STM32L0xx/Include -I../Drivers/CMSIS/Include -I../BlueNRG-MS/Target -I../Middlewares/ST/BlueNRG-MS/utils -I../Middlewares/ST/BlueNRG-MS/includes -I../Middlewares/ST/BlueNRG-MS/hci/hci_tl_patterns/Basic -O0 -ffunction-sections -fdata-sections -Wall -fstack-usage -MMD -MP -MF"Drivers/STM32L0xx_HAL_Driver/Src/stm32l0xx_hal_flash_ramfunc.d" -MT"Drivers/STM32L0xx_HAL_Driver/Src/stm32l0xx_hal_flash_ramfunc.o" --specs=nano.specs -mfloat-abi=soft -mthumb -o "Drivers/STM32L0xx_HAL_Driver/Src/stm32l0xx_hal_flash_ramfunc.o"
arm-none-eabi-gcc "../Drivers/STM32L0xx_HAL_Driver/Src/stm32l0xx_hal_gpio.c" -mcpu=cortex-m0plus -std=gnu11 -g3 -DUSE_HAL_DRIVER -DSTM32L053xx -DDEBUG -c -I../Core/Inc -I../Drivers/STM32L0xx_HAL_Driver/Inc -I../Drivers/STM32L0xx_HAL_Driver/Inc/Legacy -I../Drivers/CMSIS/Device/ST/STM32L0xx/Include -I../Drivers/CMSIS/Include -I../BlueNRG-MS/Target -I../Middlewares/ST/BlueNRG-MS/utils -I../Middlewares/ST/BlueNRG-MS/includes -I../Middlewares/ST/BlueNRG-MS/hci/hci_tl_patterns/Basic -O0 -ffunction-sections -fdata-sections -Wall -fstack-usage -MMD -MP -MF"Drivers/STM32L0xx_HAL_Driver/Src/stm32l0xx_hal_gpio.d" -MT"Drivers/STM32L0xx_HAL_Driver/Src/stm32l0xx_hal_gpio.o" --specs=nano.specs -mfloat-abi=soft -mthumb -o "Drivers/STM32L0xx_HAL_Driver/Src/stm32l0xx_hal_gpio.o"
arm-none-eabi-gcc "../Drivers/STM32L0xx_HAL_Driver/Src/stm32l0xx_hal_i2c.c" -mcpu=cortex-m0plus -std=gnu11 -g3 -DUSE_HAL_DRIVER -DSTM32L053xx -DDEBUG -c -I../Core/Inc -I../Drivers/STM32L0xx_HAL_Driver/Inc -I../Drivers/STM32L0xx_HAL_Driver/Inc/Legacy -I../Drivers/CMSIS/Device/ST/STM32L0xx/Include -I../Drivers/CMSIS/Include -I../BlueNRG-MS/Target -I../Middlewares/ST/BlueNRG-MS/utils -I../Middlewares/ST/BlueNRG-MS/includes -I../Middlewares/ST/BlueNRG-MS/hci/hci_tl_patterns/Basic -O0 -ffunction-sections -fdata-sections -Wall -fstack-usage -MMD -MP -MF"Drivers/STM32L0xx_HAL_Driver/Src/stm32l0xx_hal_i2c.d" -MT"Drivers/STM32L0xx_HAL_Driver/Src/stm32l0xx_hal_i2c.o" --specs=nano.specs -mfloat-abi=soft -mthumb -o "Drivers/STM32L0xx_HAL_Driver/Src/stm32l0xx_hal_i2c.o"
arm-none-eabi-gcc "../Drivers/STM32L0xx_HAL_Driver/Src/stm32l0xx_hal_i2c_ex.c" -mcpu=cortex-m0plus -std=gnu11 -g3 -DUSE_HAL_DRIVER -DSTM32L053xx -DDEBUG -c -I../Core/Inc -I../Drivers/STM32L0xx_HAL_Driver/Inc -I../Drivers/STM32L0xx_HAL_Driver/Inc/Legacy -I../Drivers/CMSIS/Device/ST/STM32L0xx/Include -I../Drivers/CMSIS/Include -I../BlueNRG-MS/Target -I../Middlewares/ST/BlueNRG-MS/utils -I../Middlewares/ST/BlueNRG-MS/includes -I../Middlewares/ST/BlueNRG-MS/hci/hci_tl_patterns/Basic -O0 -ffunction-sections -fdata-sections -Wall -fstack-usage -MMD -MP -MF"Drivers/STM32L0xx_HAL_Driver/Src/stm32l0xx_hal_i2c_ex.d" -MT"Drivers/STM32L0xx_HAL_Driver/Src/stm32l0xx_hal_i2c_ex.o" --specs=nano.specs -mfloat-abi=soft -mthumb -o "Drivers/STM32L0xx_HAL_Driver/Src/stm32l0xx_hal_i2c_ex.o"
arm-none-eabi-gcc "../Drivers/STM32L0xx_HAL_Driver/Src/stm32l0xx_hal_pwr.c" -mcpu=cortex-m0plus -std=gnu11 -g3 -DUSE_HAL_DRIVER -DSTM32L053xx -DDEBUG -c -I../Core/Inc -I../Drivers/STM32L0xx_HAL_Driver/Inc -I../Drivers/STM32L0xx_HAL_Driver/Inc/Legacy -I../Drivers/CMSIS/Device/ST/STM32L0xx/Include -I../Drivers/CMSIS/Include -I../BlueNRG-MS/Target -I../Middlewares/ST/BlueNRG-MS/utils -I../Middlewares/ST/BlueNRG-MS/includes -I../Middlewares/ST/BlueNRG-MS/hci/hci_tl_patterns/Basic -O0 -ffunction-sections -fdata-sections -Wall -fstack-usage -MMD -MP -MF"Drivers/STM32L0xx_HAL_Driver/Src/stm32l0xx_hal_pwr.d" -MT"Drivers/STM32L0xx_HAL_Driver/Src/stm32l0xx_hal_pwr.o" --specs=nano.specs -mfloat-abi=soft -mthumb -o "Drivers/STM32L0xx_HAL_Driver/Src/stm32l0xx_hal_pwr.o"
arm-none-eabi-gcc "../Drivers/STM32L0xx_HAL_Driver/Src/stm32l0xx_hal_pwr_ex.c" -mcpu=cortex-m0plus -std=gnu11 -g3 -DUSE_HAL_DRIVER -DSTM32L053xx -DDEBUG -c -I../Core/Inc -I../Drivers/STM32L0xx_HAL_Driver/Inc -I../Drivers/STM32L0xx_HAL_Driver/Inc/Legacy -I../Drivers/CMSIS/Device/ST/STM32L0xx/Include -I../Drivers/CMSIS/Include -I../BlueNRG-MS/Target -I../Middlewares/ST/BlueNRG-MS/utils -I../Middlewares/ST/BlueNRG-MS/includes -I../Middlewares/ST/BlueNRG-MS/hci/hci_tl_patterns/Basic -O0 -ffunction-sections -fdata-sections -Wall -fstack-usage -MMD -MP -MF"Drivers/STM32L0xx_HAL_Driver/Src/stm32l0xx_hal_pwr_ex.d" -MT"Drivers/STM32L0xx_HAL_Driver/Src/stm32l0xx_hal_pwr_ex.o" --specs=nano.specs -mfloat-abi=soft -mthumb -o "Drivers/STM32L0xx_HAL_Driver/Src/stm32l0xx_hal_pwr_ex.o"
arm-none-eabi-gcc "../Drivers/STM32L0xx_HAL_Driver/Src/stm32l0xx_hal_rcc.c" -mcpu=cortex-m0plus -std=gnu11 -g3 -DUSE_HAL_DRIVER -DSTM32L053xx -DDEBUG -c -I../Core/Inc -I../Drivers/STM32L0xx_HAL_Driver/Inc -I../Drivers/STM32L0xx_HAL_Driver/Inc/Legacy -I../Drivers/CMSIS/Device/ST/STM32L0xx/Include -I../Drivers/CMSIS/Include -I../BlueNRG-MS/Target -I../Middlewares/ST/BlueNRG-MS/utils -I../Middlewares/ST/BlueNRG-MS/includes -I../Middlewares/ST/BlueNRG-MS/hci/hci_tl_patterns/Basic -O0 -ffunction-sections -fdata-sections -Wall -fstack-usage -MMD -MP -MF"Drivers/STM32L0xx_HAL_Driver/Src/stm32l0xx_hal_rcc.d" -MT"Drivers/STM32L0xx_HAL_Driver/Src/stm32l0xx_hal_rcc.o" --specs=nano.specs -mfloat-abi=soft -mthumb -o "Drivers/STM32L0xx_HAL_Driver/Src/stm32l0xx_hal_rcc.o"
arm-none-eabi-gcc "../Drivers/STM32L0xx_HAL_Driver/Src/stm32l0xx_hal_rcc_ex.c" -mcpu=cortex-m0plus -std=gnu11 -g3 -DUSE_HAL_DRIVER -DSTM32L053xx -DDEBUG -c -I../Core/Inc -I../Drivers/STM32L0xx_HAL_Driver/Inc -I../Drivers/STM32L0xx_HAL_Driver/Inc/Legacy -I../Drivers/CMSIS/Device/ST/STM32L0xx/Include -I../Drivers/CMSIS/Include -I../BlueNRG-MS/Target -I../Middlewares/ST/BlueNRG-MS/utils -I../Middlewares/ST/BlueNRG-MS/includes -I../Middlewares/ST/BlueNRG-MS/hci/hci_tl_patterns/Basic -O0 -ffunction-sections -fdata-sections -Wall -fstack-usage -MMD -MP -MF"Drivers/STM32L0xx_HAL_Driver/Src/stm32l0xx_hal_rcc_ex.d" -MT"Drivers/STM32L0xx_HAL_Driver/Src/stm32l0xx_hal_rcc_ex.o" --specs=nano.specs -mfloat-abi=soft -mthumb -o "Drivers/STM32L0xx_HAL_Driver/Src/stm32l0xx_hal_rcc_ex.o"
arm-none-eabi-gcc "../Drivers/STM32L0xx_HAL_Driver/Src/stm32l0xx_hal_spi.c" -mcpu=cortex-m0plus -std=gnu11 -g3 -DUSE_HAL_DRIVER -DSTM32L053xx -DDEBUG -c -I../Core/Inc -I../Drivers/STM32L0xx_HAL_Driver/Inc -I../Drivers/STM32L0xx_HAL_Driver/Inc/Legacy -I../Drivers/CMSIS/Device/ST/STM32L0xx/Include -I../Drivers/CMSIS/Include -I../BlueNRG-MS/Target -I../Middlewares/ST/BlueNRG-MS/utils -I../Middlewares/ST/BlueNRG-MS/includes -I../Middlewares/ST/BlueNRG-MS/hci/hci_tl_patterns/Basic -O0 -ffunction-sections -fdata-sections -Wall -fstack-usage -MMD -MP -MF"Drivers/STM32L0xx_HAL_Driver/Src/stm32l0xx_hal_spi.d" -MT"Drivers/STM32L0xx_HAL_Driver/Src/stm32l0xx_hal_spi.o" --specs=nano.specs -mfloat-abi=soft -mthumb -o "Drivers/STM32L0xx_HAL_Driver/Src/stm32l0xx_hal_spi.o"
arm-none-eabi-gcc "../Drivers/STM32L0xx_HAL_Driver/Src/stm32l0xx_hal_tim.c" -mcpu=cortex-m0plus -std=gnu11 -g3 -DUSE_HAL_DRIVER -DSTM32L053xx -DDEBUG -c -I../Core/Inc -I../Drivers/STM32L0xx_HAL_Driver/Inc -I../Drivers/STM32L0xx_HAL_Driver/Inc/Legacy -I../Drivers/CMSIS/Device/ST/STM32L0xx/Include -I../Drivers/CMSIS/Include -I../BlueNRG-MS/Target -I../Middlewares/ST/BlueNRG-MS/utils -I../Middlewares/ST/BlueNRG-MS/includes -I../Middlewares/ST/BlueNRG-MS/hci/hci_tl_patterns/Basic -O0 -ffunction-sections -fdata-sections -Wall -fstack-usage -MMD -MP -MF"Drivers/STM32L0xx_HAL_Driver/Src/stm32l0xx_hal_tim.d" -MT"Drivers/STM32L0xx_HAL_Driver/Src/stm32l0xx_hal_tim.o" --specs=nano.specs -mfloat-abi=soft -mthumb -o "Drivers/STM32L0xx_HAL_Driver/Src/stm32l0xx_hal_tim.o"
arm-none-eabi-gcc "../Drivers/STM32L0xx_HAL_Driver/Src/stm32l0xx_hal_tim_ex.c" -mcpu=cortex-m0plus -std=gnu11 -g3 -DUSE_HAL_DRIVER -DSTM32L053xx -DDEBUG -c -I../Core/Inc -I../Drivers/STM32L0xx_HAL_Driver/Inc -I../Drivers/STM32L0xx_HAL_Driver/Inc/Legacy -I../Drivers/CMSIS/Device/ST/STM32L0xx/Include -I../Drivers/CMSIS/Include -I../BlueNRG-MS/Target -I../Middlewares/ST/BlueNRG-MS/utils -I../Middlewares/ST/BlueNRG-MS/includes -I../Middlewares/ST/BlueNRG-MS/hci/hci_tl_patterns/Basic -O0 -ffunction-sections -fdata-sections -Wall -fstack-usage -MMD -MP -MF"Drivers/STM32L0xx_HAL_Driver/Src/stm32l0xx_hal_tim_ex.d" -MT"Drivers/STM32L0xx_HAL_Driver/Src/stm32l0xx_hal_tim_ex.o" --specs=nano.specs -mfloat-abi=soft -mthumb -o "Drivers/STM32L0xx_HAL_Driver/Src/stm32l0xx_hal_tim_ex.o"
arm-none-eabi-gcc "../Drivers/STM32L0xx_HAL_Driver/Src/stm32l0xx_hal_uart.c" -mcpu=cortex-m0plus -std=gnu11 -g3 -DUSE_HAL_DRIVER -DSTM32L053xx -DDEBUG -c -I../Core/Inc -I../Drivers/STM32L0xx_HAL_Driver/Inc -I../Drivers/STM32L0xx_HAL_Driver/Inc/Legacy -I../Drivers/CMSIS/Device/ST/STM32L0xx/Include -I../Drivers/CMSIS/Include -I../BlueNRG-MS/Target -I../Middlewares/ST/BlueNRG-MS/utils -I../Middlewares/ST/BlueNRG-MS/includes -I../Middlewares/ST/BlueNRG-MS/hci/hci_tl_patterns/Basic -O0 -ffunction-sections -fdata-sections -Wall -fstack-usage -MMD -MP -MF"Drivers/STM32L0xx_HAL_Driver/Src/stm32l0xx_hal_uart.d" -MT"Drivers/STM32L0xx_HAL_Driver/Src/stm32l0xx_hal_uart.o" --specs=nano.specs -mfloat-abi=soft -mthumb -o "Drivers/STM32L0xx_HAL_Driver/Src/stm32l0xx_hal_uart.o"
arm-none-eabi-gcc "../Drivers/STM32L0xx_HAL_Driver/Src/stm32l0xx_hal_uart_ex.c" -mcpu=cortex-m0plus -std=gnu11 -g3 -DUSE_HAL_DRIVER -DSTM32L053xx -DDEBUG -c -I../Core/Inc -I../Drivers/STM32L0xx_HAL_Driver/Inc -I../Drivers/STM32L0xx_HAL_Driver/Inc/Legacy -I../Drivers/CMSIS/Device/ST/STM32L0xx/Include -I../Drivers/CMSIS/Include -I../BlueNRG-MS/Target -I../Middlewares/ST/BlueNRG-MS/utils -I../Middlewares/ST/BlueNRG-MS/includes -I../Middlewares/ST/BlueNRG-MS/hci/hci_tl_patterns/Basic -O0 -ffunction-sections -fdata-sections -Wall -fstack-usage -MMD -MP -MF"Drivers/STM32L0xx_HAL_Driver/Src/stm32l0xx_hal_uart_ex.d" -MT"Drivers/STM32L0xx_HAL_Driver/Src/stm32l0xx_hal_uart_ex.o" --specs=nano.specs -mfloat-abi=soft -mthumb -o "Drivers/STM32L0xx_HAL_Driver/Src/stm32l0xx_hal_uart_ex.o"
arm-none-eabi-gcc -mcpu=cortex-m0plus -g3 -c -x assembler-with-cpp -MMD -MP -MF"Core/Startup/startup_stm32l053r8tx.d" -MT"Core/Startup/startup_stm32l053r8tx.o" --specs=nano.specs -mfloat-abi=soft -mthumb -o "Core/Startup/startup_stm32l053r8tx.o" "../Core/Startup/startup_stm32l053r8tx.s"
arm-none-eabi-gcc "../Core/Src/custom_bus.c" -mcpu=cortex-m0plus -std=gnu11 -g3 -DUSE_HAL_DRIVER -DSTM32L053xx -DDEBUG -c -I../Core/Inc -I../Drivers/STM32L0xx_HAL_Driver/Inc -I../Drivers/STM32L0xx_HAL_Driver/Inc/Legacy -I../Drivers/CMSIS/Device/ST/STM32L0xx/Include -I../Drivers/CMSIS/Include -I../BlueNRG-MS/Target -I../Middlewares/ST/BlueNRG-MS/utils -I../Middlewares/ST/BlueNRG-MS/includes -I../Middlewares/ST/BlueNRG-MS/hci/hci_tl_patterns/Basic -O0 -ffunction-sections -fdata-sections -Wall -fstack-usage -MMD -MP -MF"Core/Src/custom_bus.d" -MT"Core/Src/custom_bus.o" --specs=nano.specs -mfloat-abi=soft -mthumb -o "Core/Src/custom_bus.o"
arm-none-eabi-gcc "../Core/Src/main.c" -mcpu=cortex-m0plus -std=gnu11 -g3 -DUSE_HAL_DRIVER -DSTM32L053xx -DDEBUG -c -I../Core/Inc -I../Drivers/STM32L0xx_HAL_Driver/Inc -I../Drivers/STM32L0xx_HAL_Driver/Inc/Legacy -I../Drivers/CMSIS/Device/ST/STM32L0xx/Include -I../Drivers/CMSIS/Include -I../BlueNRG-MS/Target -I../Middlewares/ST/BlueNRG-MS/utils -I../Middlewares/ST/BlueNRG-MS/includes -I../Middlewares/ST/BlueNRG-MS/hci/hci_tl_patterns/Basic -O0 -ffunction-sections -fdata-sections -Wall -fstack-usage -MMD -MP -MF"Core/Src/main.d" -MT"Core/Src/main.o" --specs=nano.specs -mfloat-abi=soft -mthumb -o "Core/Src/main.o"
arm-none-eabi-gcc "../Core/Src/stm32l0xx_hal_exti.c" -mcpu=cortex-m0plus -std=gnu11 -g3 -DUSE_HAL_DRIVER -DSTM32L053xx -DDEBUG -c -I../Core/Inc -I../Drivers/STM32L0xx_HAL_Driver/Inc -I../Drivers/STM32L0xx_HAL_Driver/Inc/Legacy -I../Drivers/CMSIS/Device/ST/STM32L0xx/Include -I../Drivers/CMSIS/Include -I../BlueNRG-MS/Target -I../Middlewares/ST/BlueNRG-MS/utils -I../Middlewares/ST/BlueNRG-MS/includes -I../Middlewares/ST/BlueNRG-MS/hci/hci_tl_patterns/Basic -O0 -ffunction-sections -fdata-sections -Wall -fstack-usage -MMD -MP -MF"Core/Src/stm32l0xx_hal_exti.d" -MT"Core/Src/stm32l0xx_hal_exti.o" --specs=nano.specs -mfloat-abi=soft -mthumb -o "Core/Src/stm32l0xx_hal_exti.o"
arm-none-eabi-gcc "../Core/Src/stm32l0xx_hal_msp.c" -mcpu=cortex-m0plus -std=gnu11 -g3 -DUSE_HAL_DRIVER -DSTM32L053xx -DDEBUG -c -I../Core/Inc -I../Drivers/STM32L0xx_HAL_Driver/Inc -I../Drivers/STM32L0xx_HAL_Driver/Inc/Legacy -I../Drivers/CMSIS/Device/ST/STM32L0xx/Include -I../Drivers/CMSIS/Include -I../BlueNRG-MS/Target -I../Middlewares/ST/BlueNRG-MS/utils -I../Middlewares/ST/BlueNRG-MS/includes -I../Middlewares/ST/BlueNRG-MS/hci/hci_tl_patterns/Basic -O0 -ffunction-sections -fdata-sections -Wall -fstack-usage -MMD -MP -MF"Core/Src/stm32l0xx_hal_msp.d" -MT"Core/Src/stm32l0xx_hal_msp.o" --specs=nano.specs -mfloat-abi=soft -mthumb -o "Core/Src/stm32l0xx_hal_msp.o"
arm-none-eabi-gcc "../Core/Src/stm32l0xx_it.c" -mcpu=cortex-m0plus -std=gnu11 -g3 -DUSE_HAL_DRIVER -DSTM32L053xx -DDEBUG -c -I../Core/Inc -I../Drivers/STM32L0xx_HAL_Driver/Inc -I../Drivers/STM32L0xx_HAL_Driver/Inc/Legacy -I../Drivers/CMSIS/Device/ST/STM32L0xx/Include -I../Drivers/CMSIS/Include -I../BlueNRG-MS/Target -I../Middlewares/ST/BlueNRG-MS/utils -I../Middlewares/ST/BlueNRG-MS/includes -I../Middlewares/ST/BlueNRG-MS/hci/hci_tl_patterns/Basic -O0 -ffunction-sections -fdata-sections -Wall -fstack-usage -MMD -MP -MF"Core/Src/stm32l0xx_it.d" -MT"Core/Src/stm32l0xx_it.o" --specs=nano.specs -mfloat-abi=soft -mthumb -o "Core/Src/stm32l0xx_it.o"
arm-none-eabi-gcc "../Core/Src/syscalls.c" -mcpu=cortex-m0plus -std=gnu11 -g3 -DUSE_HAL_DRIVER -DSTM32L053xx -DDEBUG -c -I../Core/Inc -I../Drivers/STM32L0xx_HAL_Driver/Inc -I../Drivers/STM32L0xx_HAL_Driver/Inc/Legacy -I../Drivers/CMSIS/Device/ST/STM32L0xx/Include -I../Drivers/CMSIS/Include -I../BlueNRG-MS/Target -I../Middlewares/ST/BlueNRG-MS/utils -I../Middlewares/ST/BlueNRG-MS/includes -I../Middlewares/ST/BlueNRG-MS/hci/hci_tl_patterns/Basic -O0 -ffunction-sections -fdata-sections -Wall -fstack-usage -MMD -MP -MF"Core/Src/syscalls.d" -MT"Core/Src/syscalls.o" --specs=nano.specs -mfloat-abi=soft -mthumb -o "Core/Src/syscalls.o"
../Core/Src/main.c: In function '__io_putchar':
../Core/Src/main.c:59:22: error: 'huart2' undeclared (first use in this function); did you mean 'huart1'?
   HAL_UART_Transmit(&huart2, (uint8_t *)&ch, 1, 0xFFFF);
                      ^~~~~~
                      huart1
../Core/Src/main.c:59:22: note: each undeclared identifier is reported only once for each function it appears in
arm-none-eabi-gcc "../Core/Src/sysmem.c" -mcpu=cortex-m0plus -std=gnu11 -g3 -DUSE_HAL_DRIVER -DSTM32L053xx -DDEBUG -c -I../Core/Inc -I../Drivers/STM32L0xx_HAL_Driver/Inc -I../Drivers/STM32L0xx_HAL_Driver/Inc/Legacy -I../Drivers/CMSIS/Device/ST/STM32L0xx/Include -I../Drivers/CMSIS/Include -I../BlueNRG-MS/Target -I../Middlewares/ST/BlueNRG-MS/utils -I../Middlewares/ST/BlueNRG-MS/includes -I../Middlewares/ST/BlueNRG-MS/hci/hci_tl_patterns/Basic -O0 -ffunction-sections -fdata-sections -Wall -fstack-usage -MMD -MP -MF"Core/Src/sysmem.d" -MT"Core/Src/sysmem.o" --specs=nano.specs -mfloat-abi=soft -mthumb -o "Core/Src/sysmem.o"
make: *** [Core/Src/subdir.mk:41: Core/Src/main.o] Error 1
make: *** Waiting for unfinished jobs....
"make -j15 all" terminated with exit code 2. Build might be incomplete.
14:27:41 **** Incremental Build of configuration Debug for project L053_BLE_Test ****
make -j15 all 
arm-none-eabi-gcc "../Core/Src/main.c" -mcpu=cortex-m0plus -std=gnu11 -g3 -DUSE_HAL_DRIVER -DSTM32L053xx -DDEBUG -c -I../Core/Inc -I../Drivers/STM32L0xx_HAL_Driver/Inc -I../Drivers/STM32L0xx_HAL_Driver/Inc/Legacy -I../Drivers/CMSIS/Device/ST/STM32L0xx/Include -I../Drivers/CMSIS/Include -I../BlueNRG-MS/Target -I../Middlewares/ST/BlueNRG-MS/utils -I../Middlewares/ST/BlueNRG-MS/includes -I../Middlewares/ST/BlueNRG-MS/hci/hci_tl_patterns/Basic -O0 -ffunction-sections -fdata-sections -Wall -fstack-usage -MMD -MP -MF"Core/Src/main.d" -MT"Core/Src/main.o" --specs=nano.specs -mfloat-abi=soft -mthumb -o "Core/Src/main.o"
arm-none-eabi-gcc "../Core/Src/system_stm32l0xx.c" -mcpu=cortex-m0plus -std=gnu11 -g3 -DUSE_HAL_DRIVER -DSTM32L053xx -DDEBUG -c -I../Core/Inc -I../Drivers/STM32L0xx_HAL_Driver/Inc -I../Drivers/STM32L0xx_HAL_Driver/Inc/Legacy -I../Drivers/CMSIS/Device/ST/STM32L0xx/Include -I../Drivers/CMSIS/Include -I../BlueNRG-MS/Target -I../Middlewares/ST/BlueNRG-MS/utils -I../Middlewares/ST/BlueNRG-MS/includes -I../Middlewares/ST/BlueNRG-MS/hci/hci_tl_patterns/Basic -O0 -ffunction-sections -fdata-sections -Wall -fstack-usage -MMD -MP -MF"Core/Src/system_stm32l0xx.d" -MT"Core/Src/system_stm32l0xx.o" --specs=nano.specs -mfloat-abi=soft -mthumb -o "Core/Src/system_stm32l0xx.o"
arm-none-eabi-gcc "../BlueNRG-MS/Target/hci_tl_interface.c" -mcpu=cortex-m0plus -std=gnu11 -g3 -DUSE_HAL_DRIVER -DSTM32L053xx -DDEBUG -c -I../Core/Inc -I../Drivers/STM32L0xx_HAL_Driver/Inc -I../Drivers/STM32L0xx_HAL_Driver/Inc/Legacy -I../Drivers/CMSIS/Device/ST/STM32L0xx/Include -I../Drivers/CMSIS/Include -I../BlueNRG-MS/Target -I../Middlewares/ST/BlueNRG-MS/utils -I../Middlewares/ST/BlueNRG-MS/includes -I../Middlewares/ST/BlueNRG-MS/hci/hci_tl_patterns/Basic -O0 -ffunction-sections -fdata-sections -Wall -fstack-usage -MMD -MP -MF"BlueNRG-MS/Target/hci_tl_interface.d" -MT"BlueNRG-MS/Target/hci_tl_interface.o" --specs=nano.specs -mfloat-abi=soft -mthumb -o "BlueNRG-MS/Target/hci_tl_interface.o"
arm-none-eabi-gcc -o "L053_BLE_Test.elf" @"objects.list"   -mcpu=cortex-m0plus -T"/Users/chrissutton/Projects/EmbeddedProjects/BLE_Tests/L053_BLE_Test/STM32L053R8TX_FLASH.ld" --specs=nosys.specs -Wl,-Map="L053_BLE_Test.map" -Wl,--gc-sections -static --specs=nano.specs -mfloat-abi=soft -mthumb -Wl,--start-group -lc -lm -Wl,--end-group
Finished building target: L053_BLE_Test.elf
 
arm-none-eabi-size   L053_BLE_Test.elf 
arm-none-eabi-objdump -h -S  L053_BLE_Test.elf  > "L053_BLE_Test.list"
   text	   data	    bss	    dec	    hex	filename
   9656	     20	   1700	  11376	   2c70	L053_BLE_Test.elf
arm-none-eabi-objcopy  -O binary  L053_BLE_Test.elf  "L053_BLE_Test.bin"
Finished building: default.size.stdout
 
Finished building: L053_BLE_Test.list
 
Finished building: L053_BLE_Test.bin
 
14:30:41 **** Incremental Build of configuration Debug for project L053_BLE_Test ****
make -j15 all 
arm-none-eabi-gcc "../Core/Src/app_x-cube-ble1.c" -mcpu=cortex-m0plus -std=gnu11 -g3 -DUSE_HAL_DRIVER -DSTM32L053xx -DDEBUG -c -I../Core/Inc -I../Drivers/STM32L0xx_HAL_Driver/Inc -I../Drivers/STM32L0xx_HAL_Driver/Inc/Legacy -I../Drivers/CMSIS/Device/ST/STM32L0xx/Include -I../Drivers/CMSIS/Include -I../BlueNRG-MS/Target -I../Middlewares/ST/BlueNRG-MS/utils -I../Middlewares/ST/BlueNRG-MS/includes -I../Middlewares/ST/BlueNRG-MS/hci/hci_tl_patterns/Basic -O0 -ffunction-sections -fdata-sections -Wall -fstack-usage -MMD -MP -MF"Core/Src/app_x-cube-ble1.d" -MT"Core/Src/app_x-cube-ble1.o" --specs=nano.specs -mfloat-abi=soft -mthumb -o "Core/Src/app_x-cube-ble1.o"
arm-none-eabi-gcc "../Core/Src/main.c" -mcpu=cortex-m0plus -std=gnu11 -g3 -DUSE_HAL_DRIVER -DSTM32L053xx -DDEBUG -c -I../Core/Inc -I../Drivers/STM32L0xx_HAL_Driver/Inc -I../Drivers/STM32L0xx_HAL_Driver/Inc/Legacy -I../Drivers/CMSIS/Device/ST/STM32L0xx/Include -I../Drivers/CMSIS/Include -I../BlueNRG-MS/Target -I../Middlewares/ST/BlueNRG-MS/utils -I../Middlewares/ST/BlueNRG-MS/includes -I../Middlewares/ST/BlueNRG-MS/hci/hci_tl_patterns/Basic -O0 -ffunction-sections -fdata-sections -Wall -fstack-usage -MMD -MP -MF"Core/Src/main.d" -MT"Core/Src/main.o" --specs=nano.specs -mfloat-abi=soft -mthumb -o "Core/Src/main.o"
../Core/Src/app_x-cube-ble1.c: In function 'MX_BlueNRG_MS_Init':
../Core/Src/app_x-cube-ble1.c:28:11: warning: unused variable 'CLIENT_BDADDR' [-Wunused-variable]
   uint8_t CLIENT_BDADDR[] = {0X01,0X02,0X03,0X04,0X05,0X06};
           ^~~~~~~~~~~~~
../Core/Src/app_x-cube-ble1.c:27:7: warning: variable 'ret' set but not used [-Wunused-but-set-variable]
   int ret;
       ^~~
../Core/Src/app_x-cube-ble1.c: In function 'receiveData':
../Core/Src/app_x-cube-ble1.c:70:2: warning: implicit declaration of function 'printf' [-Wimplicit-function-declaration]
  printf("DEVICE:");
  ^~~~~~
../Core/Src/app_x-cube-ble1.c:70:2: warning: incompatible implicit declaration of built-in function 'printf'
../Core/Src/app_x-cube-ble1.c:70:2: note: include '<stdio.h>' or provide a declaration of 'printf'
../Core/Src/app_x-cube-ble1.c:77:20: warning: format '%p' expects argument of type 'void *', but argument 2 has type 'int' [-Wformat=]
           printf("%p", rcv_data[i]);
                   ~^   ~~~~~~~~~~~
                   %d
../Core/Src/main.c: In function 'main':
../Core/Src/main.c:118:4: warning: implicit declaration of function 'MX_BlueNRG_MS_Process' [-Wimplicit-function-declaration]
    MX_BlueNRG_MS_Process();
    ^~~~~~~~~~~~~~~~~~~~~
arm-none-eabi-gcc -o "L053_BLE_Test.elf" @"objects.list"   -mcpu=cortex-m0plus -T"/Users/chrissutton/Projects/EmbeddedProjects/BLE_Tests/L053_BLE_Test/STM32L053R8TX_FLASH.ld" --specs=nosys.specs -Wl,-Map="L053_BLE_Test.map" -Wl,--gc-sections -static --specs=nano.specs -mfloat-abi=soft -mthumb -Wl,--start-group -lc -lm -Wl,--end-group
Finished building target: L053_BLE_Test.elf
 
arm-none-eabi-objdump -h -S  L053_BLE_Test.elf  > "L053_BLE_Test.list"
arm-none-eabi-objcopy  -O binary  L053_BLE_Test.elf  "L053_BLE_Test.bin"
arm-none-eabi-size   L053_BLE_Test.elf 
   text	   data	    bss	    dec	    hex	filename
  11452	     20	   1748	  13220	   33a4	L053_BLE_Test.elf
Finished building: default.size.stdout
 
Finished building: L053_BLE_Test.bin
 
Finished building: L053_BLE_Test.list
 
14:31:09 **** Incremental Build of configuration Debug for project L053_BLE_Test ****
make -j15 all 
arm-none-eabi-gcc "../Core/Src/app_x-cube-ble1.c" -mcpu=cortex-m0plus -std=gnu11 -g3 -DUSE_HAL_DRIVER -DSTM32L053xx -DDEBUG -c -I../Core/Inc -I../Drivers/STM32L0xx_HAL_Driver/Inc -I../Drivers/STM32L0xx_HAL_Driver/Inc/Legacy -I../Drivers/CMSIS/Device/ST/STM32L0xx/Include -I../Drivers/CMSIS/Include -I../BlueNRG-MS/Target -I../Middlewares/ST/BlueNRG-MS/utils -I../Middlewares/ST/BlueNRG-MS/includes -I../Middlewares/ST/BlueNRG-MS/hci/hci_tl_patterns/Basic -O0 -ffunction-sections -fdata-sections -Wall -fstack-usage -MMD -MP -MF"Core/Src/app_x-cube-ble1.d" -MT"Core/Src/app_x-cube-ble1.o" --specs=nano.specs -mfloat-abi=soft -mthumb -o "Core/Src/app_x-cube-ble1.o"
../Core/Src/app_x-cube-ble1.c: In function 'MX_BlueNRG_MS_Init':
../Core/Src/app_x-cube-ble1.c:29:11: warning: unused variable 'CLIENT_BDADDR' [-Wunused-variable]
   uint8_t CLIENT_BDADDR[] = {0X01,0X02,0X03,0X04,0X05,0X06};
           ^~~~~~~~~~~~~
../Core/Src/app_x-cube-ble1.c:28:7: warning: variable 'ret' set but not used [-Wunused-but-set-variable]
   int ret;
       ^~~
../Core/Src/app_x-cube-ble1.c: In function 'receiveData':
../Core/Src/app_x-cube-ble1.c:78:20: warning: format '%p' expects argument of type 'void *', but argument 2 has type 'int' [-Wformat=]
           printf("%p", rcv_data[i]);
                   ~^   ~~~~~~~~~~~
                   %d
arm-none-eabi-gcc -o "L053_BLE_Test.elf" @"objects.list"   -mcpu=cortex-m0plus -T"/Users/chrissutton/Projects/EmbeddedProjects/BLE_Tests/L053_BLE_Test/STM32L053R8TX_FLASH.ld" --specs=nosys.specs -Wl,-Map="L053_BLE_Test.map" -Wl,--gc-sections -static --specs=nano.specs -mfloat-abi=soft -mthumb -Wl,--start-group -lc -lm -Wl,--end-group
Finished building target: L053_BLE_Test.elf
 
arm-none-eabi-objdump -h -S  L053_BLE_Test.elf  > "L053_BLE_Test.list"
arm-none-eabi-objcopy  -O binary  L053_BLE_Test.elf  "L053_BLE_Test.bin"
arm-none-eabi-size   L053_BLE_Test.elf 
   text	   data	    bss	    dec	    hex	filename
  11452	     20	   1748	  13220	   33a4	L053_BLE_Test.elf
Finished building: default.size.stdout
 
Finished building: L053_BLE_Test.bin
 
Finished building: L053_BLE_Test.list
 
14:31:44 **** Incremental Build of configuration Debug for project L053_BLE_Test ****
make -j15 all 
arm-none-eabi-gcc "../Core/Src/app_x-cube-ble1.c" -mcpu=cortex-m0plus -std=gnu11 -g3 -DUSE_HAL_DRIVER -DSTM32L053xx -DDEBUG -c -I../Core/Inc -I../Drivers/STM32L0xx_HAL_Driver/Inc -I../Drivers/STM32L0xx_HAL_Driver/Inc/Legacy -I../Drivers/CMSIS/Device/ST/STM32L0xx/Include -I../Drivers/CMSIS/Include -I../BlueNRG-MS/Target -I../Middlewares/ST/BlueNRG-MS/utils -I../Middlewares/ST/BlueNRG-MS/includes -I../Middlewares/ST/BlueNRG-MS/hci/hci_tl_patterns/Basic -O0 -ffunction-sections -fdata-sections -Wall -fstack-usage -MMD -MP -MF"Core/Src/app_x-cube-ble1.d" -MT"Core/Src/app_x-cube-ble1.o" --specs=nano.specs -mfloat-abi=soft -mthumb -o "Core/Src/app_x-cube-ble1.o"
../Core/Src/app_x-cube-ble1.c: In function 'MX_BlueNRG_MS_Init':
../Core/Src/app_x-cube-ble1.c:29:11: warning: unused variable 'CLIENT_BDADDR' [-Wunused-variable]
   uint8_t CLIENT_BDADDR[] = {0X01,0X02,0X03,0X04,0X05,0X06};
           ^~~~~~~~~~~~~
../Core/Src/app_x-cube-ble1.c:28:7: warning: variable 'ret' set but not used [-Wunused-but-set-variable]
   int ret;
       ^~~
arm-none-eabi-gcc -o "L053_BLE_Test.elf" @"objects.list"   -mcpu=cortex-m0plus -T"/Users/chrissutton/Projects/EmbeddedProjects/BLE_Tests/L053_BLE_Test/STM32L053R8TX_FLASH.ld" --specs=nosys.specs -Wl,-Map="L053_BLE_Test.map" -Wl,--gc-sections -static --specs=nano.specs -mfloat-abi=soft -mthumb -Wl,--start-group -lc -lm -Wl,--end-group
Finished building target: L053_BLE_Test.elf
 
arm-none-eabi-objdump -h -S  L053_BLE_Test.elf  > "L053_BLE_Test.list"
arm-none-eabi-objcopy  -O binary  L053_BLE_Test.elf  "L053_BLE_Test.bin"
arm-none-eabi-size   L053_BLE_Test.elf 
   text	   data	    bss	    dec	    hex	filename
  11452	     20	   1748	  13220	   33a4	L053_BLE_Test.elf
Finished building: default.size.stdout
 
Finished building: L053_BLE_Test.bin
 
Finished building: L053_BLE_Test.list
 
14:31:57 **** Incremental Build of configuration Debug for project L053_BLE_Test ****
make -j15 all 
arm-none-eabi-gcc "../Core/Src/app_x-cube-ble1.c" -mcpu=cortex-m0plus -std=gnu11 -g3 -DUSE_HAL_DRIVER -DSTM32L053xx -DDEBUG -c -I../Core/Inc -I../Drivers/STM32L0xx_HAL_Driver/Inc -I../Drivers/STM32L0xx_HAL_Driver/Inc/Legacy -I../Drivers/CMSIS/Device/ST/STM32L0xx/Include -I../Drivers/CMSIS/Include -I../BlueNRG-MS/Target -I../Middlewares/ST/BlueNRG-MS/utils -I../Middlewares/ST/BlueNRG-MS/includes -I../Middlewares/ST/BlueNRG-MS/hci/hci_tl_patterns/Basic -O0 -ffunction-sections -fdata-sections -Wall -fstack-usage -MMD -MP -MF"Core/Src/app_x-cube-ble1.d" -MT"Core/Src/app_x-cube-ble1.o" --specs=nano.specs -mfloat-abi=soft -mthumb -o "Core/Src/app_x-cube-ble1.o"
../Core/Src/app_x-cube-ble1.c: In function 'MX_BlueNRG_MS_Init':
../Core/Src/app_x-cube-ble1.c:40:3: error: 'ret' undeclared (first use in this function); did you mean 'getw'?
   ret = aci_hal_write_config_data(CONFIG_DATA_PUBADDR_OFFSET,
   ^~~
   getw
../Core/Src/app_x-cube-ble1.c:40:3: note: each undeclared identifier is reported only once for each function it appears in
../Core/Src/app_x-cube-ble1.c:29:11: warning: unused variable 'CLIENT_BDADDR' [-Wunused-variable]
   uint8_t CLIENT_BDADDR[] = {0X01,0X02,0X03,0X04,0X05,0X06};
           ^~~~~~~~~~~~~
make: *** [Core/Src/subdir.mk:42: Core/Src/app_x-cube-ble1.o] Error 1
"make -j15 all" terminated with exit code 2. Build might be incomplete.
14:32:00 **** Incremental Build of configuration Debug for project L053_BLE_Test ****
make -j15 all 
arm-none-eabi-gcc "../Core/Src/app_x-cube-ble1.c" -mcpu=cortex-m0plus -std=gnu11 -g3 -DUSE_HAL_DRIVER -DSTM32L053xx -DDEBUG -c -I../Core/Inc -I../Drivers/STM32L0xx_HAL_Driver/Inc -I../Drivers/STM32L0xx_HAL_Driver/Inc/Legacy -I../Drivers/CMSIS/Device/ST/STM32L0xx/Include -I../Drivers/CMSIS/Include -I../BlueNRG-MS/Target -I../Middlewares/ST/BlueNRG-MS/utils -I../Middlewares/ST/BlueNRG-MS/includes -I../Middlewares/ST/BlueNRG-MS/hci/hci_tl_patterns/Basic -O0 -ffunction-sections -fdata-sections -Wall -fstack-usage -MMD -MP -MF"Core/Src/app_x-cube-ble1.d" -MT"Core/Src/app_x-cube-ble1.o" --specs=nano.specs -mfloat-abi=soft -mthumb -o "Core/Src/app_x-cube-ble1.o"
../Core/Src/app_x-cube-ble1.c: In function 'MX_BlueNRG_MS_Init':
../Core/Src/app_x-cube-ble1.c:29:11: warning: unused variable 'CLIENT_BDADDR' [-Wunused-variable]
   uint8_t CLIENT_BDADDR[] = {0X01,0X02,0X03,0X04,0X05,0X06};
           ^~~~~~~~~~~~~
../Core/Src/app_x-cube-ble1.c:28:7: warning: variable 'ret' set but not used [-Wunused-but-set-variable]
   int ret;
       ^~~
arm-none-eabi-gcc -o "L053_BLE_Test.elf" @"objects.list"   -mcpu=cortex-m0plus -T"/Users/chrissutton/Projects/EmbeddedProjects/BLE_Tests/L053_BLE_Test/STM32L053R8TX_FLASH.ld" --specs=nosys.specs -Wl,-Map="L053_BLE_Test.map" -Wl,--gc-sections -static --specs=nano.specs -mfloat-abi=soft -mthumb -Wl,--start-group -lc -lm -Wl,--end-group
Finished building target: L053_BLE_Test.elf
 
arm-none-eabi-objdump -h -S  L053_BLE_Test.elf  > "L053_BLE_Test.list"
arm-none-eabi-objcopy  -O binary  L053_BLE_Test.elf  "L053_BLE_Test.bin"
arm-none-eabi-size   L053_BLE_Test.elf 
   text	   data	    bss	    dec	    hex	filename
  11452	     20	   1748	  13220	   33a4	L053_BLE_Test.elf
Finished building: default.size.stdout
 
Finished building: L053_BLE_Test.bin
 
Finished building: L053_BLE_Test.list
 
14:32:22 **** Incremental Build of configuration Debug for project L053_BLE_Test ****
make -j15 all 
arm-none-eabi-gcc "../Core/Src/app_x-cube-ble1.c" -mcpu=cortex-m0plus -std=gnu11 -g3 -DUSE_HAL_DRIVER -DSTM32L053xx -DDEBUG -c -I../Core/Inc -I../Drivers/STM32L0xx_HAL_Driver/Inc -I../Drivers/STM32L0xx_HAL_Driver/Inc/Legacy -I../Drivers/CMSIS/Device/ST/STM32L0xx/Include -I../Drivers/CMSIS/Include -I../BlueNRG-MS/Target -I../Middlewares/ST/BlueNRG-MS/utils -I../Middlewares/ST/BlueNRG-MS/includes -I../Middlewares/ST/BlueNRG-MS/hci/hci_tl_patterns/Basic -O0 -ffunction-sections -fdata-sections -Wall -fstack-usage -MMD -MP -MF"Core/Src/app_x-cube-ble1.d" -MT"Core/Src/app_x-cube-ble1.o" --specs=nano.specs -mfloat-abi=soft -mthumb -o "Core/Src/app_x-cube-ble1.o"
../Core/Src/app_x-cube-ble1.c: In function 'MX_BlueNRG_MS_Init':
../Core/Src/app_x-cube-ble1.c:28:7: warning: variable 'ret' set but not used [-Wunused-but-set-variable]
   int ret;
       ^~~
arm-none-eabi-gcc -o "L053_BLE_Test.elf" @"objects.list"   -mcpu=cortex-m0plus -T"/Users/chrissutton/Projects/EmbeddedProjects/BLE_Tests/L053_BLE_Test/STM32L053R8TX_FLASH.ld" --specs=nosys.specs -Wl,-Map="L053_BLE_Test.map" -Wl,--gc-sections -static --specs=nano.specs -mfloat-abi=soft -mthumb -Wl,--start-group -lc -lm -Wl,--end-group
Finished building target: L053_BLE_Test.elf
 
arm-none-eabi-objdump -h -S  L053_BLE_Test.elf  > "L053_BLE_Test.list"
arm-none-eabi-objcopy  -O binary  L053_BLE_Test.elf  "L053_BLE_Test.bin"
arm-none-eabi-size   L053_BLE_Test.elf 
   text	   data	    bss	    dec	    hex	filename
  11452	     20	   1748	  13220	   33a4	L053_BLE_Test.elf
Finished building: default.size.stdout
 
Finished building: L053_BLE_Test.bin
 
Finished building: L053_BLE_Test.list
 
14:35:34 **** Incremental Build of configuration Debug for project L053_BLE_Test ****
make -j15 all 
arm-none-eabi-size   L053_BLE_Test.elf 
   text	   data	    bss	    dec	    hex	filename
  11452	     20	   1748	  13220	   33a4	L053_BLE_Test.elf
Finished building: default.size.stdout
 
14:35:34 **** Build of configuration Debug for project L476_BLE_Test ****
make -j15 all 
arm-none-eabi-gcc "../Middlewares/ST/BlueNRG-MS/utils/ble_list.c" -mcpu=cortex-m4 -std=gnu11 -g3 -DUSE_HAL_DRIVER -DSTM32L476xx -DDEBUG -c -I../Core/Inc -I../Drivers/STM32L4xx_HAL_Driver/Inc -I../Drivers/STM32L4xx_HAL_Driver/Inc/Legacy -I../Drivers/CMSIS/Device/ST/STM32L4xx/Include -I../Drivers/CMSIS/Include -I../BlueNRG-MS/Target -I../Middlewares/ST/BlueNRG-MS/utils -I../Middlewares/ST/BlueNRG-MS/includes -I../Middlewares/ST/BlueNRG-MS/hci/hci_tl_patterns/Basic -O0 -ffunction-sections -fdata-sections -Wall -fstack-usage -MMD -MP -MF"Middlewares/ST/BlueNRG-MS/utils/ble_list.d" -MT"Middlewares/ST/BlueNRG-MS/utils/ble_list.o" --specs=nano.specs -mfpu=fpv4-sp-d16 -mfloat-abi=hard -mthumb -o "Middlewares/ST/BlueNRG-MS/utils/ble_list.o"
arm-none-eabi-gcc "../Middlewares/ST/BlueNRG-MS/hci/hci_tl_patterns/Basic/hci_tl.c" -mcpu=cortex-m4 -std=gnu11 -g3 -DUSE_HAL_DRIVER -DSTM32L476xx -DDEBUG -c -I../Core/Inc -I../Drivers/STM32L4xx_HAL_Driver/Inc -I../Drivers/STM32L4xx_HAL_Driver/Inc/Legacy -I../Drivers/CMSIS/Device/ST/STM32L4xx/Include -I../Drivers/CMSIS/Include -I../BlueNRG-MS/Target -I../Middlewares/ST/BlueNRG-MS/utils -I../Middlewares/ST/BlueNRG-MS/includes -I../Middlewares/ST/BlueNRG-MS/hci/hci_tl_patterns/Basic -O0 -ffunction-sections -fdata-sections -Wall -fstack-usage -MMD -MP -MF"Middlewares/ST/BlueNRG-MS/hci/hci_tl_patterns/Basic/hci_tl.d" -MT"Middlewares/ST/BlueNRG-MS/hci/hci_tl_patterns/Basic/hci_tl.o" --specs=nano.specs -mfpu=fpv4-sp-d16 -mfloat-abi=hard -mthumb -o "Middlewares/ST/BlueNRG-MS/hci/hci_tl_patterns/Basic/hci_tl.o"
arm-none-eabi-gcc "../Middlewares/ST/BlueNRG-MS/hci/controller/bluenrg_IFR.c" -mcpu=cortex-m4 -std=gnu11 -g3 -DUSE_HAL_DRIVER -DSTM32L476xx -DDEBUG -c -I../Core/Inc -I../Drivers/STM32L4xx_HAL_Driver/Inc -I../Drivers/STM32L4xx_HAL_Driver/Inc/Legacy -I../Drivers/CMSIS/Device/ST/STM32L4xx/Include -I../Drivers/CMSIS/Include -I../BlueNRG-MS/Target -I../Middlewares/ST/BlueNRG-MS/utils -I../Middlewares/ST/BlueNRG-MS/includes -I../Middlewares/ST/BlueNRG-MS/hci/hci_tl_patterns/Basic -O0 -ffunction-sections -fdata-sections -Wall -fstack-usage -MMD -MP -MF"Middlewares/ST/BlueNRG-MS/hci/controller/bluenrg_IFR.d" -MT"Middlewares/ST/BlueNRG-MS/hci/controller/bluenrg_IFR.o" --specs=nano.specs -mfpu=fpv4-sp-d16 -mfloat-abi=hard -mthumb -o "Middlewares/ST/BlueNRG-MS/hci/controller/bluenrg_IFR.o"
arm-none-eabi-gcc "../Middlewares/ST/BlueNRG-MS/hci/controller/bluenrg_gap_aci.c" -mcpu=cortex-m4 -std=gnu11 -g3 -DUSE_HAL_DRIVER -DSTM32L476xx -DDEBUG -c -I../Core/Inc -I../Drivers/STM32L4xx_HAL_Driver/Inc -I../Drivers/STM32L4xx_HAL_Driver/Inc/Legacy -I../Drivers/CMSIS/Device/ST/STM32L4xx/Include -I../Drivers/CMSIS/Include -I../BlueNRG-MS/Target -I../Middlewares/ST/BlueNRG-MS/utils -I../Middlewares/ST/BlueNRG-MS/includes -I../Middlewares/ST/BlueNRG-MS/hci/hci_tl_patterns/Basic -O0 -ffunction-sections -fdata-sections -Wall -fstack-usage -MMD -MP -MF"Middlewares/ST/BlueNRG-MS/hci/controller/bluenrg_gap_aci.d" -MT"Middlewares/ST/BlueNRG-MS/hci/controller/bluenrg_gap_aci.o" --specs=nano.specs -mfpu=fpv4-sp-d16 -mfloat-abi=hard -mthumb -o "Middlewares/ST/BlueNRG-MS/hci/controller/bluenrg_gap_aci.o"
arm-none-eabi-gcc "../Middlewares/ST/BlueNRG-MS/hci/controller/bluenrg_gatt_aci.c" -mcpu=cortex-m4 -std=gnu11 -g3 -DUSE_HAL_DRIVER -DSTM32L476xx -DDEBUG -c -I../Core/Inc -I../Drivers/STM32L4xx_HAL_Driver/Inc -I../Drivers/STM32L4xx_HAL_Driver/Inc/Legacy -I../Drivers/CMSIS/Device/ST/STM32L4xx/Include -I../Drivers/CMSIS/Include -I../BlueNRG-MS/Target -I../Middlewares/ST/BlueNRG-MS/utils -I../Middlewares/ST/BlueNRG-MS/includes -I../Middlewares/ST/BlueNRG-MS/hci/hci_tl_patterns/Basic -O0 -ffunction-sections -fdata-sections -Wall -fstack-usage -MMD -MP -MF"Middlewares/ST/BlueNRG-MS/hci/controller/bluenrg_gatt_aci.d" -MT"Middlewares/ST/BlueNRG-MS/hci/controller/bluenrg_gatt_aci.o" --specs=nano.specs -mfpu=fpv4-sp-d16 -mfloat-abi=hard -mthumb -o "Middlewares/ST/BlueNRG-MS/hci/controller/bluenrg_gatt_aci.o"
arm-none-eabi-gcc "../Middlewares/ST/BlueNRG-MS/hci/controller/bluenrg_hal_aci.c" -mcpu=cortex-m4 -std=gnu11 -g3 -DUSE_HAL_DRIVER -DSTM32L476xx -DDEBUG -c -I../Core/Inc -I../Drivers/STM32L4xx_HAL_Driver/Inc -I../Drivers/STM32L4xx_HAL_Driver/Inc/Legacy -I../Drivers/CMSIS/Device/ST/STM32L4xx/Include -I../Drivers/CMSIS/Include -I../BlueNRG-MS/Target -I../Middlewares/ST/BlueNRG-MS/utils -I../Middlewares/ST/BlueNRG-MS/includes -I../Middlewares/ST/BlueNRG-MS/hci/hci_tl_patterns/Basic -O0 -ffunction-sections -fdata-sections -Wall -fstack-usage -MMD -MP -MF"Middlewares/ST/BlueNRG-MS/hci/controller/bluenrg_hal_aci.d" -MT"Middlewares/ST/BlueNRG-MS/hci/controller/bluenrg_hal_aci.o" --specs=nano.specs -mfpu=fpv4-sp-d16 -mfloat-abi=hard -mthumb -o "Middlewares/ST/BlueNRG-MS/hci/controller/bluenrg_hal_aci.o"
arm-none-eabi-gcc "../Middlewares/ST/BlueNRG-MS/hci/controller/bluenrg_l2cap_aci.c" -mcpu=cortex-m4 -std=gnu11 -g3 -DUSE_HAL_DRIVER -DSTM32L476xx -DDEBUG -c -I../Core/Inc -I../Drivers/STM32L4xx_HAL_Driver/Inc -I../Drivers/STM32L4xx_HAL_Driver/Inc/Legacy -I../Drivers/CMSIS/Device/ST/STM32L4xx/Include -I../Drivers/CMSIS/Include -I../BlueNRG-MS/Target -I../Middlewares/ST/BlueNRG-MS/utils -I../Middlewares/ST/BlueNRG-MS/includes -I../Middlewares/ST/BlueNRG-MS/hci/hci_tl_patterns/Basic -O0 -ffunction-sections -fdata-sections -Wall -fstack-usage -MMD -MP -MF"Middlewares/ST/BlueNRG-MS/hci/controller/bluenrg_l2cap_aci.d" -MT"Middlewares/ST/BlueNRG-MS/hci/controller/bluenrg_l2cap_aci.o" --specs=nano.specs -mfpu=fpv4-sp-d16 -mfloat-abi=hard -mthumb -o "Middlewares/ST/BlueNRG-MS/hci/controller/bluenrg_l2cap_aci.o"
arm-none-eabi-gcc "../Middlewares/ST/BlueNRG-MS/hci/controller/bluenrg_updater_aci.c" -mcpu=cortex-m4 -std=gnu11 -g3 -DUSE_HAL_DRIVER -DSTM32L476xx -DDEBUG -c -I../Core/Inc -I../Drivers/STM32L4xx_HAL_Driver/Inc -I../Drivers/STM32L4xx_HAL_Driver/Inc/Legacy -I../Drivers/CMSIS/Device/ST/STM32L4xx/Include -I../Drivers/CMSIS/Include -I../BlueNRG-MS/Target -I../Middlewares/ST/BlueNRG-MS/utils -I../Middlewares/ST/BlueNRG-MS/includes -I../Middlewares/ST/BlueNRG-MS/hci/hci_tl_patterns/Basic -O0 -ffunction-sections -fdata-sections -Wall -fstack-usage -MMD -MP -MF"Middlewares/ST/BlueNRG-MS/hci/controller/bluenrg_updater_aci.d" -MT"Middlewares/ST/BlueNRG-MS/hci/controller/bluenrg_updater_aci.o" --specs=nano.specs -mfpu=fpv4-sp-d16 -mfloat-abi=hard -mthumb -o "Middlewares/ST/BlueNRG-MS/hci/controller/bluenrg_updater_aci.o"
arm-none-eabi-gcc "../Middlewares/ST/BlueNRG-MS/hci/controller/bluenrg_utils_small.c" -mcpu=cortex-m4 -std=gnu11 -g3 -DUSE_HAL_DRIVER -DSTM32L476xx -DDEBUG -c -I../Core/Inc -I../Drivers/STM32L4xx_HAL_Driver/Inc -I../Drivers/STM32L4xx_HAL_Driver/Inc/Legacy -I../Drivers/CMSIS/Device/ST/STM32L4xx/Include -I../Drivers/CMSIS/Include -I../BlueNRG-MS/Target -I../Middlewares/ST/BlueNRG-MS/utils -I../Middlewares/ST/BlueNRG-MS/includes -I../Middlewares/ST/BlueNRG-MS/hci/hci_tl_patterns/Basic -O0 -ffunction-sections -fdata-sections -Wall -fstack-usage -MMD -MP -MF"Middlewares/ST/BlueNRG-MS/hci/controller/bluenrg_utils_small.d" -MT"Middlewares/ST/BlueNRG-MS/hci/controller/bluenrg_utils_small.o" --specs=nano.specs -mfpu=fpv4-sp-d16 -mfloat-abi=hard -mthumb -o "Middlewares/ST/BlueNRG-MS/hci/controller/bluenrg_utils_small.o"
arm-none-eabi-gcc "../Middlewares/ST/BlueNRG-MS/hci/hci_le.c" -mcpu=cortex-m4 -std=gnu11 -g3 -DUSE_HAL_DRIVER -DSTM32L476xx -DDEBUG -c -I../Core/Inc -I../Drivers/STM32L4xx_HAL_Driver/Inc -I../Drivers/STM32L4xx_HAL_Driver/Inc/Legacy -I../Drivers/CMSIS/Device/ST/STM32L4xx/Include -I../Drivers/CMSIS/Include -I../BlueNRG-MS/Target -I../Middlewares/ST/BlueNRG-MS/utils -I../Middlewares/ST/BlueNRG-MS/includes -I../Middlewares/ST/BlueNRG-MS/hci/hci_tl_patterns/Basic -O0 -ffunction-sections -fdata-sections -Wall -fstack-usage -MMD -MP -MF"Middlewares/ST/BlueNRG-MS/hci/hci_le.d" -MT"Middlewares/ST/BlueNRG-MS/hci/hci_le.o" --specs=nano.specs -mfpu=fpv4-sp-d16 -mfloat-abi=hard -mthumb -o "Middlewares/ST/BlueNRG-MS/hci/hci_le.o"
../Middlewares/ST/BlueNRG-MS/hci/controller/bluenrg_IFR.c:356:2: warning: #warning BLUENRG_CONFIG not valid [-Wcpp]
 #warning BLUENRG_CONFIG not valid
  ^~~~~~~
arm-none-eabi-gcc "../Drivers/STM32L4xx_HAL_Driver/Src/stm32l4xx_hal.c" -mcpu=cortex-m4 -std=gnu11 -g3 -DUSE_HAL_DRIVER -DSTM32L476xx -DDEBUG -c -I../Core/Inc -I../Drivers/STM32L4xx_HAL_Driver/Inc -I../Drivers/STM32L4xx_HAL_Driver/Inc/Legacy -I../Drivers/CMSIS/Device/ST/STM32L4xx/Include -I../Drivers/CMSIS/Include -I../BlueNRG-MS/Target -I../Middlewares/ST/BlueNRG-MS/utils -I../Middlewares/ST/BlueNRG-MS/includes -I../Middlewares/ST/BlueNRG-MS/hci/hci_tl_patterns/Basic -O0 -ffunction-sections -fdata-sections -Wall -fstack-usage -MMD -MP -MF"Drivers/STM32L4xx_HAL_Driver/Src/stm32l4xx_hal.d" -MT"Drivers/STM32L4xx_HAL_Driver/Src/stm32l4xx_hal.o" --specs=nano.specs -mfpu=fpv4-sp-d16 -mfloat-abi=hard -mthumb -o "Drivers/STM32L4xx_HAL_Driver/Src/stm32l4xx_hal.o"
arm-none-eabi-gcc "../Drivers/STM32L4xx_HAL_Driver/Src/stm32l4xx_hal_cortex.c" -mcpu=cortex-m4 -std=gnu11 -g3 -DUSE_HAL_DRIVER -DSTM32L476xx -DDEBUG -c -I../Core/Inc -I../Drivers/STM32L4xx_HAL_Driver/Inc -I../Drivers/STM32L4xx_HAL_Driver/Inc/Legacy -I../Drivers/CMSIS/Device/ST/STM32L4xx/Include -I../Drivers/CMSIS/Include -I../BlueNRG-MS/Target -I../Middlewares/ST/BlueNRG-MS/utils -I../Middlewares/ST/BlueNRG-MS/includes -I../Middlewares/ST/BlueNRG-MS/hci/hci_tl_patterns/Basic -O0 -ffunction-sections -fdata-sections -Wall -fstack-usage -MMD -MP -MF"Drivers/STM32L4xx_HAL_Driver/Src/stm32l4xx_hal_cortex.d" -MT"Drivers/STM32L4xx_HAL_Driver/Src/stm32l4xx_hal_cortex.o" --specs=nano.specs -mfpu=fpv4-sp-d16 -mfloat-abi=hard -mthumb -o "Drivers/STM32L4xx_HAL_Driver/Src/stm32l4xx_hal_cortex.o"
arm-none-eabi-gcc "../Drivers/STM32L4xx_HAL_Driver/Src/stm32l4xx_hal_dma.c" -mcpu=cortex-m4 -std=gnu11 -g3 -DUSE_HAL_DRIVER -DSTM32L476xx -DDEBUG -c -I../Core/Inc -I../Drivers/STM32L4xx_HAL_Driver/Inc -I../Drivers/STM32L4xx_HAL_Driver/Inc/Legacy -I../Drivers/CMSIS/Device/ST/STM32L4xx/Include -I../Drivers/CMSIS/Include -I../BlueNRG-MS/Target -I../Middlewares/ST/BlueNRG-MS/utils -I../Middlewares/ST/BlueNRG-MS/includes -I../Middlewares/ST/BlueNRG-MS/hci/hci_tl_patterns/Basic -O0 -ffunction-sections -fdata-sections -Wall -fstack-usage -MMD -MP -MF"Drivers/STM32L4xx_HAL_Driver/Src/stm32l4xx_hal_dma.d" -MT"Drivers/STM32L4xx_HAL_Driver/Src/stm32l4xx_hal_dma.o" --specs=nano.specs -mfpu=fpv4-sp-d16 -mfloat-abi=hard -mthumb -o "Drivers/STM32L4xx_HAL_Driver/Src/stm32l4xx_hal_dma.o"
arm-none-eabi-gcc "../Drivers/STM32L4xx_HAL_Driver/Src/stm32l4xx_hal_dma_ex.c" -mcpu=cortex-m4 -std=gnu11 -g3 -DUSE_HAL_DRIVER -DSTM32L476xx -DDEBUG -c -I../Core/Inc -I../Drivers/STM32L4xx_HAL_Driver/Inc -I../Drivers/STM32L4xx_HAL_Driver/Inc/Legacy -I../Drivers/CMSIS/Device/ST/STM32L4xx/Include -I../Drivers/CMSIS/Include -I../BlueNRG-MS/Target -I../Middlewares/ST/BlueNRG-MS/utils -I../Middlewares/ST/BlueNRG-MS/includes -I../Middlewares/ST/BlueNRG-MS/hci/hci_tl_patterns/Basic -O0 -ffunction-sections -fdata-sections -Wall -fstack-usage -MMD -MP -MF"Drivers/STM32L4xx_HAL_Driver/Src/stm32l4xx_hal_dma_ex.d" -MT"Drivers/STM32L4xx_HAL_Driver/Src/stm32l4xx_hal_dma_ex.o" --specs=nano.specs -mfpu=fpv4-sp-d16 -mfloat-abi=hard -mthumb -o "Drivers/STM32L4xx_HAL_Driver/Src/stm32l4xx_hal_dma_ex.o"
arm-none-eabi-gcc "../Drivers/STM32L4xx_HAL_Driver/Src/stm32l4xx_hal_exti.c" -mcpu=cortex-m4 -std=gnu11 -g3 -DUSE_HAL_DRIVER -DSTM32L476xx -DDEBUG -c -I../Core/Inc -I../Drivers/STM32L4xx_HAL_Driver/Inc -I../Drivers/STM32L4xx_HAL_Driver/Inc/Legacy -I../Drivers/CMSIS/Device/ST/STM32L4xx/Include -I../Drivers/CMSIS/Include -I../BlueNRG-MS/Target -I../Middlewares/ST/BlueNRG-MS/utils -I../Middlewares/ST/BlueNRG-MS/includes -I../Middlewares/ST/BlueNRG-MS/hci/hci_tl_patterns/Basic -O0 -ffunction-sections -fdata-sections -Wall -fstack-usage -MMD -MP -MF"Drivers/STM32L4xx_HAL_Driver/Src/stm32l4xx_hal_exti.d" -MT"Drivers/STM32L4xx_HAL_Driver/Src/stm32l4xx_hal_exti.o" --specs=nano.specs -mfpu=fpv4-sp-d16 -mfloat-abi=hard -mthumb -o "Drivers/STM32L4xx_HAL_Driver/Src/stm32l4xx_hal_exti.o"
arm-none-eabi-gcc "../Drivers/STM32L4xx_HAL_Driver/Src/stm32l4xx_hal_flash.c" -mcpu=cortex-m4 -std=gnu11 -g3 -DUSE_HAL_DRIVER -DSTM32L476xx -DDEBUG -c -I../Core/Inc -I../Drivers/STM32L4xx_HAL_Driver/Inc -I../Drivers/STM32L4xx_HAL_Driver/Inc/Legacy -I../Drivers/CMSIS/Device/ST/STM32L4xx/Include -I../Drivers/CMSIS/Include -I../BlueNRG-MS/Target -I../Middlewares/ST/BlueNRG-MS/utils -I../Middlewares/ST/BlueNRG-MS/includes -I../Middlewares/ST/BlueNRG-MS/hci/hci_tl_patterns/Basic -O0 -ffunction-sections -fdata-sections -Wall -fstack-usage -MMD -MP -MF"Drivers/STM32L4xx_HAL_Driver/Src/stm32l4xx_hal_flash.d" -MT"Drivers/STM32L4xx_HAL_Driver/Src/stm32l4xx_hal_flash.o" --specs=nano.specs -mfpu=fpv4-sp-d16 -mfloat-abi=hard -mthumb -o "Drivers/STM32L4xx_HAL_Driver/Src/stm32l4xx_hal_flash.o"
arm-none-eabi-gcc "../Drivers/STM32L4xx_HAL_Driver/Src/stm32l4xx_hal_flash_ex.c" -mcpu=cortex-m4 -std=gnu11 -g3 -DUSE_HAL_DRIVER -DSTM32L476xx -DDEBUG -c -I../Core/Inc -I../Drivers/STM32L4xx_HAL_Driver/Inc -I../Drivers/STM32L4xx_HAL_Driver/Inc/Legacy -I../Drivers/CMSIS/Device/ST/STM32L4xx/Include -I../Drivers/CMSIS/Include -I../BlueNRG-MS/Target -I../Middlewares/ST/BlueNRG-MS/utils -I../Middlewares/ST/BlueNRG-MS/includes -I../Middlewares/ST/BlueNRG-MS/hci/hci_tl_patterns/Basic -O0 -ffunction-sections -fdata-sections -Wall -fstack-usage -MMD -MP -MF"Drivers/STM32L4xx_HAL_Driver/Src/stm32l4xx_hal_flash_ex.d" -MT"Drivers/STM32L4xx_HAL_Driver/Src/stm32l4xx_hal_flash_ex.o" --specs=nano.specs -mfpu=fpv4-sp-d16 -mfloat-abi=hard -mthumb -o "Drivers/STM32L4xx_HAL_Driver/Src/stm32l4xx_hal_flash_ex.o"
arm-none-eabi-gcc "../Drivers/STM32L4xx_HAL_Driver/Src/stm32l4xx_hal_flash_ramfunc.c" -mcpu=cortex-m4 -std=gnu11 -g3 -DUSE_HAL_DRIVER -DSTM32L476xx -DDEBUG -c -I../Core/Inc -I../Drivers/STM32L4xx_HAL_Driver/Inc -I../Drivers/STM32L4xx_HAL_Driver/Inc/Legacy -I../Drivers/CMSIS/Device/ST/STM32L4xx/Include -I../Drivers/CMSIS/Include -I../BlueNRG-MS/Target -I../Middlewares/ST/BlueNRG-MS/utils -I../Middlewares/ST/BlueNRG-MS/includes -I../Middlewares/ST/BlueNRG-MS/hci/hci_tl_patterns/Basic -O0 -ffunction-sections -fdata-sections -Wall -fstack-usage -MMD -MP -MF"Drivers/STM32L4xx_HAL_Driver/Src/stm32l4xx_hal_flash_ramfunc.d" -MT"Drivers/STM32L4xx_HAL_Driver/Src/stm32l4xx_hal_flash_ramfunc.o" --specs=nano.specs -mfpu=fpv4-sp-d16 -mfloat-abi=hard -mthumb -o "Drivers/STM32L4xx_HAL_Driver/Src/stm32l4xx_hal_flash_ramfunc.o"
arm-none-eabi-gcc "../Drivers/STM32L4xx_HAL_Driver/Src/stm32l4xx_hal_gpio.c" -mcpu=cortex-m4 -std=gnu11 -g3 -DUSE_HAL_DRIVER -DSTM32L476xx -DDEBUG -c -I../Core/Inc -I../Drivers/STM32L4xx_HAL_Driver/Inc -I../Drivers/STM32L4xx_HAL_Driver/Inc/Legacy -I../Drivers/CMSIS/Device/ST/STM32L4xx/Include -I../Drivers/CMSIS/Include -I../BlueNRG-MS/Target -I../Middlewares/ST/BlueNRG-MS/utils -I../Middlewares/ST/BlueNRG-MS/includes -I../Middlewares/ST/BlueNRG-MS/hci/hci_tl_patterns/Basic -O0 -ffunction-sections -fdata-sections -Wall -fstack-usage -MMD -MP -MF"Drivers/STM32L4xx_HAL_Driver/Src/stm32l4xx_hal_gpio.d" -MT"Drivers/STM32L4xx_HAL_Driver/Src/stm32l4xx_hal_gpio.o" --specs=nano.specs -mfpu=fpv4-sp-d16 -mfloat-abi=hard -mthumb -o "Drivers/STM32L4xx_HAL_Driver/Src/stm32l4xx_hal_gpio.o"
arm-none-eabi-gcc "../Drivers/STM32L4xx_HAL_Driver/Src/stm32l4xx_hal_i2c.c" -mcpu=cortex-m4 -std=gnu11 -g3 -DUSE_HAL_DRIVER -DSTM32L476xx -DDEBUG -c -I../Core/Inc -I../Drivers/STM32L4xx_HAL_Driver/Inc -I../Drivers/STM32L4xx_HAL_Driver/Inc/Legacy -I../Drivers/CMSIS/Device/ST/STM32L4xx/Include -I../Drivers/CMSIS/Include -I../BlueNRG-MS/Target -I../Middlewares/ST/BlueNRG-MS/utils -I../Middlewares/ST/BlueNRG-MS/includes -I../Middlewares/ST/BlueNRG-MS/hci/hci_tl_patterns/Basic -O0 -ffunction-sections -fdata-sections -Wall -fstack-usage -MMD -MP -MF"Drivers/STM32L4xx_HAL_Driver/Src/stm32l4xx_hal_i2c.d" -MT"Drivers/STM32L4xx_HAL_Driver/Src/stm32l4xx_hal_i2c.o" --specs=nano.specs -mfpu=fpv4-sp-d16 -mfloat-abi=hard -mthumb -o "Drivers/STM32L4xx_HAL_Driver/Src/stm32l4xx_hal_i2c.o"
arm-none-eabi-gcc "../Drivers/STM32L4xx_HAL_Driver/Src/stm32l4xx_hal_i2c_ex.c" -mcpu=cortex-m4 -std=gnu11 -g3 -DUSE_HAL_DRIVER -DSTM32L476xx -DDEBUG -c -I../Core/Inc -I../Drivers/STM32L4xx_HAL_Driver/Inc -I../Drivers/STM32L4xx_HAL_Driver/Inc/Legacy -I../Drivers/CMSIS/Device/ST/STM32L4xx/Include -I../Drivers/CMSIS/Include -I../BlueNRG-MS/Target -I../Middlewares/ST/BlueNRG-MS/utils -I../Middlewares/ST/BlueNRG-MS/includes -I../Middlewares/ST/BlueNRG-MS/hci/hci_tl_patterns/Basic -O0 -ffunction-sections -fdata-sections -Wall -fstack-usage -MMD -MP -MF"Drivers/STM32L4xx_HAL_Driver/Src/stm32l4xx_hal_i2c_ex.d" -MT"Drivers/STM32L4xx_HAL_Driver/Src/stm32l4xx_hal_i2c_ex.o" --specs=nano.specs -mfpu=fpv4-sp-d16 -mfloat-abi=hard -mthumb -o "Drivers/STM32L4xx_HAL_Driver/Src/stm32l4xx_hal_i2c_ex.o"
arm-none-eabi-gcc "../Drivers/STM32L4xx_HAL_Driver/Src/stm32l4xx_hal_pwr.c" -mcpu=cortex-m4 -std=gnu11 -g3 -DUSE_HAL_DRIVER -DSTM32L476xx -DDEBUG -c -I../Core/Inc -I../Drivers/STM32L4xx_HAL_Driver/Inc -I../Drivers/STM32L4xx_HAL_Driver/Inc/Legacy -I../Drivers/CMSIS/Device/ST/STM32L4xx/Include -I../Drivers/CMSIS/Include -I../BlueNRG-MS/Target -I../Middlewares/ST/BlueNRG-MS/utils -I../Middlewares/ST/BlueNRG-MS/includes -I../Middlewares/ST/BlueNRG-MS/hci/hci_tl_patterns/Basic -O0 -ffunction-sections -fdata-sections -Wall -fstack-usage -MMD -MP -MF"Drivers/STM32L4xx_HAL_Driver/Src/stm32l4xx_hal_pwr.d" -MT"Drivers/STM32L4xx_HAL_Driver/Src/stm32l4xx_hal_pwr.o" --specs=nano.specs -mfpu=fpv4-sp-d16 -mfloat-abi=hard -mthumb -o "Drivers/STM32L4xx_HAL_Driver/Src/stm32l4xx_hal_pwr.o"
arm-none-eabi-gcc "../Drivers/STM32L4xx_HAL_Driver/Src/stm32l4xx_hal_pwr_ex.c" -mcpu=cortex-m4 -std=gnu11 -g3 -DUSE_HAL_DRIVER -DSTM32L476xx -DDEBUG -c -I../Core/Inc -I../Drivers/STM32L4xx_HAL_Driver/Inc -I../Drivers/STM32L4xx_HAL_Driver/Inc/Legacy -I../Drivers/CMSIS/Device/ST/STM32L4xx/Include -I../Drivers/CMSIS/Include -I../BlueNRG-MS/Target -I../Middlewares/ST/BlueNRG-MS/utils -I../Middlewares/ST/BlueNRG-MS/includes -I../Middlewares/ST/BlueNRG-MS/hci/hci_tl_patterns/Basic -O0 -ffunction-sections -fdata-sections -Wall -fstack-usage -MMD -MP -MF"Drivers/STM32L4xx_HAL_Driver/Src/stm32l4xx_hal_pwr_ex.d" -MT"Drivers/STM32L4xx_HAL_Driver/Src/stm32l4xx_hal_pwr_ex.o" --specs=nano.specs -mfpu=fpv4-sp-d16 -mfloat-abi=hard -mthumb -o "Drivers/STM32L4xx_HAL_Driver/Src/stm32l4xx_hal_pwr_ex.o"
arm-none-eabi-gcc "../Drivers/STM32L4xx_HAL_Driver/Src/stm32l4xx_hal_rcc.c" -mcpu=cortex-m4 -std=gnu11 -g3 -DUSE_HAL_DRIVER -DSTM32L476xx -DDEBUG -c -I../Core/Inc -I../Drivers/STM32L4xx_HAL_Driver/Inc -I../Drivers/STM32L4xx_HAL_Driver/Inc/Legacy -I../Drivers/CMSIS/Device/ST/STM32L4xx/Include -I../Drivers/CMSIS/Include -I../BlueNRG-MS/Target -I../Middlewares/ST/BlueNRG-MS/utils -I../Middlewares/ST/BlueNRG-MS/includes -I../Middlewares/ST/BlueNRG-MS/hci/hci_tl_patterns/Basic -O0 -ffunction-sections -fdata-sections -Wall -fstack-usage -MMD -MP -MF"Drivers/STM32L4xx_HAL_Driver/Src/stm32l4xx_hal_rcc.d" -MT"Drivers/STM32L4xx_HAL_Driver/Src/stm32l4xx_hal_rcc.o" --specs=nano.specs -mfpu=fpv4-sp-d16 -mfloat-abi=hard -mthumb -o "Drivers/STM32L4xx_HAL_Driver/Src/stm32l4xx_hal_rcc.o"
arm-none-eabi-gcc "../Drivers/STM32L4xx_HAL_Driver/Src/stm32l4xx_hal_rcc_ex.c" -mcpu=cortex-m4 -std=gnu11 -g3 -DUSE_HAL_DRIVER -DSTM32L476xx -DDEBUG -c -I../Core/Inc -I../Drivers/STM32L4xx_HAL_Driver/Inc -I../Drivers/STM32L4xx_HAL_Driver/Inc/Legacy -I../Drivers/CMSIS/Device/ST/STM32L4xx/Include -I../Drivers/CMSIS/Include -I../BlueNRG-MS/Target -I../Middlewares/ST/BlueNRG-MS/utils -I../Middlewares/ST/BlueNRG-MS/includes -I../Middlewares/ST/BlueNRG-MS/hci/hci_tl_patterns/Basic -O0 -ffunction-sections -fdata-sections -Wall -fstack-usage -MMD -MP -MF"Drivers/STM32L4xx_HAL_Driver/Src/stm32l4xx_hal_rcc_ex.d" -MT"Drivers/STM32L4xx_HAL_Driver/Src/stm32l4xx_hal_rcc_ex.o" --specs=nano.specs -mfpu=fpv4-sp-d16 -mfloat-abi=hard -mthumb -o "Drivers/STM32L4xx_HAL_Driver/Src/stm32l4xx_hal_rcc_ex.o"
arm-none-eabi-gcc "../Drivers/STM32L4xx_HAL_Driver/Src/stm32l4xx_hal_spi.c" -mcpu=cortex-m4 -std=gnu11 -g3 -DUSE_HAL_DRIVER -DSTM32L476xx -DDEBUG -c -I../Core/Inc -I../Drivers/STM32L4xx_HAL_Driver/Inc -I../Drivers/STM32L4xx_HAL_Driver/Inc/Legacy -I../Drivers/CMSIS/Device/ST/STM32L4xx/Include -I../Drivers/CMSIS/Include -I../BlueNRG-MS/Target -I../Middlewares/ST/BlueNRG-MS/utils -I../Middlewares/ST/BlueNRG-MS/includes -I../Middlewares/ST/BlueNRG-MS/hci/hci_tl_patterns/Basic -O0 -ffunction-sections -fdata-sections -Wall -fstack-usage -MMD -MP -MF"Drivers/STM32L4xx_HAL_Driver/Src/stm32l4xx_hal_spi.d" -MT"Drivers/STM32L4xx_HAL_Driver/Src/stm32l4xx_hal_spi.o" --specs=nano.specs -mfpu=fpv4-sp-d16 -mfloat-abi=hard -mthumb -o "Drivers/STM32L4xx_HAL_Driver/Src/stm32l4xx_hal_spi.o"
arm-none-eabi-gcc "../Drivers/STM32L4xx_HAL_Driver/Src/stm32l4xx_hal_spi_ex.c" -mcpu=cortex-m4 -std=gnu11 -g3 -DUSE_HAL_DRIVER -DSTM32L476xx -DDEBUG -c -I../Core/Inc -I../Drivers/STM32L4xx_HAL_Driver/Inc -I../Drivers/STM32L4xx_HAL_Driver/Inc/Legacy -I../Drivers/CMSIS/Device/ST/STM32L4xx/Include -I../Drivers/CMSIS/Include -I../BlueNRG-MS/Target -I../Middlewares/ST/BlueNRG-MS/utils -I../Middlewares/ST/BlueNRG-MS/includes -I../Middlewares/ST/BlueNRG-MS/hci/hci_tl_patterns/Basic -O0 -ffunction-sections -fdata-sections -Wall -fstack-usage -MMD -MP -MF"Drivers/STM32L4xx_HAL_Driver/Src/stm32l4xx_hal_spi_ex.d" -MT"Drivers/STM32L4xx_HAL_Driver/Src/stm32l4xx_hal_spi_ex.o" --specs=nano.specs -mfpu=fpv4-sp-d16 -mfloat-abi=hard -mthumb -o "Drivers/STM32L4xx_HAL_Driver/Src/stm32l4xx_hal_spi_ex.o"
arm-none-eabi-gcc "../Drivers/STM32L4xx_HAL_Driver/Src/stm32l4xx_hal_tim.c" -mcpu=cortex-m4 -std=gnu11 -g3 -DUSE_HAL_DRIVER -DSTM32L476xx -DDEBUG -c -I../Core/Inc -I../Drivers/STM32L4xx_HAL_Driver/Inc -I../Drivers/STM32L4xx_HAL_Driver/Inc/Legacy -I../Drivers/CMSIS/Device/ST/STM32L4xx/Include -I../Drivers/CMSIS/Include -I../BlueNRG-MS/Target -I../Middlewares/ST/BlueNRG-MS/utils -I../Middlewares/ST/BlueNRG-MS/includes -I../Middlewares/ST/BlueNRG-MS/hci/hci_tl_patterns/Basic -O0 -ffunction-sections -fdata-sections -Wall -fstack-usage -MMD -MP -MF"Drivers/STM32L4xx_HAL_Driver/Src/stm32l4xx_hal_tim.d" -MT"Drivers/STM32L4xx_HAL_Driver/Src/stm32l4xx_hal_tim.o" --specs=nano.specs -mfpu=fpv4-sp-d16 -mfloat-abi=hard -mthumb -o "Drivers/STM32L4xx_HAL_Driver/Src/stm32l4xx_hal_tim.o"
arm-none-eabi-gcc "../Drivers/STM32L4xx_HAL_Driver/Src/stm32l4xx_hal_tim_ex.c" -mcpu=cortex-m4 -std=gnu11 -g3 -DUSE_HAL_DRIVER -DSTM32L476xx -DDEBUG -c -I../Core/Inc -I../Drivers/STM32L4xx_HAL_Driver/Inc -I../Drivers/STM32L4xx_HAL_Driver/Inc/Legacy -I../Drivers/CMSIS/Device/ST/STM32L4xx/Include -I../Drivers/CMSIS/Include -I../BlueNRG-MS/Target -I../Middlewares/ST/BlueNRG-MS/utils -I../Middlewares/ST/BlueNRG-MS/includes -I../Middlewares/ST/BlueNRG-MS/hci/hci_tl_patterns/Basic -O0 -ffunction-sections -fdata-sections -Wall -fstack-usage -MMD -MP -MF"Drivers/STM32L4xx_HAL_Driver/Src/stm32l4xx_hal_tim_ex.d" -MT"Drivers/STM32L4xx_HAL_Driver/Src/stm32l4xx_hal_tim_ex.o" --specs=nano.specs -mfpu=fpv4-sp-d16 -mfloat-abi=hard -mthumb -o "Drivers/STM32L4xx_HAL_Driver/Src/stm32l4xx_hal_tim_ex.o"
arm-none-eabi-gcc "../Drivers/STM32L4xx_HAL_Driver/Src/stm32l4xx_hal_uart.c" -mcpu=cortex-m4 -std=gnu11 -g3 -DUSE_HAL_DRIVER -DSTM32L476xx -DDEBUG -c -I../Core/Inc -I../Drivers/STM32L4xx_HAL_Driver/Inc -I../Drivers/STM32L4xx_HAL_Driver/Inc/Legacy -I../Drivers/CMSIS/Device/ST/STM32L4xx/Include -I../Drivers/CMSIS/Include -I../BlueNRG-MS/Target -I../Middlewares/ST/BlueNRG-MS/utils -I../Middlewares/ST/BlueNRG-MS/includes -I../Middlewares/ST/BlueNRG-MS/hci/hci_tl_patterns/Basic -O0 -ffunction-sections -fdata-sections -Wall -fstack-usage -MMD -MP -MF"Drivers/STM32L4xx_HAL_Driver/Src/stm32l4xx_hal_uart.d" -MT"Drivers/STM32L4xx_HAL_Driver/Src/stm32l4xx_hal_uart.o" --specs=nano.specs -mfpu=fpv4-sp-d16 -mfloat-abi=hard -mthumb -o "Drivers/STM32L4xx_HAL_Driver/Src/stm32l4xx_hal_uart.o"
arm-none-eabi-gcc "../Drivers/STM32L4xx_HAL_Driver/Src/stm32l4xx_hal_uart_ex.c" -mcpu=cortex-m4 -std=gnu11 -g3 -DUSE_HAL_DRIVER -DSTM32L476xx -DDEBUG -c -I../Core/Inc -I../Drivers/STM32L4xx_HAL_Driver/Inc -I../Drivers/STM32L4xx_HAL_Driver/Inc/Legacy -I../Drivers/CMSIS/Device/ST/STM32L4xx/Include -I../Drivers/CMSIS/Include -I../BlueNRG-MS/Target -I../Middlewares/ST/BlueNRG-MS/utils -I../Middlewares/ST/BlueNRG-MS/includes -I../Middlewares/ST/BlueNRG-MS/hci/hci_tl_patterns/Basic -O0 -ffunction-sections -fdata-sections -Wall -fstack-usage -MMD -MP -MF"Drivers/STM32L4xx_HAL_Driver/Src/stm32l4xx_hal_uart_ex.d" -MT"Drivers/STM32L4xx_HAL_Driver/Src/stm32l4xx_hal_uart_ex.o" --specs=nano.specs -mfpu=fpv4-sp-d16 -mfloat-abi=hard -mthumb -o "Drivers/STM32L4xx_HAL_Driver/Src/stm32l4xx_hal_uart_ex.o"
arm-none-eabi-gcc -mcpu=cortex-m4 -g3 -c -x assembler-with-cpp -MMD -MP -MF"Core/Startup/startup_stm32l476rgtx.d" -MT"Core/Startup/startup_stm32l476rgtx.o" --specs=nano.specs -mfpu=fpv4-sp-d16 -mfloat-abi=hard -mthumb -o "Core/Startup/startup_stm32l476rgtx.o" "../Core/Startup/startup_stm32l476rgtx.s"
arm-none-eabi-gcc "../Core/Src/custom_bus.c" -mcpu=cortex-m4 -std=gnu11 -g3 -DUSE_HAL_DRIVER -DSTM32L476xx -DDEBUG -c -I../Core/Inc -I../Drivers/STM32L4xx_HAL_Driver/Inc -I../Drivers/STM32L4xx_HAL_Driver/Inc/Legacy -I../Drivers/CMSIS/Device/ST/STM32L4xx/Include -I../Drivers/CMSIS/Include -I../BlueNRG-MS/Target -I../Middlewares/ST/BlueNRG-MS/utils -I../Middlewares/ST/BlueNRG-MS/includes -I../Middlewares/ST/BlueNRG-MS/hci/hci_tl_patterns/Basic -O0 -ffunction-sections -fdata-sections -Wall -fstack-usage -MMD -MP -MF"Core/Src/custom_bus.d" -MT"Core/Src/custom_bus.o" --specs=nano.specs -mfpu=fpv4-sp-d16 -mfloat-abi=hard -mthumb -o "Core/Src/custom_bus.o"
arm-none-eabi-gcc "../Core/Src/main.c" -mcpu=cortex-m4 -std=gnu11 -g3 -DUSE_HAL_DRIVER -DSTM32L476xx -DDEBUG -c -I../Core/Inc -I../Drivers/STM32L4xx_HAL_Driver/Inc -I../Drivers/STM32L4xx_HAL_Driver/Inc/Legacy -I../Drivers/CMSIS/Device/ST/STM32L4xx/Include -I../Drivers/CMSIS/Include -I../BlueNRG-MS/Target -I../Middlewares/ST/BlueNRG-MS/utils -I../Middlewares/ST/BlueNRG-MS/includes -I../Middlewares/ST/BlueNRG-MS/hci/hci_tl_patterns/Basic -O0 -ffunction-sections -fdata-sections -Wall -fstack-usage -MMD -MP -MF"Core/Src/main.d" -MT"Core/Src/main.o" --specs=nano.specs -mfpu=fpv4-sp-d16 -mfloat-abi=hard -mthumb -o "Core/Src/main.o"
arm-none-eabi-gcc "../Core/Src/stm32l4xx_hal_msp.c" -mcpu=cortex-m4 -std=gnu11 -g3 -DUSE_HAL_DRIVER -DSTM32L476xx -DDEBUG -c -I../Core/Inc -I../Drivers/STM32L4xx_HAL_Driver/Inc -I../Drivers/STM32L4xx_HAL_Driver/Inc/Legacy -I../Drivers/CMSIS/Device/ST/STM32L4xx/Include -I../Drivers/CMSIS/Include -I../BlueNRG-MS/Target -I../Middlewares/ST/BlueNRG-MS/utils -I../Middlewares/ST/BlueNRG-MS/includes -I../Middlewares/ST/BlueNRG-MS/hci/hci_tl_patterns/Basic -O0 -ffunction-sections -fdata-sections -Wall -fstack-usage -MMD -MP -MF"Core/Src/stm32l4xx_hal_msp.d" -MT"Core/Src/stm32l4xx_hal_msp.o" --specs=nano.specs -mfpu=fpv4-sp-d16 -mfloat-abi=hard -mthumb -o "Core/Src/stm32l4xx_hal_msp.o"
arm-none-eabi-gcc "../Core/Src/stm32l4xx_it.c" -mcpu=cortex-m4 -std=gnu11 -g3 -DUSE_HAL_DRIVER -DSTM32L476xx -DDEBUG -c -I../Core/Inc -I../Drivers/STM32L4xx_HAL_Driver/Inc -I../Drivers/STM32L4xx_HAL_Driver/Inc/Legacy -I../Drivers/CMSIS/Device/ST/STM32L4xx/Include -I../Drivers/CMSIS/Include -I../BlueNRG-MS/Target -I../Middlewares/ST/BlueNRG-MS/utils -I../Middlewares/ST/BlueNRG-MS/includes -I../Middlewares/ST/BlueNRG-MS/hci/hci_tl_patterns/Basic -O0 -ffunction-sections -fdata-sections -Wall -fstack-usage -MMD -MP -MF"Core/Src/stm32l4xx_it.d" -MT"Core/Src/stm32l4xx_it.o" --specs=nano.specs -mfpu=fpv4-sp-d16 -mfloat-abi=hard -mthumb -o "Core/Src/stm32l4xx_it.o"
arm-none-eabi-gcc "../Core/Src/syscalls.c" -mcpu=cortex-m4 -std=gnu11 -g3 -DUSE_HAL_DRIVER -DSTM32L476xx -DDEBUG -c -I../Core/Inc -I../Drivers/STM32L4xx_HAL_Driver/Inc -I../Drivers/STM32L4xx_HAL_Driver/Inc/Legacy -I../Drivers/CMSIS/Device/ST/STM32L4xx/Include -I../Drivers/CMSIS/Include -I../BlueNRG-MS/Target -I../Middlewares/ST/BlueNRG-MS/utils -I../Middlewares/ST/BlueNRG-MS/includes -I../Middlewares/ST/BlueNRG-MS/hci/hci_tl_patterns/Basic -O0 -ffunction-sections -fdata-sections -Wall -fstack-usage -MMD -MP -MF"Core/Src/syscalls.d" -MT"Core/Src/syscalls.o" --specs=nano.specs -mfpu=fpv4-sp-d16 -mfloat-abi=hard -mthumb -o "Core/Src/syscalls.o"
arm-none-eabi-gcc "../Core/Src/sysmem.c" -mcpu=cortex-m4 -std=gnu11 -g3 -DUSE_HAL_DRIVER -DSTM32L476xx -DDEBUG -c -I../Core/Inc -I../Drivers/STM32L4xx_HAL_Driver/Inc -I../Drivers/STM32L4xx_HAL_Driver/Inc/Legacy -I../Drivers/CMSIS/Device/ST/STM32L4xx/Include -I../Drivers/CMSIS/Include -I../BlueNRG-MS/Target -I../Middlewares/ST/BlueNRG-MS/utils -I../Middlewares/ST/BlueNRG-MS/includes -I../Middlewares/ST/BlueNRG-MS/hci/hci_tl_patterns/Basic -O0 -ffunction-sections -fdata-sections -Wall -fstack-usage -MMD -MP -MF"Core/Src/sysmem.d" -MT"Core/Src/sysmem.o" --specs=nano.specs -mfpu=fpv4-sp-d16 -mfloat-abi=hard -mthumb -o "Core/Src/sysmem.o"
arm-none-eabi-gcc "../Core/Src/system_stm32l4xx.c" -mcpu=cortex-m4 -std=gnu11 -g3 -DUSE_HAL_DRIVER -DSTM32L476xx -DDEBUG -c -I../Core/Inc -I../Drivers/STM32L4xx_HAL_Driver/Inc -I../Drivers/STM32L4xx_HAL_Driver/Inc/Legacy -I../Drivers/CMSIS/Device/ST/STM32L4xx/Include -I../Drivers/CMSIS/Include -I../BlueNRG-MS/Target -I../Middlewares/ST/BlueNRG-MS/utils -I../Middlewares/ST/BlueNRG-MS/includes -I../Middlewares/ST/BlueNRG-MS/hci/hci_tl_patterns/Basic -O0 -ffunction-sections -fdata-sections -Wall -fstack-usage -MMD -MP -MF"Core/Src/system_stm32l4xx.d" -MT"Core/Src/system_stm32l4xx.o" --specs=nano.specs -mfpu=fpv4-sp-d16 -mfloat-abi=hard -mthumb -o "Core/Src/system_stm32l4xx.o"
arm-none-eabi-gcc "../BlueNRG-MS/Target/hci_tl_interface.c" -mcpu=cortex-m4 -std=gnu11 -g3 -DUSE_HAL_DRIVER -DSTM32L476xx -DDEBUG -c -I../Core/Inc -I../Drivers/STM32L4xx_HAL_Driver/Inc -I../Drivers/STM32L4xx_HAL_Driver/Inc/Legacy -I../Drivers/CMSIS/Device/ST/STM32L4xx/Include -I../Drivers/CMSIS/Include -I../BlueNRG-MS/Target -I../Middlewares/ST/BlueNRG-MS/utils -I../Middlewares/ST/BlueNRG-MS/includes -I../Middlewares/ST/BlueNRG-MS/hci/hci_tl_patterns/Basic -O0 -ffunction-sections -fdata-sections -Wall -fstack-usage -MMD -MP -MF"BlueNRG-MS/Target/hci_tl_interface.d" -MT"BlueNRG-MS/Target/hci_tl_interface.o" --specs=nano.specs -mfpu=fpv4-sp-d16 -mfloat-abi=hard -mthumb -o "BlueNRG-MS/Target/hci_tl_interface.o"
arm-none-eabi-gcc -o "L476_BLE_Test.elf" @"objects.list"   -mcpu=cortex-m4 -T"/Users/chrissutton/Projects/EmbeddedProjects/BLE_Tests/L476_BLE_Test/STM32L476RGTX_FLASH.ld" --specs=nosys.specs -Wl,-Map="L476_BLE_Test.map" -Wl,--gc-sections -static --specs=nano.specs -mfpu=fpv4-sp-d16 -mfloat-abi=hard -mthumb -Wl,--start-group -lc -lm -Wl,--end-group
Finished building target: L476_BLE_Test.elf
 
arm-none-eabi-size   L476_BLE_Test.elf 
arm-none-eabi-objdump -h -S  L476_BLE_Test.elf  > "L476_BLE_Test.list"
   text	   data	    bss	    dec	    hex	filename
  11780	     20	   1700	  13500	   34bc	L476_BLE_Test.elf
arm-none-eabi-objcopy  -O binary  L476_BLE_Test.elf  "L476_BLE_Test.bin"
Finished building: default.size.stdout
 
Finished building: L476_BLE_Test.bin
 
Finished building: L476_BLE_Test.list
 
14:37:08 **** Incremental Build of configuration Debug for project L053_BLE_Test ****
make -j15 all 
arm-none-eabi-size   L053_BLE_Test.elf 
   text	   data	    bss	    dec	    hex	filename
  11452	     20	   1748	  13220	   33a4	L053_BLE_Test.elf
Finished building: default.size.stdout
 
14:37:08 **** Incremental Build of configuration Debug for project L476_BLE_Test ****
make -j15 all 
arm-none-eabi-gcc "../Middlewares/ST/BlueNRG-MS/utils/ble_list.c" -mcpu=cortex-m4 -std=gnu11 -g3 -DUSE_HAL_DRIVER -DSTM32L476xx -DDEBUG -c -I../Core/Inc -I../Drivers/STM32L4xx_HAL_Driver/Inc -I../Drivers/STM32L4xx_HAL_Driver/Inc/Legacy -I../Drivers/CMSIS/Device/ST/STM32L4xx/Include -I../Drivers/CMSIS/Include -I../BlueNRG-MS/Target -I../Middlewares/ST/BlueNRG-MS/utils -I../Middlewares/ST/BlueNRG-MS/includes -I../Middlewares/ST/BlueNRG-MS/hci/hci_tl_patterns/Basic -O0 -ffunction-sections -fdata-sections -Wall -fstack-usage -MMD -MP -MF"Middlewares/ST/BlueNRG-MS/utils/ble_list.d" -MT"Middlewares/ST/BlueNRG-MS/utils/ble_list.o" --specs=nano.specs -mfpu=fpv4-sp-d16 -mfloat-abi=hard -mthumb -o "Middlewares/ST/BlueNRG-MS/utils/ble_list.o"
arm-none-eabi-gcc "../Middlewares/ST/BlueNRG-MS/hci/hci_tl_patterns/Basic/hci_tl.c" -mcpu=cortex-m4 -std=gnu11 -g3 -DUSE_HAL_DRIVER -DSTM32L476xx -DDEBUG -c -I../Core/Inc -I../Drivers/STM32L4xx_HAL_Driver/Inc -I../Drivers/STM32L4xx_HAL_Driver/Inc/Legacy -I../Drivers/CMSIS/Device/ST/STM32L4xx/Include -I../Drivers/CMSIS/Include -I../BlueNRG-MS/Target -I../Middlewares/ST/BlueNRG-MS/utils -I../Middlewares/ST/BlueNRG-MS/includes -I../Middlewares/ST/BlueNRG-MS/hci/hci_tl_patterns/Basic -O0 -ffunction-sections -fdata-sections -Wall -fstack-usage -MMD -MP -MF"Middlewares/ST/BlueNRG-MS/hci/hci_tl_patterns/Basic/hci_tl.d" -MT"Middlewares/ST/BlueNRG-MS/hci/hci_tl_patterns/Basic/hci_tl.o" --specs=nano.specs -mfpu=fpv4-sp-d16 -mfloat-abi=hard -mthumb -o "Middlewares/ST/BlueNRG-MS/hci/hci_tl_patterns/Basic/hci_tl.o"
arm-none-eabi-gcc "../Middlewares/ST/BlueNRG-MS/hci/controller/bluenrg_IFR.c" -mcpu=cortex-m4 -std=gnu11 -g3 -DUSE_HAL_DRIVER -DSTM32L476xx -DDEBUG -c -I../Core/Inc -I../Drivers/STM32L4xx_HAL_Driver/Inc -I../Drivers/STM32L4xx_HAL_Driver/Inc/Legacy -I../Drivers/CMSIS/Device/ST/STM32L4xx/Include -I../Drivers/CMSIS/Include -I../BlueNRG-MS/Target -I../Middlewares/ST/BlueNRG-MS/utils -I../Middlewares/ST/BlueNRG-MS/includes -I../Middlewares/ST/BlueNRG-MS/hci/hci_tl_patterns/Basic -O0 -ffunction-sections -fdata-sections -Wall -fstack-usage -MMD -MP -MF"Middlewares/ST/BlueNRG-MS/hci/controller/bluenrg_IFR.d" -MT"Middlewares/ST/BlueNRG-MS/hci/controller/bluenrg_IFR.o" --specs=nano.specs -mfpu=fpv4-sp-d16 -mfloat-abi=hard -mthumb -o "Middlewares/ST/BlueNRG-MS/hci/controller/bluenrg_IFR.o"
arm-none-eabi-gcc "../Middlewares/ST/BlueNRG-MS/hci/controller/bluenrg_gap_aci.c" -mcpu=cortex-m4 -std=gnu11 -g3 -DUSE_HAL_DRIVER -DSTM32L476xx -DDEBUG -c -I../Core/Inc -I../Drivers/STM32L4xx_HAL_Driver/Inc -I../Drivers/STM32L4xx_HAL_Driver/Inc/Legacy -I../Drivers/CMSIS/Device/ST/STM32L4xx/Include -I../Drivers/CMSIS/Include -I../BlueNRG-MS/Target -I../Middlewares/ST/BlueNRG-MS/utils -I../Middlewares/ST/BlueNRG-MS/includes -I../Middlewares/ST/BlueNRG-MS/hci/hci_tl_patterns/Basic -O0 -ffunction-sections -fdata-sections -Wall -fstack-usage -MMD -MP -MF"Middlewares/ST/BlueNRG-MS/hci/controller/bluenrg_gap_aci.d" -MT"Middlewares/ST/BlueNRG-MS/hci/controller/bluenrg_gap_aci.o" --specs=nano.specs -mfpu=fpv4-sp-d16 -mfloat-abi=hard -mthumb -o "Middlewares/ST/BlueNRG-MS/hci/controller/bluenrg_gap_aci.o"
arm-none-eabi-gcc "../Middlewares/ST/BlueNRG-MS/hci/controller/bluenrg_gatt_aci.c" -mcpu=cortex-m4 -std=gnu11 -g3 -DUSE_HAL_DRIVER -DSTM32L476xx -DDEBUG -c -I../Core/Inc -I../Drivers/STM32L4xx_HAL_Driver/Inc -I../Drivers/STM32L4xx_HAL_Driver/Inc/Legacy -I../Drivers/CMSIS/Device/ST/STM32L4xx/Include -I../Drivers/CMSIS/Include -I../BlueNRG-MS/Target -I../Middlewares/ST/BlueNRG-MS/utils -I../Middlewares/ST/BlueNRG-MS/includes -I../Middlewares/ST/BlueNRG-MS/hci/hci_tl_patterns/Basic -O0 -ffunction-sections -fdata-sections -Wall -fstack-usage -MMD -MP -MF"Middlewares/ST/BlueNRG-MS/hci/controller/bluenrg_gatt_aci.d" -MT"Middlewares/ST/BlueNRG-MS/hci/controller/bluenrg_gatt_aci.o" --specs=nano.specs -mfpu=fpv4-sp-d16 -mfloat-abi=hard -mthumb -o "Middlewares/ST/BlueNRG-MS/hci/controller/bluenrg_gatt_aci.o"
arm-none-eabi-gcc "../Middlewares/ST/BlueNRG-MS/hci/controller/bluenrg_hal_aci.c" -mcpu=cortex-m4 -std=gnu11 -g3 -DUSE_HAL_DRIVER -DSTM32L476xx -DDEBUG -c -I../Core/Inc -I../Drivers/STM32L4xx_HAL_Driver/Inc -I../Drivers/STM32L4xx_HAL_Driver/Inc/Legacy -I../Drivers/CMSIS/Device/ST/STM32L4xx/Include -I../Drivers/CMSIS/Include -I../BlueNRG-MS/Target -I../Middlewares/ST/BlueNRG-MS/utils -I../Middlewares/ST/BlueNRG-MS/includes -I../Middlewares/ST/BlueNRG-MS/hci/hci_tl_patterns/Basic -O0 -ffunction-sections -fdata-sections -Wall -fstack-usage -MMD -MP -MF"Middlewares/ST/BlueNRG-MS/hci/controller/bluenrg_hal_aci.d" -MT"Middlewares/ST/BlueNRG-MS/hci/controller/bluenrg_hal_aci.o" --specs=nano.specs -mfpu=fpv4-sp-d16 -mfloat-abi=hard -mthumb -o "Middlewares/ST/BlueNRG-MS/hci/controller/bluenrg_hal_aci.o"
[...]
arm-none-eabi-gcc "../Drivers/STM32F0xx_HAL_Driver/Src/stm32f0xx_hal_flash.c" -mcpu=cortex-m0 -std=gnu11 -g3 -DUSE_HAL_DRIVER -DSTM32F051x8 -DDEBUG '-DBLUENRG_CONFIG=BLUENRG_32_MHZ' -c -I../Core/Inc -I../Drivers/STM32F0xx_HAL_Driver/Inc -I../Drivers/STM32F0xx_HAL_Driver/Inc/Legacy -I../Drivers/CMSIS/Device/ST/STM32F0xx/Include -I../Drivers/CMSIS/Include -I../BlueNRG-MS/Target -I../Middlewares/ST/BlueNRG-MS/utils -I../Middlewares/ST/BlueNRG-MS/includes -I../Middlewares/ST/BlueNRG-MS/hci/hci_tl_patterns/Basic -O0 -ffunction-sections -fdata-sections -Wall -fstack-usage -MMD -MP -MF"Drivers/STM32F0xx_HAL_Driver/Src/stm32f0xx_hal_flash.d" -MT"Drivers/STM32F0xx_HAL_Driver/Src/stm32f0xx_hal_flash.o" --specs=nano.specs -mfloat-abi=soft -mthumb -o "Drivers/STM32F0xx_HAL_Driver/Src/stm32f0xx_hal_flash.o"
../Middlewares/ST/BlueNRG-MS/hci/controller/bluenrg_IFR.c:59:39: warning: missing braces around initializer [-Wmissing-braces]
 const IFR_config_TypeDef IFR_config = {
                                       ^
../Middlewares/ST/BlueNRG-MS/hci/controller/bluenrg_IFR.c:75:3:
   0x02,0x3A,0x5C,0x02,
   {
../Middlewares/ST/BlueNRG-MS/hci/controller/bluenrg_IFR.c:91:22:
   0xFF,0xFF,0xFF,0xFF,
                      }
../Middlewares/ST/BlueNRG-MS/hci/controller/bluenrg_IFR.c:93:3:
   0x02,0x1C,0x43,0x02,
   {
../Middlewares/ST/BlueNRG-MS/hci/controller/bluenrg_IFR.c:108:22:
   0xFF,0xFF,0xFF,0xFF,
                      }
../Middlewares/ST/BlueNRG-MS/hci/controller/bluenrg_IFR.c:111:8:
   0xFF,0xFF,0xFF,
        {        }
   0xFFFFFFFF,0xFFFFFFFF,0xFFFFFFFF,
   {                               }
../Middlewares/ST/BlueNRG-MS/hci/controller/bluenrg_IFR.c:120:3:
   0xFF,0xFF,
   {        }
../Middlewares/ST/BlueNRG-MS/hci/controller/bluenrg_IFR.c:124:3:
   0xFFFFFFFF,
   {
../Middlewares/ST/BlueNRG-MS/hci/controller/bluenrg_IFR.c:129:1:
 };
 }
arm-none-eabi-gcc "../Drivers/STM32F0xx_HAL_Driver/Src/stm32f0xx_hal_flash_ex.c" -mcpu=cortex-m0 -std=gnu11 -g3 -DUSE_HAL_DRIVER -DSTM32F051x8 -DDEBUG '-DBLUENRG_CONFIG=BLUENRG_32_MHZ' -c -I../Core/Inc -I../Drivers/STM32F0xx_HAL_Driver/Inc -I../Drivers/STM32F0xx_HAL_Driver/Inc/Legacy -I../Drivers/CMSIS/Device/ST/STM32F0xx/Include -I../Drivers/CMSIS/Include -I../BlueNRG-MS/Target -I../Middlewares/ST/BlueNRG-MS/utils -I../Middlewares/ST/BlueNRG-MS/includes -I../Middlewares/ST/BlueNRG-MS/hci/hci_tl_patterns/Basic -O0 -ffunction-sections -fdata-sections -Wall -fstack-usage -MMD -MP -MF"Drivers/STM32F0xx_HAL_Driver/Src/stm32f0xx_hal_flash_ex.d" -MT"Drivers/STM32F0xx_HAL_Driver/Src/stm32f0xx_hal_flash_ex.o" --specs=nano.specs -mfloat-abi=soft -mthumb -o "Drivers/STM32F0xx_HAL_Driver/Src/stm32f0xx_hal_flash_ex.o"
arm-none-eabi-gcc "../Drivers/STM32F0xx_HAL_Driver/Src/stm32f0xx_hal_gpio.c" -mcpu=cortex-m0 -std=gnu11 -g3 -DUSE_HAL_DRIVER -DSTM32F051x8 -DDEBUG '-DBLUENRG_CONFIG=BLUENRG_32_MHZ' -c -I../Core/Inc -I../Drivers/STM32F0xx_HAL_Driver/Inc -I../Drivers/STM32F0xx_HAL_Driver/Inc/Legacy -I../Drivers/CMSIS/Device/ST/STM32F0xx/Include -I../Drivers/CMSIS/Include -I../BlueNRG-MS/Target -I../Middlewares/ST/BlueNRG-MS/utils -I../Middlewares/ST/BlueNRG-MS/includes -I../Middlewares/ST/BlueNRG-MS/hci/hci_tl_patterns/Basic -O0 -ffunction-sections -fdata-sections -Wall -fstack-usage -MMD -MP -MF"Drivers/STM32F0xx_HAL_Driver/Src/stm32f0xx_hal_gpio.d" -MT"Drivers/STM32F0xx_HAL_Driver/Src/stm32f0xx_hal_gpio.o" --specs=nano.specs -mfloat-abi=soft -mthumb -o "Drivers/STM32F0xx_HAL_Driver/Src/stm32f0xx_hal_gpio.o"
arm-none-eabi-gcc "../Drivers/STM32F0xx_HAL_Driver/Src/stm32f0xx_hal_i2c.c" -mcpu=cortex-m0 -std=gnu11 -g3 -DUSE_HAL_DRIVER -DSTM32F051x8 -DDEBUG '-DBLUENRG_CONFIG=BLUENRG_32_MHZ' -c -I../Core/Inc -I../Drivers/STM32F0xx_HAL_Driver/Inc -I../Drivers/STM32F0xx_HAL_Driver/Inc/Legacy -I../Drivers/CMSIS/Device/ST/STM32F0xx/Include -I../Drivers/CMSIS/Include -I../BlueNRG-MS/Target -I../Middlewares/ST/BlueNRG-MS/utils -I../Middlewares/ST/BlueNRG-MS/includes -I../Middlewares/ST/BlueNRG-MS/hci/hci_tl_patterns/Basic -O0 -ffunction-sections -fdata-sections -Wall -fstack-usage -MMD -MP -MF"Drivers/STM32F0xx_HAL_Driver/Src/stm32f0xx_hal_i2c.d" -MT"Drivers/STM32F0xx_HAL_Driver/Src/stm32f0xx_hal_i2c.o" --specs=nano.specs -mfloat-abi=soft -mthumb -o "Drivers/STM32F0xx_HAL_Driver/Src/stm32f0xx_hal_i2c.o"
arm-none-eabi-gcc "../Drivers/STM32F0xx_HAL_Driver/Src/stm32f0xx_hal_i2c_ex.c" -mcpu=cortex-m0 -std=gnu11 -g3 -DUSE_HAL_DRIVER -DSTM32F051x8 -DDEBUG '-DBLUENRG_CONFIG=BLUENRG_32_MHZ' -c -I../Core/Inc -I../Drivers/STM32F0xx_HAL_Driver/Inc -I../Drivers/STM32F0xx_HAL_Driver/Inc/Legacy -I../Drivers/CMSIS/Device/ST/STM32F0xx/Include -I../Drivers/CMSIS/Include -I../BlueNRG-MS/Target -I../Middlewares/ST/BlueNRG-MS/utils -I../Middlewares/ST/BlueNRG-MS/includes -I../Middlewares/ST/BlueNRG-MS/hci/hci_tl_patterns/Basic -O0 -ffunction-sections -fdata-sections -Wall -fstack-usage -MMD -MP -MF"Drivers/STM32F0xx_HAL_Driver/Src/stm32f0xx_hal_i2c_ex.d" -MT"Drivers/STM32F0xx_HAL_Driver/Src/stm32f0xx_hal_i2c_ex.o" --specs=nano.specs -mfloat-abi=soft -mthumb -o "Drivers/STM32F0xx_HAL_Driver/Src/stm32f0xx_hal_i2c_ex.o"
arm-none-eabi-gcc "../Drivers/STM32F0xx_HAL_Driver/Src/stm32f0xx_hal_pwr.c" -mcpu=cortex-m0 -std=gnu11 -g3 -DUSE_HAL_DRIVER -DSTM32F051x8 -DDEBUG '-DBLUENRG_CONFIG=BLUENRG_32_MHZ' -c -I../Core/Inc -I../Drivers/STM32F0xx_HAL_Driver/Inc -I../Drivers/STM32F0xx_HAL_Driver/Inc/Legacy -I../Drivers/CMSIS/Device/ST/STM32F0xx/Include -I../Drivers/CMSIS/Include -I../BlueNRG-MS/Target -I../Middlewares/ST/BlueNRG-MS/utils -I../Middlewares/ST/BlueNRG-MS/includes -I../Middlewares/ST/BlueNRG-MS/hci/hci_tl_patterns/Basic -O0 -ffunction-sections -fdata-sections -Wall -fstack-usage -MMD -MP -MF"Drivers/STM32F0xx_HAL_Driver/Src/stm32f0xx_hal_pwr.d" -MT"Drivers/STM32F0xx_HAL_Driver/Src/stm32f0xx_hal_pwr.o" --specs=nano.specs -mfloat-abi=soft -mthumb -o "Drivers/STM32F0xx_HAL_Driver/Src/stm32f0xx_hal_pwr.o"
arm-none-eabi-gcc "../Drivers/STM32F0xx_HAL_Driver/Src/stm32f0xx_hal_pwr_ex.c" -mcpu=cortex-m0 -std=gnu11 -g3 -DUSE_HAL_DRIVER -DSTM32F051x8 -DDEBUG '-DBLUENRG_CONFIG=BLUENRG_32_MHZ' -c -I../Core/Inc -I../Drivers/STM32F0xx_HAL_Driver/Inc -I../Drivers/STM32F0xx_HAL_Driver/Inc/Legacy -I../Drivers/CMSIS/Device/ST/STM32F0xx/Include -I../Drivers/CMSIS/Include -I../BlueNRG-MS/Target -I../Middlewares/ST/BlueNRG-MS/utils -I../Middlewares/ST/BlueNRG-MS/includes -I../Middlewares/ST/BlueNRG-MS/hci/hci_tl_patterns/Basic -O0 -ffunction-sections -fdata-sections -Wall -fstack-usage -MMD -MP -MF"Drivers/STM32F0xx_HAL_Driver/Src/stm32f0xx_hal_pwr_ex.d" -MT"Drivers/STM32F0xx_HAL_Driver/Src/stm32f0xx_hal_pwr_ex.o" --specs=nano.specs -mfloat-abi=soft -mthumb -o "Drivers/STM32F0xx_HAL_Driver/Src/stm32f0xx_hal_pwr_ex.o"
arm-none-eabi-gcc "../Drivers/STM32F0xx_HAL_Driver/Src/stm32f0xx_hal_rcc.c" -mcpu=cortex-m0 -std=gnu11 -g3 -DUSE_HAL_DRIVER -DSTM32F051x8 -DDEBUG '-DBLUENRG_CONFIG=BLUENRG_32_MHZ' -c -I../Core/Inc -I../Drivers/STM32F0xx_HAL_Driver/Inc -I../Drivers/STM32F0xx_HAL_Driver/Inc/Legacy -I../Drivers/CMSIS/Device/ST/STM32F0xx/Include -I../Drivers/CMSIS/Include -I../BlueNRG-MS/Target -I../Middlewares/ST/BlueNRG-MS/utils -I../Middlewares/ST/BlueNRG-MS/includes -I../Middlewares/ST/BlueNRG-MS/hci/hci_tl_patterns/Basic -O0 -ffunction-sections -fdata-sections -Wall -fstack-usage -MMD -MP -MF"Drivers/STM32F0xx_HAL_Driver/Src/stm32f0xx_hal_rcc.d" -MT"Drivers/STM32F0xx_HAL_Driver/Src/stm32f0xx_hal_rcc.o" --specs=nano.specs -mfloat-abi=soft -mthumb -o "Drivers/STM32F0xx_HAL_Driver/Src/stm32f0xx_hal_rcc.o"
arm-none-eabi-gcc "../Drivers/STM32F0xx_HAL_Driver/Src/stm32f0xx_hal_rcc_ex.c" -mcpu=cortex-m0 -std=gnu11 -g3 -DUSE_HAL_DRIVER -DSTM32F051x8 -DDEBUG '-DBLUENRG_CONFIG=BLUENRG_32_MHZ' -c -I../Core/Inc -I../Drivers/STM32F0xx_HAL_Driver/Inc -I../Drivers/STM32F0xx_HAL_Driver/Inc/Legacy -I../Drivers/CMSIS/Device/ST/STM32F0xx/Include -I../Drivers/CMSIS/Include -I../BlueNRG-MS/Target -I../Middlewares/ST/BlueNRG-MS/utils -I../Middlewares/ST/BlueNRG-MS/includes -I../Middlewares/ST/BlueNRG-MS/hci/hci_tl_patterns/Basic -O0 -ffunction-sections -fdata-sections -Wall -fstack-usage -MMD -MP -MF"Drivers/STM32F0xx_HAL_Driver/Src/stm32f0xx_hal_rcc_ex.d" -MT"Drivers/STM32F0xx_HAL_Driver/Src/stm32f0xx_hal_rcc_ex.o" --specs=nano.specs -mfloat-abi=soft -mthumb -o "Drivers/STM32F0xx_HAL_Driver/Src/stm32f0xx_hal_rcc_ex.o"
arm-none-eabi-gcc "../Drivers/STM32F0xx_HAL_Driver/Src/stm32f0xx_hal_spi.c" -mcpu=cortex-m0 -std=gnu11 -g3 -DUSE_HAL_DRIVER -DSTM32F051x8 -DDEBUG '-DBLUENRG_CONFIG=BLUENRG_32_MHZ' -c -I../Core/Inc -I../Drivers/STM32F0xx_HAL_Driver/Inc -I../Drivers/STM32F0xx_HAL_Driver/Inc/Legacy -I../Drivers/CMSIS/Device/ST/STM32F0xx/Include -I../Drivers/CMSIS/Include -I../BlueNRG-MS/Target -I../Middlewares/ST/BlueNRG-MS/utils -I../Middlewares/ST/BlueNRG-MS/includes -I../Middlewares/ST/BlueNRG-MS/hci/hci_tl_patterns/Basic -O0 -ffunction-sections -fdata-sections -Wall -fstack-usage -MMD -MP -MF"Drivers/STM32F0xx_HAL_Driver/Src/stm32f0xx_hal_spi.d" -MT"Drivers/STM32F0xx_HAL_Driver/Src/stm32f0xx_hal_spi.o" --specs=nano.specs -mfloat-abi=soft -mthumb -o "Drivers/STM32F0xx_HAL_Driver/Src/stm32f0xx_hal_spi.o"
arm-none-eabi-gcc "../Drivers/STM32F0xx_HAL_Driver/Src/stm32f0xx_hal_spi_ex.c" -mcpu=cortex-m0 -std=gnu11 -g3 -DUSE_HAL_DRIVER -DSTM32F051x8 -DDEBUG '-DBLUENRG_CONFIG=BLUENRG_32_MHZ' -c -I../Core/Inc -I../Drivers/STM32F0xx_HAL_Driver/Inc -I../Drivers/STM32F0xx_HAL_Driver/Inc/Legacy -I../Drivers/CMSIS/Device/ST/STM32F0xx/Include -I../Drivers/CMSIS/Include -I../BlueNRG-MS/Target -I../Middlewares/ST/BlueNRG-MS/utils -I../Middlewares/ST/BlueNRG-MS/includes -I../Middlewares/ST/BlueNRG-MS/hci/hci_tl_patterns/Basic -O0 -ffunction-sections -fdata-sections -Wall -fstack-usage -MMD -MP -MF"Drivers/STM32F0xx_HAL_Driver/Src/stm32f0xx_hal_spi_ex.d" -MT"Drivers/STM32F0xx_HAL_Driver/Src/stm32f0xx_hal_spi_ex.o" --specs=nano.specs -mfloat-abi=soft -mthumb -o "Drivers/STM32F0xx_HAL_Driver/Src/stm32f0xx_hal_spi_ex.o"
arm-none-eabi-gcc "../Drivers/STM32F0xx_HAL_Driver/Src/stm32f0xx_hal_tim.c" -mcpu=cortex-m0 -std=gnu11 -g3 -DUSE_HAL_DRIVER -DSTM32F051x8 -DDEBUG '-DBLUENRG_CONFIG=BLUENRG_32_MHZ' -c -I../Core/Inc -I../Drivers/STM32F0xx_HAL_Driver/Inc -I../Drivers/STM32F0xx_HAL_Driver/Inc/Legacy -I../Drivers/CMSIS/Device/ST/STM32F0xx/Include -I../Drivers/CMSIS/Include -I../BlueNRG-MS/Target -I../Middlewares/ST/BlueNRG-MS/utils -I../Middlewares/ST/BlueNRG-MS/includes -I../Middlewares/ST/BlueNRG-MS/hci/hci_tl_patterns/Basic -O0 -ffunction-sections -fdata-sections -Wall -fstack-usage -MMD -MP -MF"Drivers/STM32F0xx_HAL_Driver/Src/stm32f0xx_hal_tim.d" -MT"Drivers/STM32F0xx_HAL_Driver/Src/stm32f0xx_hal_tim.o" --specs=nano.specs -mfloat-abi=soft -mthumb -o "Drivers/STM32F0xx_HAL_Driver/Src/stm32f0xx_hal_tim.o"
arm-none-eabi-gcc "../Drivers/STM32F0xx_HAL_Driver/Src/stm32f0xx_hal_tim_ex.c" -mcpu=cortex-m0 -std=gnu11 -g3 -DUSE_HAL_DRIVER -DSTM32F051x8 -DDEBUG '-DBLUENRG_CONFIG=BLUENRG_32_MHZ' -c -I../Core/Inc -I../Drivers/STM32F0xx_HAL_Driver/Inc -I../Drivers/STM32F0xx_HAL_Driver/Inc/Legacy -I../Drivers/CMSIS/Device/ST/STM32F0xx/Include -I../Drivers/CMSIS/Include -I../BlueNRG-MS/Target -I../Middlewares/ST/BlueNRG-MS/utils -I../Middlewares/ST/BlueNRG-MS/includes -I../Middlewares/ST/BlueNRG-MS/hci/hci_tl_patterns/Basic -O0 -ffunction-sections -fdata-sections -Wall -fstack-usage -MMD -MP -MF"Drivers/STM32F0xx_HAL_Driver/Src/stm32f0xx_hal_tim_ex.d" -MT"Drivers/STM32F0xx_HAL_Driver/Src/stm32f0xx_hal_tim_ex.o" --specs=nano.specs -mfloat-abi=soft -mthumb -o "Drivers/STM32F0xx_HAL_Driver/Src/stm32f0xx_hal_tim_ex.o"
arm-none-eabi-gcc "../Drivers/STM32F0xx_HAL_Driver/Src/stm32f0xx_hal_uart.c" -mcpu=cortex-m0 -std=gnu11 -g3 -DUSE_HAL_DRIVER -DSTM32F051x8 -DDEBUG '-DBLUENRG_CONFIG=BLUENRG_32_MHZ' -c -I../Core/Inc -I../Drivers/STM32F0xx_HAL_Driver/Inc -I../Drivers/STM32F0xx_HAL_Driver/Inc/Legacy -I../Drivers/CMSIS/Device/ST/STM32F0xx/Include -I../Drivers/CMSIS/Include -I../BlueNRG-MS/Target -I../Middlewares/ST/BlueNRG-MS/utils -I../Middlewares/ST/BlueNRG-MS/includes -I../Middlewares/ST/BlueNRG-MS/hci/hci_tl_patterns/Basic -O0 -ffunction-sections -fdata-sections -Wall -fstack-usage -MMD -MP -MF"Drivers/STM32F0xx_HAL_Driver/Src/stm32f0xx_hal_uart.d" -MT"Drivers/STM32F0xx_HAL_Driver/Src/stm32f0xx_hal_uart.o" --specs=nano.specs -mfloat-abi=soft -mthumb -o "Drivers/STM32F0xx_HAL_Driver/Src/stm32f0xx_hal_uart.o"
arm-none-eabi-gcc "../Drivers/STM32F0xx_HAL_Driver/Src/stm32f0xx_hal_uart_ex.c" -mcpu=cortex-m0 -std=gnu11 -g3 -DUSE_HAL_DRIVER -DSTM32F051x8 -DDEBUG '-DBLUENRG_CONFIG=BLUENRG_32_MHZ' -c -I../Core/Inc -I../Drivers/STM32F0xx_HAL_Driver/Inc -I../Drivers/STM32F0xx_HAL_Driver/Inc/Legacy -I../Drivers/CMSIS/Device/ST/STM32F0xx/Include -I../Drivers/CMSIS/Include -I../BlueNRG-MS/Target -I../Middlewares/ST/BlueNRG-MS/utils -I../Middlewares/ST/BlueNRG-MS/includes -I../Middlewares/ST/BlueNRG-MS/hci/hci_tl_patterns/Basic -O0 -ffunction-sections -fdata-sections -Wall -fstack-usage -MMD -MP -MF"Drivers/STM32F0xx_HAL_Driver/Src/stm32f0xx_hal_uart_ex.d" -MT"Drivers/STM32F0xx_HAL_Driver/Src/stm32f0xx_hal_uart_ex.o" --specs=nano.specs -mfloat-abi=soft -mthumb -o "Drivers/STM32F0xx_HAL_Driver/Src/stm32f0xx_hal_uart_ex.o"
arm-none-eabi-gcc -mcpu=cortex-m0 -g3 -c -x assembler-with-cpp -MMD -MP -MF"Core/Startup/startup_stm32f051k8tx.d" -MT"Core/Startup/startup_stm32f051k8tx.o" --specs=nano.specs -mfloat-abi=soft -mthumb -o "Core/Startup/startup_stm32f051k8tx.o" "../Core/Startup/startup_stm32f051k8tx.s"
arm-none-eabi-gcc "../Core/Src/custom_bus.c" -mcpu=cortex-m0 -std=gnu11 -g3 -DUSE_HAL_DRIVER -DSTM32F051x8 -DDEBUG '-DBLUENRG_CONFIG=BLUENRG_32_MHZ' -c -I../Core/Inc -I../Drivers/STM32F0xx_HAL_Driver/Inc -I../Drivers/STM32F0xx_HAL_Driver/Inc/Legacy -I../Drivers/CMSIS/Device/ST/STM32F0xx/Include -I../Drivers/CMSIS/Include -I../BlueNRG-MS/Target -I../Middlewares/ST/BlueNRG-MS/utils -I../Middlewares/ST/BlueNRG-MS/includes -I../Middlewares/ST/BlueNRG-MS/hci/hci_tl_patterns/Basic -O0 -ffunction-sections -fdata-sections -Wall -fstack-usage -MMD -MP -MF"Core/Src/custom_bus.d" -MT"Core/Src/custom_bus.o" --specs=nano.specs -mfloat-abi=soft -mthumb -o "Core/Src/custom_bus.o"
arm-none-eabi-gcc "../Core/Src/main.c" -mcpu=cortex-m0 -std=gnu11 -g3 -DUSE_HAL_DRIVER -DSTM32F051x8 -DDEBUG '-DBLUENRG_CONFIG=BLUENRG_32_MHZ' -c -I../Core/Inc -I../Drivers/STM32F0xx_HAL_Driver/Inc -I../Drivers/STM32F0xx_HAL_Driver/Inc/Legacy -I../Drivers/CMSIS/Device/ST/STM32F0xx/Include -I../Drivers/CMSIS/Include -I../BlueNRG-MS/Target -I../Middlewares/ST/BlueNRG-MS/utils -I../Middlewares/ST/BlueNRG-MS/includes -I../Middlewares/ST/BlueNRG-MS/hci/hci_tl_patterns/Basic -O0 -ffunction-sections -fdata-sections -Wall -fstack-usage -MMD -MP -MF"Core/Src/main.d" -MT"Core/Src/main.o" --specs=nano.specs -mfloat-abi=soft -mthumb -o "Core/Src/main.o"
arm-none-eabi-gcc "../Core/Src/stm32f0xx_hal_msp.c" -mcpu=cortex-m0 -std=gnu11 -g3 -DUSE_HAL_DRIVER -DSTM32F051x8 -DDEBUG '-DBLUENRG_CONFIG=BLUENRG_32_MHZ' -c -I../Core/Inc -I../Drivers/STM32F0xx_HAL_Driver/Inc -I../Drivers/STM32F0xx_HAL_Driver/Inc/Legacy -I../Drivers/CMSIS/Device/ST/STM32F0xx/Include -I../Drivers/CMSIS/Include -I../BlueNRG-MS/Target -I../Middlewares/ST/BlueNRG-MS/utils -I../Middlewares/ST/BlueNRG-MS/includes -I../Middlewares/ST/BlueNRG-MS/hci/hci_tl_patterns/Basic -O0 -ffunction-sections -fdata-sections -Wall -fstack-usage -MMD -MP -MF"Core/Src/stm32f0xx_hal_msp.d" -MT"Core/Src/stm32f0xx_hal_msp.o" --specs=nano.specs -mfloat-abi=soft -mthumb -o "Core/Src/stm32f0xx_hal_msp.o"
arm-none-eabi-gcc "../Core/Src/stm32f0xx_it.c" -mcpu=cortex-m0 -std=gnu11 -g3 -DUSE_HAL_DRIVER -DSTM32F051x8 -DDEBUG '-DBLUENRG_CONFIG=BLUENRG_32_MHZ' -c -I../Core/Inc -I../Drivers/STM32F0xx_HAL_Driver/Inc -I../Drivers/STM32F0xx_HAL_Driver/Inc/Legacy -I../Drivers/CMSIS/Device/ST/STM32F0xx/Include -I../Drivers/CMSIS/Include -I../BlueNRG-MS/Target -I../Middlewares/ST/BlueNRG-MS/utils -I../Middlewares/ST/BlueNRG-MS/includes -I../Middlewares/ST/BlueNRG-MS/hci/hci_tl_patterns/Basic -O0 -ffunction-sections -fdata-sections -Wall -fstack-usage -MMD -MP -MF"Core/Src/stm32f0xx_it.d" -MT"Core/Src/stm32f0xx_it.o" --specs=nano.specs -mfloat-abi=soft -mthumb -o "Core/Src/stm32f0xx_it.o"
arm-none-eabi-gcc "../Core/Src/syscalls.c" -mcpu=cortex-m0 -std=gnu11 -g3 -DUSE_HAL_DRIVER -DSTM32F051x8 -DDEBUG '-DBLUENRG_CONFIG=BLUENRG_32_MHZ' -c -I../Core/Inc -I../Drivers/STM32F0xx_HAL_Driver/Inc -I../Drivers/STM32F0xx_HAL_Driver/Inc/Legacy -I../Drivers/CMSIS/Device/ST/STM32F0xx/Include -I../Drivers/CMSIS/Include -I../BlueNRG-MS/Target -I../Middlewares/ST/BlueNRG-MS/utils -I../Middlewares/ST/BlueNRG-MS/includes -I../Middlewares/ST/BlueNRG-MS/hci/hci_tl_patterns/Basic -O0 -ffunction-sections -fdata-sections -Wall -fstack-usage -MMD -MP -MF"Core/Src/syscalls.d" -MT"Core/Src/syscalls.o" --specs=nano.specs -mfloat-abi=soft -mthumb -o "Core/Src/syscalls.o"
arm-none-eabi-gcc "../Core/Src/sysmem.c" -mcpu=cortex-m0 -std=gnu11 -g3 -DUSE_HAL_DRIVER -DSTM32F051x8 -DDEBUG '-DBLUENRG_CONFIG=BLUENRG_32_MHZ' -c -I../Core/Inc -I../Drivers/STM32F0xx_HAL_Driver/Inc -I../Drivers/STM32F0xx_HAL_Driver/Inc/Legacy -I../Drivers/CMSIS/Device/ST/STM32F0xx/Include -I../Drivers/CMSIS/Include -I../BlueNRG-MS/Target -I../Middlewares/ST/BlueNRG-MS/utils -I../Middlewares/ST/BlueNRG-MS/includes -I../Middlewares/ST/BlueNRG-MS/hci/hci_tl_patterns/Basic -O0 -ffunction-sections -fdata-sections -Wall -fstack-usage -MMD -MP -MF"Core/Src/sysmem.d" -MT"Core/Src/sysmem.o" --specs=nano.specs -mfloat-abi=soft -mthumb -o "Core/Src/sysmem.o"
arm-none-eabi-gcc "../Core/Src/system_stm32f0xx.c" -mcpu=cortex-m0 -std=gnu11 -g3 -DUSE_HAL_DRIVER -DSTM32F051x8 -DDEBUG '-DBLUENRG_CONFIG=BLUENRG_32_MHZ' -c -I../Core/Inc -I../Drivers/STM32F0xx_HAL_Driver/Inc -I../Drivers/STM32F0xx_HAL_Driver/Inc/Legacy -I../Drivers/CMSIS/Device/ST/STM32F0xx/Include -I../Drivers/CMSIS/Include -I../BlueNRG-MS/Target -I../Middlewares/ST/BlueNRG-MS/utils -I../Middlewares/ST/BlueNRG-MS/includes -I../Middlewares/ST/BlueNRG-MS/hci/hci_tl_patterns/Basic -O0 -ffunction-sections -fdata-sections -Wall -fstack-usage -MMD -MP -MF"Core/Src/system_stm32f0xx.d" -MT"Core/Src/system_stm32f0xx.o" --specs=nano.specs -mfloat-abi=soft -mthumb -o "Core/Src/system_stm32f0xx.o"
arm-none-eabi-gcc "../BlueNRG-MS/Target/hci_tl_interface.c" -mcpu=cortex-m0 -std=gnu11 -g3 -DUSE_HAL_DRIVER -DSTM32F051x8 -DDEBUG '-DBLUENRG_CONFIG=BLUENRG_32_MHZ' -c -I../Core/Inc -I../Drivers/STM32F0xx_HAL_Driver/Inc -I../Drivers/STM32F0xx_HAL_Driver/Inc/Legacy -I../Drivers/CMSIS/Device/ST/STM32F0xx/Include -I../Drivers/CMSIS/Include -I../BlueNRG-MS/Target -I../Middlewares/ST/BlueNRG-MS/utils -I../Middlewares/ST/BlueNRG-MS/includes -I../Middlewares/ST/BlueNRG-MS/hci/hci_tl_patterns/Basic -O0 -ffunction-sections -fdata-sections -Wall -fstack-usage -MMD -MP -MF"BlueNRG-MS/Target/hci_tl_interface.d" -MT"BlueNRG-MS/Target/hci_tl_interface.o" --specs=nano.specs -mfloat-abi=soft -mthumb -o "BlueNRG-MS/Target/hci_tl_interface.o"
arm-none-eabi-gcc -o "F051_BLE_Test.elf" @"objects.list"   -mcpu=cortex-m0 -T"/Users/chrissutton/Projects/EmbeddedProjects/BLE_Tests/F051_BLE_Test/STM32F051K8TX_FLASH.ld" --specs=nosys.specs -Wl,-Map="F051_BLE_Test.map" -Wl,--gc-sections -static --specs=nano.specs -mfloat-abi=soft -mthumb -Wl,--start-group -lc -lm -Wl,--end-group
Finished building target: F051_BLE_Test.elf
 
arm-none-eabi-size   F051_BLE_Test.elf 
arm-none-eabi-objdump -h -S  F051_BLE_Test.elf  > "F051_BLE_Test.list"
   text	   data	    bss	    dec	    hex	filename
   7304	     20	   1700	   9024	   2340	F051_BLE_Test.elf
arm-none-eabi-objcopy  -O binary  F051_BLE_Test.elf  "F051_BLE_Test.bin"
Finished building: default.size.stdout
 
Finished building: F051_BLE_Test.bin
 
Finished building: F051_BLE_Test.list
 
