14:43:26 **** Incremental Build of configuration Debug for project L476_BLE_Test ****
make -j15 all 
arm-none-eabi-gcc "../Middlewares/ST/BlueNRG-MS/utils/ble_list.c" -mcpu=cortex-m4 -std=gnu11 -g3 -DUSE_HAL_DRIVER -DSTM32L476xx -DDEBUG '-DBLUENRG_CONFIG=BLUENRG_32_MHZ' -c -I../Core/Inc -I../Drivers/STM32L4xx_HAL_Driver/Inc -I../Drivers/STM32L4xx_HAL_Driver/Inc/Legacy -I../Drivers/CMSIS/Device/ST/STM32L4xx/Include -I../Drivers/CMSIS/Include -I../BlueNRG-MS/Target -I../Middlewares/ST/BlueNRG-MS/utils -I../Middlewares/ST/BlueNRG-MS/includes -I../Middlewares/ST/BlueNRG-MS/hci/hci_tl_patterns/Basic -O0 -ffunction-sections -fdata-sections -Wall -fstack-usage -MMD -MP -MF"Middlewares/ST/BlueNRG-MS/utils/ble_list.d" -MT"Middlewares/ST/BlueNRG-MS/utils/ble_list.o" --specs=nano.specs -mfpu=fpv4-sp-d16 -mfloat-abi=hard -mthumb -o "Middlewares/ST/BlueNRG-MS/utils/ble_list.o"
arm-none-eabi-gcc "../Middlewares/ST/BlueNRG-MS/hci/hci_tl_patterns/Basic/hci_tl.c" -mcpu=cortex-m4 -std=gnu11 -g3 -DUSE_HAL_DRIVER -DSTM32L476xx -DDEBUG '-DBLUENRG_CONFIG=BLUENRG_32_MHZ' -c -I../Core/Inc -I../Drivers/STM32L4xx_HAL_Driver/Inc -I../Drivers/STM32L4xx_HAL_Driver/Inc/Legacy -I../Drivers/CMSIS/Device/ST/STM32L4xx/Include -I../Drivers/CMSIS/Include -I../BlueNRG-MS/Target -I../Middlewares/ST/BlueNRG-MS/utils -I../Middlewares/ST/BlueNRG-MS/includes -I../Middlewares/ST/BlueNRG-MS/hci/hci_tl_patterns/Basic -O0 -ffunction-sections -fdata-sections -Wall -fstack-usage -MMD -MP -MF"Middlewares/ST/BlueNRG-MS/hci/hci_tl_patterns/Basic/hci_tl.d" -MT"Middlewares/ST/BlueNRG-MS/hci/hci_tl_patterns/Basic/hci_tl.o" --specs=nano.specs -mfpu=fpv4-sp-d16 -mfloat-abi=hard -mthumb -o "Middlewares/ST/BlueNRG-MS/hci/hci_tl_patterns/Basic/hci_tl.o"
arm-none-eabi-gcc "../Middlewares/ST/BlueNRG-MS/hci/controller/bluenrg_IFR.c" -mcpu=cortex-m4 -std=gnu11 -g3 -DUSE_HAL_DRIVER -DSTM32L476xx -DDEBUG '-DBLUENRG_CONFIG=BLUENRG_32_MHZ' -c -I../Core/Inc -I../Drivers/STM32L4xx_HAL_Driver/Inc -I../Drivers/STM32L4xx_HAL_Driver/Inc/Legacy -I../Drivers/CMSIS/Device/ST/STM32L4xx/Include -I../Drivers/CMSIS/Include -I../BlueNRG-MS/Target -I../Middlewares/ST/BlueNRG-MS/utils -I../Middlewares/ST/BlueNRG-MS/includes -I../Middlewares/ST/BlueNRG-MS/hci/hci_tl_patterns/Basic -O0 -ffunction-sections -fdata-sections -Wall -fstack-usage -MMD -MP -MF"Middlewares/ST/BlueNRG-MS/hci/controller/bluenrg_IFR.d" -MT"Middlewares/ST/BlueNRG-MS/hci/controller/bluenrg_IFR.o" --specs=nano.specs -mfpu=fpv4-sp-d16 -mfloat-abi=hard -mthumb -o "Middlewares/ST/BlueNRG-MS/hci/controller/bluenrg_IFR.o"
arm-none-eabi-gcc "../Middlewares/ST/BlueNRG-MS/hci/controller/bluenrg_gap_aci.c" -mcpu=cortex-m4 -std=gnu11 -g3 -DUSE_HAL_DRIVER -DSTM32L476xx -DDEBUG '-DBLUENRG_CONFIG=BLUENRG_32_MHZ' -c -I../Core/Inc -I../Drivers/STM32L4xx_HAL_Driver/Inc -I../Drivers/STM32L4xx_HAL_Driver/Inc/Legacy -I../Drivers/CMSIS/Device/ST/STM32L4xx/Include -I../Drivers/CMSIS/Include -I../BlueNRG-MS/Target -I../Middlewares/ST/BlueNRG-MS/utils -I../Middlewares/ST/BlueNRG-MS/includes -I../Middlewares/ST/BlueNRG-MS/hci/hci_tl_patterns/Basic -O0 -ffunction-sections -fdata-sections -Wall -fstack-usage -MMD -MP -MF"Middlewares/ST/BlueNRG-MS/hci/controller/bluenrg_gap_aci.d" -MT"Middlewares/ST/BlueNRG-MS/hci/controller/bluenrg_gap_aci.o" --specs=nano.specs -mfpu=fpv4-sp-d16 -mfloat-abi=hard -mthumb -o "Middlewares/ST/BlueNRG-MS/hci/controller/bluenrg_gap_aci.o"
arm-none-eabi-gcc "../Middlewares/ST/BlueNRG-MS/hci/controller/bluenrg_gatt_aci.c" -mcpu=cortex-m4 -std=gnu11 -g3 -DUSE_HAL_DRIVER -DSTM32L476xx -DDEBUG '-DBLUENRG_CONFIG=BLUENRG_32_MHZ' -c -I../Core/Inc -I../Drivers/STM32L4xx_HAL_Driver/Inc -I../Drivers/STM32L4xx_HAL_Driver/Inc/Legacy -I../Drivers/CMSIS/Device/ST/STM32L4xx/Include -I../Drivers/CMSIS/Include -I../BlueNRG-MS/Target -I../Middlewares/ST/BlueNRG-MS/utils -I../Middlewares/ST/BlueNRG-MS/includes -I../Middlewares/ST/BlueNRG-MS/hci/hci_tl_patterns/Basic -O0 -ffunction-sections -fdata-sections -Wall -fstack-usage -MMD -MP -MF"Middlewares/ST/BlueNRG-MS/hci/controller/bluenrg_gatt_aci.d" -MT"Middlewares/ST/BlueNRG-MS/hci/controller/bluenrg_gatt_aci.o" --specs=nano.specs -mfpu=fpv4-sp-d16 -mfloat-abi=hard -mthumb -o "Middlewares/ST/BlueNRG-MS/hci/controller/bluenrg_gatt_aci.o"
arm-none-eabi-gcc "../Middlewares/ST/BlueNRG-MS/hci/controller/bluenrg_hal_aci.c" -mcpu=cortex-m4 -std=gnu11 -g3 -DUSE_HAL_DRIVER -DSTM32L476xx -DDEBUG '-DBLUENRG_CONFIG=BLUENRG_32_MHZ' -c -I../Core/Inc -I../Drivers/STM32L4xx_HAL_Driver/Inc -I../Drivers/STM32L4xx_HAL_Driver/Inc/Legacy -I../Drivers/CMSIS/Device/ST/STM32L4xx/Include -I../Drivers/CMSIS/Include -I../BlueNRG-MS/Target -I../Middlewares/ST/BlueNRG-MS/utils -I../Middlewares/ST/BlueNRG-MS/includes -I../Middlewares/ST/BlueNRG-MS/hci/hci_tl_patterns/Basic -O0 -ffunction-sections -fdata-sections -Wall -fstack-usage -MMD -MP -MF"Middlewares/ST/BlueNRG-MS/hci/controller/bluenrg_hal_aci.d" -MT"Middlewares/ST/BlueNRG-MS/hci/controller/bluenrg_hal_aci.o" --specs=nano.specs -mfpu=fpv4-sp-d16 -mfloat-abi=hard -mthumb -o "Middlewares/ST/BlueNRG-MS/hci/controller/bluenrg_hal_aci.o"
arm-none-eabi-gcc "../Middlewares/ST/BlueNRG-MS/hci/controller/bluenrg_l2cap_aci.c" -mcpu=cortex-m4 -std=gnu11 -g3 -DUSE_HAL_DRIVER -DSTM32L476xx -DDEBUG '-DBLUENRG_CONFIG=BLUENRG_32_MHZ' -c -I../Core/Inc -I../Drivers/STM32L4xx_HAL_Driver/Inc -I../Drivers/STM32L4xx_HAL_Driver/Inc/Legacy -I../Drivers/CMSIS/Device/ST/STM32L4xx/Include -I../Drivers/CMSIS/Include -I../BlueNRG-MS/Target -I../Middlewares/ST/BlueNRG-MS/utils -I../Middlewares/ST/BlueNRG-MS/includes -I../Middlewares/ST/BlueNRG-MS/hci/hci_tl_patterns/Basic -O0 -ffunction-sections -fdata-sections -Wall -fstack-usage -MMD -MP -MF"Middlewares/ST/BlueNRG-MS/hci/controller/bluenrg_l2cap_aci.d" -MT"Middlewares/ST/BlueNRG-MS/hci/controller/bluenrg_l2cap_aci.o" --specs=nano.specs -mfpu=fpv4-sp-d16 -mfloat-abi=hard -mthumb -o "Middlewares/ST/BlueNRG-MS/hci/controller/bluenrg_l2cap_aci.o"
arm-none-eabi-gcc "../Middlewares/ST/BlueNRG-MS/hci/controller/bluenrg_updater_aci.c" -mcpu=cortex-m4 -std=gnu11 -g3 -DUSE_HAL_DRIVER -DSTM32L476xx -DDEBUG '-DBLUENRG_CONFIG=BLUENRG_32_MHZ' -c -I../Core/Inc -I../Drivers/STM32L4xx_HAL_Driver/Inc -I../Drivers/STM32L4xx_HAL_Driver/Inc/Legacy -I../Drivers/CMSIS/Device/ST/STM32L4xx/Include -I../Drivers/CMSIS/Include -I../BlueNRG-MS/Target -I../Middlewares/ST/BlueNRG-MS/utils -I../Middlewares/ST/BlueNRG-MS/includes -I../Middlewares/ST/BlueNRG-MS/hci/hci_tl_patterns/Basic -O0 -ffunction-sections -fdata-sections -Wall -fstack-usage -MMD -MP -MF"Middlewares/ST/BlueNRG-MS/hci/controller/bluenrg_updater_aci.d" -MT"Middlewares/ST/BlueNRG-MS/hci/controller/bluenrg_updater_aci.o" --specs=nano.specs -mfpu=fpv4-sp-d16 -mfloat-abi=hard -mthumb -o "Middlewares/ST/BlueNRG-MS/hci/controller/bluenrg_updater_aci.o"
arm-none-eabi-gcc "../Middlewares/ST/BlueNRG-MS/hci/controller/bluenrg_utils_small.c" -mcpu=cortex-m4 -std=gnu11 -g3 -DUSE_HAL_DRIVER -DSTM32L476xx -DDEBUG '-DBLUENRG_CONFIG=BLUENRG_32_MHZ' -c -I../Core/Inc -I../Drivers/STM32L4xx_HAL_Driver/Inc -I../Drivers/STM32L4xx_HAL_Driver/Inc/Legacy -I../Drivers/CMSIS/Device/ST/STM32L4xx/Include -I../Drivers/CMSIS/Include -I../BlueNRG-MS/Target -I../Middlewares/ST/BlueNRG-MS/utils -I../Middlewares/ST/BlueNRG-MS/includes -I../Middlewares/ST/BlueNRG-MS/hci/hci_tl_patterns/Basic -O0 -ffunction-sections -fdata-sections -Wall -fstack-usage -MMD -MP -MF"Middlewares/ST/BlueNRG-MS/hci/controller/bluenrg_utils_small.d" -MT"Middlewares/ST/BlueNRG-MS/hci/controller/bluenrg_utils_small.o" --specs=nano.specs -mfpu=fpv4-sp-d16 -mfloat-abi=hard -mthumb -o "Middlewares/ST/BlueNRG-MS/hci/controller/bluenrg_utils_small.o"
arm-none-eabi-gcc "../Middlewares/ST/BlueNRG-MS/hci/hci_le.c" -mcpu=cortex-m4 -std=gnu11 -g3 -DUSE_HAL_DRIVER -DSTM32L476xx -DDEBUG '-DBLUENRG_CONFIG=BLUENRG_32_MHZ' -c -I../Core/Inc -I../Drivers/STM32L4xx_HAL_Driver/Inc -I../Drivers/STM32L4xx_HAL_Driver/Inc/Legacy -I../Drivers/CMSIS/Device/ST/STM32L4xx/Include -I../Drivers/CMSIS/Include -I../BlueNRG-MS/Target -I../Middlewares/ST/BlueNRG-MS/utils -I../Middlewares/ST/BlueNRG-MS/includes -I../Middlewares/ST/BlueNRG-MS/hci/hci_tl_patterns/Basic -O0 -ffunction-sections -fdata-sections -Wall -fstack-usage -MMD -MP -MF"Middlewares/ST/BlueNRG-MS/hci/hci_le.d" -MT"Middlewares/ST/BlueNRG-MS/hci/hci_le.o" --specs=nano.specs -mfpu=fpv4-sp-d16 -mfloat-abi=hard -mthumb -o "Middlewares/ST/BlueNRG-MS/hci/hci_le.o"
../Middlewares/ST/BlueNRG-MS/hci/controller/bluenrg_IFR.c:56:39: warning: missing braces around initializer [-Wmissing-braces]
arm-none-eabi-gcc "../Drivers/STM32L4xx_HAL_Driver/Src/stm32l4xx_hal.c" -mcpu=cortex-m4 -std=gnu11 -g3 -DUSE_HAL_DRIVER -DSTM32L476xx -DDEBUG '-DBLUENRG_CONFIG=BLUENRG_32_MHZ' -c -I../Core/Inc -I../Drivers/STM32L4xx_HAL_Driver/Inc -I../Drivers/STM32L4xx_HAL_Driver/Inc/Legacy -I../Drivers/CMSIS/Device/ST/STM32L4xx/Include -I../Drivers/CMSIS/Include -I../BlueNRG-MS/Target -I../Middlewares/ST/BlueNRG-MS/utils -I../Middlewares/ST/BlueNRG-MS/includes -I../Middlewares/ST/BlueNRG-MS/hci/hci_tl_patterns/Basic -O0 -ffunction-sections -fdata-sections -Wall -fstack-usage -MMD -MP -MF"Drivers/STM32L4xx_HAL_Driver/Src/stm32l4xx_hal.d" -MT"Drivers/STM32L4xx_HAL_Driver/Src/stm32l4xx_hal.o" --specs=nano.specs -mfpu=fpv4-sp-d16 -mfloat-abi=hard -mthumb -o "Drivers/STM32L4xx_HAL_Driver/Src/stm32l4xx_hal.o"
 const IFR_config_TypeDef IFR_config = {
                                       ^
../Middlewares/ST/BlueNRG-MS/hci/controller/bluenrg_IFR.c:72:3:
   0x02,0x3A,0x5C,0x02,
   {
../Middlewares/ST/BlueNRG-MS/hci/controller/bluenrg_IFR.c:88:22:
   0xFF,0xFF,0xFF,0xFF,
                      }
../Middlewares/ST/BlueNRG-MS/hci/controller/bluenrg_IFR.c:90:3:
   0x02,0x1C,0x43,0x02,
   {
../Middlewares/ST/BlueNRG-MS/hci/controller/bluenrg_IFR.c:105:22:
   0xFF,0xFF,0xFF,0xFF,
                      }
../Middlewares/ST/BlueNRG-MS/hci/controller/bluenrg_IFR.c:108:8:
   0xFF,0xFF,0xFF,
        {        }
   0xFFFFFFFF,0xFFFFFFFF,0xFFFFFFFF,
   {                               }
../Middlewares/ST/BlueNRG-MS/hci/controller/bluenrg_IFR.c:117:3:
   0xFF,0xFF,
   {        }
../Middlewares/ST/BlueNRG-MS/hci/controller/bluenrg_IFR.c:121:3:
   0xFFFFFFFF,  
   {
../Middlewares/ST/BlueNRG-MS/hci/controller/bluenrg_IFR.c:126:1:
 };
 }
arm-none-eabi-gcc "../Drivers/STM32L4xx_HAL_Driver/Src/stm32l4xx_hal_cortex.c" -mcpu=cortex-m4 -std=gnu11 -g3 -DUSE_HAL_DRIVER -DSTM32L476xx -DDEBUG '-DBLUENRG_CONFIG=BLUENRG_32_MHZ' -c -I../Core/Inc -I../Drivers/STM32L4xx_HAL_Driver/Inc -I../Drivers/STM32L4xx_HAL_Driver/Inc/Legacy -I../Drivers/CMSIS/Device/ST/STM32L4xx/Include -I../Drivers/CMSIS/Include -I../BlueNRG-MS/Target -I../Middlewares/ST/BlueNRG-MS/utils -I../Middlewares/ST/BlueNRG-MS/includes -I../Middlewares/ST/BlueNRG-MS/hci/hci_tl_patterns/Basic -O0 -ffunction-sections -fdata-sections -Wall -fstack-usage -MMD -MP -MF"Drivers/STM32L4xx_HAL_Driver/Src/stm32l4xx_hal_cortex.d" -MT"Drivers/STM32L4xx_HAL_Driver/Src/stm32l4xx_hal_cortex.o" --specs=nano.specs -mfpu=fpv4-sp-d16 -mfloat-abi=hard -mthumb -o "Drivers/STM32L4xx_HAL_Driver/Src/stm32l4xx_hal_cortex.o"
arm-none-eabi-gcc "../Drivers/STM32L4xx_HAL_Driver/Src/stm32l4xx_hal_dma.c" -mcpu=cortex-m4 -std=gnu11 -g3 -DUSE_HAL_DRIVER -DSTM32L476xx -DDEBUG '-DBLUENRG_CONFIG=BLUENRG_32_MHZ' -c -I../Core/Inc -I../Drivers/STM32L4xx_HAL_Driver/Inc -I../Drivers/STM32L4xx_HAL_Driver/Inc/Legacy -I../Drivers/CMSIS/Device/ST/STM32L4xx/Include -I../Drivers/CMSIS/Include -I../BlueNRG-MS/Target -I../Middlewares/ST/BlueNRG-MS/utils -I../Middlewares/ST/BlueNRG-MS/includes -I../Middlewares/ST/BlueNRG-MS/hci/hci_tl_patterns/Basic -O0 -ffunction-sections -fdata-sections -Wall -fstack-usage -MMD -MP -MF"Drivers/STM32L4xx_HAL_Driver/Src/stm32l4xx_hal_dma.d" -MT"Drivers/STM32L4xx_HAL_Driver/Src/stm32l4xx_hal_dma.o" --specs=nano.specs -mfpu=fpv4-sp-d16 -mfloat-abi=hard -mthumb -o "Drivers/STM32L4xx_HAL_Driver/Src/stm32l4xx_hal_dma.o"
arm-none-eabi-gcc "../Drivers/STM32L4xx_HAL_Driver/Src/stm32l4xx_hal_dma_ex.c" -mcpu=cortex-m4 -std=gnu11 -g3 -DUSE_HAL_DRIVER -DSTM32L476xx -DDEBUG '-DBLUENRG_CONFIG=BLUENRG_32_MHZ' -c -I../Core/Inc -I../Drivers/STM32L4xx_HAL_Driver/Inc -I../Drivers/STM32L4xx_HAL_Driver/Inc/Legacy -I../Drivers/CMSIS/Device/ST/STM32L4xx/Include -I../Drivers/CMSIS/Include -I../BlueNRG-MS/Target -I../Middlewares/ST/BlueNRG-MS/utils -I../Middlewares/ST/BlueNRG-MS/includes -I../Middlewares/ST/BlueNRG-MS/hci/hci_tl_patterns/Basic -O0 -ffunction-sections -fdata-sections -Wall -fstack-usage -MMD -MP -MF"Drivers/STM32L4xx_HAL_Driver/Src/stm32l4xx_hal_dma_ex.d" -MT"Drivers/STM32L4xx_HAL_Driver/Src/stm32l4xx_hal_dma_ex.o" --specs=nano.specs -mfpu=fpv4-sp-d16 -mfloat-abi=hard -mthumb -o "Drivers/STM32L4xx_HAL_Driver/Src/stm32l4xx_hal_dma_ex.o"
arm-none-eabi-gcc "../Drivers/STM32L4xx_HAL_Driver/Src/stm32l4xx_hal_exti.c" -mcpu=cortex-m4 -std=gnu11 -g3 -DUSE_HAL_DRIVER -DSTM32L476xx -DDEBUG '-DBLUENRG_CONFIG=BLUENRG_32_MHZ' -c -I../Core/Inc -I../Drivers/STM32L4xx_HAL_Driver/Inc -I../Drivers/STM32L4xx_HAL_Driver/Inc/Legacy -I../Drivers/CMSIS/Device/ST/STM32L4xx/Include -I../Drivers/CMSIS/Include -I../BlueNRG-MS/Target -I../Middlewares/ST/BlueNRG-MS/utils -I../Middlewares/ST/BlueNRG-MS/includes -I../Middlewares/ST/BlueNRG-MS/hci/hci_tl_patterns/Basic -O0 -ffunction-sections -fdata-sections -Wall -fstack-usage -MMD -MP -MF"Drivers/STM32L4xx_HAL_Driver/Src/stm32l4xx_hal_exti.d" -MT"Drivers/STM32L4xx_HAL_Driver/Src/stm32l4xx_hal_exti.o" --specs=nano.specs -mfpu=fpv4-sp-d16 -mfloat-abi=hard -mthumb -o "Drivers/STM32L4xx_HAL_Driver/Src/stm32l4xx_hal_exti.o"
arm-none-eabi-gcc "../Drivers/STM32L4xx_HAL_Driver/Src/stm32l4xx_hal_flash.c" -mcpu=cortex-m4 -std=gnu11 -g3 -DUSE_HAL_DRIVER -DSTM32L476xx -DDEBUG '-DBLUENRG_CONFIG=BLUENRG_32_MHZ' -c -I../Core/Inc -I../Drivers/STM32L4xx_HAL_Driver/Inc -I../Drivers/STM32L4xx_HAL_Driver/Inc/Legacy -I../Drivers/CMSIS/Device/ST/STM32L4xx/Include -I../Drivers/CMSIS/Include -I../BlueNRG-MS/Target -I../Middlewares/ST/BlueNRG-MS/utils -I../Middlewares/ST/BlueNRG-MS/includes -I../Middlewares/ST/BlueNRG-MS/hci/hci_tl_patterns/Basic -O0 -ffunction-sections -fdata-sections -Wall -fstack-usage -MMD -MP -MF"Drivers/STM32L4xx_HAL_Driver/Src/stm32l4xx_hal_flash.d" -MT"Drivers/STM32L4xx_HAL_Driver/Src/stm32l4xx_hal_flash.o" --specs=nano.specs -mfpu=fpv4-sp-d16 -mfloat-abi=hard -mthumb -o "Drivers/STM32L4xx_HAL_Driver/Src/stm32l4xx_hal_flash.o"
arm-none-eabi-gcc "../Drivers/STM32L4xx_HAL_Driver/Src/stm32l4xx_hal_flash_ex.c" -mcpu=cortex-m4 -std=gnu11 -g3 -DUSE_HAL_DRIVER -DSTM32L476xx -DDEBUG '-DBLUENRG_CONFIG=BLUENRG_32_MHZ' -c -I../Core/Inc -I../Drivers/STM32L4xx_HAL_Driver/Inc -I../Drivers/STM32L4xx_HAL_Driver/Inc/Legacy -I../Drivers/CMSIS/Device/ST/STM32L4xx/Include -I../Drivers/CMSIS/Include -I../BlueNRG-MS/Target -I../Middlewares/ST/BlueNRG-MS/utils -I../Middlewares/ST/BlueNRG-MS/includes -I../Middlewares/ST/BlueNRG-MS/hci/hci_tl_patterns/Basic -O0 -ffunction-sections -fdata-sections -Wall -fstack-usage -MMD -MP -MF"Drivers/STM32L4xx_HAL_Driver/Src/stm32l4xx_hal_flash_ex.d" -MT"Drivers/STM32L4xx_HAL_Driver/Src/stm32l4xx_hal_flash_ex.o" --specs=nano.specs -mfpu=fpv4-sp-d16 -mfloat-abi=hard -mthumb -o "Drivers/STM32L4xx_HAL_Driver/Src/stm32l4xx_hal_flash_ex.o"
arm-none-eabi-gcc "../Drivers/STM32L4xx_HAL_Driver/Src/stm32l4xx_hal_flash_ramfunc.c" -mcpu=cortex-m4 -std=gnu11 -g3 -DUSE_HAL_DRIVER -DSTM32L476xx -DDEBUG '-DBLUENRG_CONFIG=BLUENRG_32_MHZ' -c -I../Core/Inc -I../Drivers/STM32L4xx_HAL_Driver/Inc -I../Drivers/STM32L4xx_HAL_Driver/Inc/Legacy -I../Drivers/CMSIS/Device/ST/STM32L4xx/Include -I../Drivers/CMSIS/Include -I../BlueNRG-MS/Target -I../Middlewares/ST/BlueNRG-MS/utils -I../Middlewares/ST/BlueNRG-MS/includes -I../Middlewares/ST/BlueNRG-MS/hci/hci_tl_patterns/Basic -O0 -ffunction-sections -fdata-sections -Wall -fstack-usage -MMD -MP -MF"Drivers/STM32L4xx_HAL_Driver/Src/stm32l4xx_hal_flash_ramfunc.d" -MT"Drivers/STM32L4xx_HAL_Driver/Src/stm32l4xx_hal_flash_ramfunc.o" --specs=nano.specs -mfpu=fpv4-sp-d16 -mfloat-abi=hard -mthumb -o "Drivers/STM32L4xx_HAL_Driver/Src/stm32l4xx_hal_flash_ramfunc.o"
arm-none-eabi-gcc "../Drivers/STM32L4xx_HAL_Driver/Src/stm32l4xx_hal_gpio.c" -mcpu=cortex-m4 -std=gnu11 -g3 -DUSE_HAL_DRIVER -DSTM32L476xx -DDEBUG '-DBLUENRG_CONFIG=BLUENRG_32_MHZ' -c -I../Core/Inc -I../Drivers/STM32L4xx_HAL_Driver/Inc -I../Drivers/STM32L4xx_HAL_Driver/Inc/Legacy -I../Drivers/CMSIS/Device/ST/STM32L4xx/Include -I../Drivers/CMSIS/Include -I../BlueNRG-MS/Target -I../Middlewares/ST/BlueNRG-MS/utils -I../Middlewares/ST/BlueNRG-MS/includes -I../Middlewares/ST/BlueNRG-MS/hci/hci_tl_patterns/Basic -O0 -ffunction-sections -fdata-sections -Wall -fstack-usage -MMD -MP -MF"Drivers/STM32L4xx_HAL_Driver/Src/stm32l4xx_hal_gpio.d" -MT"Drivers/STM32L4xx_HAL_Driver/Src/stm32l4xx_hal_gpio.o" --specs=nano.specs -mfpu=fpv4-sp-d16 -mfloat-abi=hard -mthumb -o "Drivers/STM32L4xx_HAL_Driver/Src/stm32l4xx_hal_gpio.o"
arm-none-eabi-gcc "../Drivers/STM32L4xx_HAL_Driver/Src/stm32l4xx_hal_i2c.c" -mcpu=cortex-m4 -std=gnu11 -g3 -DUSE_HAL_DRIVER -DSTM32L476xx -DDEBUG '-DBLUENRG_CONFIG=BLUENRG_32_MHZ' -c -I../Core/Inc -I../Drivers/STM32L4xx_HAL_Driver/Inc -I../Drivers/STM32L4xx_HAL_Driver/Inc/Legacy -I../Drivers/CMSIS/Device/ST/STM32L4xx/Include -I../Drivers/CMSIS/Include -I../BlueNRG-MS/Target -I../Middlewares/ST/BlueNRG-MS/utils -I../Middlewares/ST/BlueNRG-MS/includes -I../Middlewares/ST/BlueNRG-MS/hci/hci_tl_patterns/Basic -O0 -ffunction-sections -fdata-sections -Wall -fstack-usage -MMD -MP -MF"Drivers/STM32L4xx_HAL_Driver/Src/stm32l4xx_hal_i2c.d" -MT"Drivers/STM32L4xx_HAL_Driver/Src/stm32l4xx_hal_i2c.o" --specs=nano.specs -mfpu=fpv4-sp-d16 -mfloat-abi=hard -mthumb -o "Drivers/STM32L4xx_HAL_Driver/Src/stm32l4xx_hal_i2c.o"
arm-none-eabi-gcc "../Drivers/STM32L4xx_HAL_Driver/Src/stm32l4xx_hal_i2c_ex.c" -mcpu=cortex-m4 -std=gnu11 -g3 -DUSE_HAL_DRIVER -DSTM32L476xx -DDEBUG '-DBLUENRG_CONFIG=BLUENRG_32_MHZ' -c -I../Core/Inc -I../Drivers/STM32L4xx_HAL_Driver/Inc -I../Drivers/STM32L4xx_HAL_Driver/Inc/Legacy -I../Drivers/CMSIS/Device/ST/STM32L4xx/Include -I../Drivers/CMSIS/Include -I../BlueNRG-MS/Target -I../Middlewares/ST/BlueNRG-MS/utils -I../Middlewares/ST/BlueNRG-MS/includes -I../Middlewares/ST/BlueNRG-MS/hci/hci_tl_patterns/Basic -O0 -ffunction-sections -fdata-sections -Wall -fstack-usage -MMD -MP -MF"Drivers/STM32L4xx_HAL_Driver/Src/stm32l4xx_hal_i2c_ex.d" -MT"Drivers/STM32L4xx_HAL_Driver/Src/stm32l4xx_hal_i2c_ex.o" --specs=nano.specs -mfpu=fpv4-sp-d16 -mfloat-abi=hard -mthumb -o "Drivers/STM32L4xx_HAL_Driver/Src/stm32l4xx_hal_i2c_ex.o"
arm-none-eabi-gcc "../Drivers/STM32L4xx_HAL_Driver/Src/stm32l4xx_hal_pwr.c" -mcpu=cortex-m4 -std=gnu11 -g3 -DUSE_HAL_DRIVER -DSTM32L476xx -DDEBUG '-DBLUENRG_CONFIG=BLUENRG_32_MHZ' -c -I../Core/Inc -I../Drivers/STM32L4xx_HAL_Driver/Inc -I../Drivers/STM32L4xx_HAL_Driver/Inc/Legacy -I../Drivers/CMSIS/Device/ST/STM32L4xx/Include -I../Drivers/CMSIS/Include -I../BlueNRG-MS/Target -I../Middlewares/ST/BlueNRG-MS/utils -I../Middlewares/ST/BlueNRG-MS/includes -I../Middlewares/ST/BlueNRG-MS/hci/hci_tl_patterns/Basic -O0 -ffunction-sections -fdata-sections -Wall -fstack-usage -MMD -MP -MF"Drivers/STM32L4xx_HAL_Driver/Src/stm32l4xx_hal_pwr.d" -MT"Drivers/STM32L4xx_HAL_Driver/Src/stm32l4xx_hal_pwr.o" --specs=nano.specs -mfpu=fpv4-sp-d16 -mfloat-abi=hard -mthumb -o "Drivers/STM32L4xx_HAL_Driver/Src/stm32l4xx_hal_pwr.o"
arm-none-eabi-gcc "../Drivers/STM32L4xx_HAL_Driver/Src/stm32l4xx_hal_pwr_ex.c" -mcpu=cortex-m4 -std=gnu11 -g3 -DUSE_HAL_DRIVER -DSTM32L476xx -DDEBUG '-DBLUENRG_CONFIG=BLUENRG_32_MHZ' -c -I../Core/Inc -I../Drivers/STM32L4xx_HAL_Driver/Inc -I../Drivers/STM32L4xx_HAL_Driver/Inc/Legacy -I../Drivers/CMSIS/Device/ST/STM32L4xx/Include -I../Drivers/CMSIS/Include -I../BlueNRG-MS/Target -I../Middlewares/ST/BlueNRG-MS/utils -I../Middlewares/ST/BlueNRG-MS/includes -I../Middlewares/ST/BlueNRG-MS/hci/hci_tl_patterns/Basic -O0 -ffunction-sections -fdata-sections -Wall -fstack-usage -MMD -MP -MF"Drivers/STM32L4xx_HAL_Driver/Src/stm32l4xx_hal_pwr_ex.d" -MT"Drivers/STM32L4xx_HAL_Driver/Src/stm32l4xx_hal_pwr_ex.o" --specs=nano.specs -mfpu=fpv4-sp-d16 -mfloat-abi=hard -mthumb -o "Drivers/STM32L4xx_HAL_Driver/Src/stm32l4xx_hal_pwr_ex.o"
arm-none-eabi-gcc "../Drivers/STM32L4xx_HAL_Driver/Src/stm32l4xx_hal_rcc.c" -mcpu=cortex-m4 -std=gnu11 -g3 -DUSE_HAL_DRIVER -DSTM32L476xx -DDEBUG '-DBLUENRG_CONFIG=BLUENRG_32_MHZ' -c -I../Core/Inc -I../Drivers/STM32L4xx_HAL_Driver/Inc -I../Drivers/STM32L4xx_HAL_Driver/Inc/Legacy -I../Drivers/CMSIS/Device/ST/STM32L4xx/Include -I../Drivers/CMSIS/Include -I../BlueNRG-MS/Target -I../Middlewares/ST/BlueNRG-MS/utils -I../Middlewares/ST/BlueNRG-MS/includes -I../Middlewares/ST/BlueNRG-MS/hci/hci_tl_patterns/Basic -O0 -ffunction-sections -fdata-sections -Wall -fstack-usage -MMD -MP -MF"Drivers/STM32L4xx_HAL_Driver/Src/stm32l4xx_hal_rcc.d" -MT"Drivers/STM32L4xx_HAL_Driver/Src/stm32l4xx_hal_rcc.o" --specs=nano.specs -mfpu=fpv4-sp-d16 -mfloat-abi=hard -mthumb -o "Drivers/STM32L4xx_HAL_Driver/Src/stm32l4xx_hal_rcc.o"
arm-none-eabi-gcc "../Drivers/STM32L4xx_HAL_Driver/Src/stm32l4xx_hal_rcc_ex.c" -mcpu=cortex-m4 -std=gnu11 -g3 -DUSE_HAL_DRIVER -DSTM32L476xx -DDEBUG '-DBLUENRG_CONFIG=BLUENRG_32_MHZ' -c -I../Core/Inc -I../Drivers/STM32L4xx_HAL_Driver/Inc -I../Drivers/STM32L4xx_HAL_Driver/Inc/Legacy -I../Drivers/CMSIS/Device/ST/STM32L4xx/Include -I../Drivers/CMSIS/Include -I../BlueNRG-MS/Target -I../Middlewares/ST/BlueNRG-MS/utils -I../Middlewares/ST/BlueNRG-MS/includes -I../Middlewares/ST/BlueNRG-MS/hci/hci_tl_patterns/Basic -O0 -ffunction-sections -fdata-sections -Wall -fstack-usage -MMD -MP -MF"Drivers/STM32L4xx_HAL_Driver/Src/stm32l4xx_hal_rcc_ex.d" -MT"Drivers/STM32L4xx_HAL_Driver/Src/stm32l4xx_hal_rcc_ex.o" --specs=nano.specs -mfpu=fpv4-sp-d16 -mfloat-abi=hard -mthumb -o "Drivers/STM32L4xx_HAL_Driver/Src/stm32l4xx_hal_rcc_ex.o"
arm-none-eabi-gcc "../Drivers/STM32L4xx_HAL_Driver/Src/stm32l4xx_hal_spi.c" -mcpu=cortex-m4 -std=gnu11 -g3 -DUSE_HAL_DRIVER -DSTM32L476xx -DDEBUG '-DBLUENRG_CONFIG=BLUENRG_32_MHZ' -c -I../Core/Inc -I../Drivers/STM32L4xx_HAL_Driver/Inc -I../Drivers/STM32L4xx_HAL_Driver/Inc/Legacy -I../Drivers/CMSIS/Device/ST/STM32L4xx/Include -I../Drivers/CMSIS/Include -I../BlueNRG-MS/Target -I../Middlewares/ST/BlueNRG-MS/utils -I../Middlewares/ST/BlueNRG-MS/includes -I../Middlewares/ST/BlueNRG-MS/hci/hci_tl_patterns/Basic -O0 -ffunction-sections -fdata-sections -Wall -fstack-usage -MMD -MP -MF"Drivers/STM32L4xx_HAL_Driver/Src/stm32l4xx_hal_spi.d" -MT"Drivers/STM32L4xx_HAL_Driver/Src/stm32l4xx_hal_spi.o" --specs=nano.specs -mfpu=fpv4-sp-d16 -mfloat-abi=hard -mthumb -o "Drivers/STM32L4xx_HAL_Driver/Src/stm32l4xx_hal_spi.o"
arm-none-eabi-gcc "../Drivers/STM32L4xx_HAL_Driver/Src/stm32l4xx_hal_spi_ex.c" -mcpu=cortex-m4 -std=gnu11 -g3 -DUSE_HAL_DRIVER -DSTM32L476xx -DDEBUG '-DBLUENRG_CONFIG=BLUENRG_32_MHZ' -c -I../Core/Inc -I../Drivers/STM32L4xx_HAL_Driver/Inc -I../Drivers/STM32L4xx_HAL_Driver/Inc/Legacy -I../Drivers/CMSIS/Device/ST/STM32L4xx/Include -I../Drivers/CMSIS/Include -I../BlueNRG-MS/Target -I../Middlewares/ST/BlueNRG-MS/utils -I../Middlewares/ST/BlueNRG-MS/includes -I../Middlewares/ST/BlueNRG-MS/hci/hci_tl_patterns/Basic -O0 -ffunction-sections -fdata-sections -Wall -fstack-usage -MMD -MP -MF"Drivers/STM32L4xx_HAL_Driver/Src/stm32l4xx_hal_spi_ex.d" -MT"Drivers/STM32L4xx_HAL_Driver/Src/stm32l4xx_hal_spi_ex.o" --specs=nano.specs -mfpu=fpv4-sp-d16 -mfloat-abi=hard -mthumb -o "Drivers/STM32L4xx_HAL_Driver/Src/stm32l4xx_hal_spi_ex.o"
arm-none-eabi-gcc "../Drivers/STM32L4xx_HAL_Driver/Src/stm32l4xx_hal_tim.c" -mcpu=cortex-m4 -std=gnu11 -g3 -DUSE_HAL_DRIVER -DSTM32L476xx -DDEBUG '-DBLUENRG_CONFIG=BLUENRG_32_MHZ' -c -I../Core/Inc -I../Drivers/STM32L4xx_HAL_Driver/Inc -I../Drivers/STM32L4xx_HAL_Driver/Inc/Legacy -I../Drivers/CMSIS/Device/ST/STM32L4xx/Include -I../Drivers/CMSIS/Include -I../BlueNRG-MS/Target -I../Middlewares/ST/BlueNRG-MS/utils -I../Middlewares/ST/BlueNRG-MS/includes -I../Middlewares/ST/BlueNRG-MS/hci/hci_tl_patterns/Basic -O0 -ffunction-sections -fdata-sections -Wall -fstack-usage -MMD -MP -MF"Drivers/STM32L4xx_HAL_Driver/Src/stm32l4xx_hal_tim.d" -MT"Drivers/STM32L4xx_HAL_Driver/Src/stm32l4xx_hal_tim.o" --specs=nano.specs -mfpu=fpv4-sp-d16 -mfloat-abi=hard -mthumb -o "Drivers/STM32L4xx_HAL_Driver/Src/stm32l4xx_hal_tim.o"
arm-none-eabi-gcc "../Drivers/STM32L4xx_HAL_Driver/Src/stm32l4xx_hal_tim_ex.c" -mcpu=cortex-m4 -std=gnu11 -g3 -DUSE_HAL_DRIVER -DSTM32L476xx -DDEBUG '-DBLUENRG_CONFIG=BLUENRG_32_MHZ' -c -I../Core/Inc -I../Drivers/STM32L4xx_HAL_Driver/Inc -I../Drivers/STM32L4xx_HAL_Driver/Inc/Legacy -I../Drivers/CMSIS/Device/ST/STM32L4xx/Include -I../Drivers/CMSIS/Include -I../BlueNRG-MS/Target -I../Middlewares/ST/BlueNRG-MS/utils -I../Middlewares/ST/BlueNRG-MS/includes -I../Middlewares/ST/BlueNRG-MS/hci/hci_tl_patterns/Basic -O0 -ffunction-sections -fdata-sections -Wall -fstack-usage -MMD -MP -MF"Drivers/STM32L4xx_HAL_Driver/Src/stm32l4xx_hal_tim_ex.d" -MT"Drivers/STM32L4xx_HAL_Driver/Src/stm32l4xx_hal_tim_ex.o" --specs=nano.specs -mfpu=fpv4-sp-d16 -mfloat-abi=hard -mthumb -o "Drivers/STM32L4xx_HAL_Driver/Src/stm32l4xx_hal_tim_ex.o"
arm-none-eabi-gcc "../Drivers/STM32L4xx_HAL_Driver/Src/stm32l4xx_hal_uart.c" -mcpu=cortex-m4 -std=gnu11 -g3 -DUSE_HAL_DRIVER -DSTM32L476xx -DDEBUG '-DBLUENRG_CONFIG=BLUENRG_32_MHZ' -c -I../Core/Inc -I../Drivers/STM32L4xx_HAL_Driver/Inc -I../Drivers/STM32L4xx_HAL_Driver/Inc/Legacy -I../Drivers/CMSIS/Device/ST/STM32L4xx/Include -I../Drivers/CMSIS/Include -I../BlueNRG-MS/Target -I../Middlewares/ST/BlueNRG-MS/utils -I../Middlewares/ST/BlueNRG-MS/includes -I../Middlewares/ST/BlueNRG-MS/hci/hci_tl_patterns/Basic -O0 -ffunction-sections -fdata-sections -Wall -fstack-usage -MMD -MP -MF"Drivers/STM32L4xx_HAL_Driver/Src/stm32l4xx_hal_uart.d" -MT"Drivers/STM32L4xx_HAL_Driver/Src/stm32l4xx_hal_uart.o" --specs=nano.specs -mfpu=fpv4-sp-d16 -mfloat-abi=hard -mthumb -o "Drivers/STM32L4xx_HAL_Driver/Src/stm32l4xx_hal_uart.o"
arm-none-eabi-gcc "../Drivers/STM32L4xx_HAL_Driver/Src/stm32l4xx_hal_uart_ex.c" -mcpu=cortex-m4 -std=gnu11 -g3 -DUSE_HAL_DRIVER -DSTM32L476xx -DDEBUG '-DBLUENRG_CONFIG=BLUENRG_32_MHZ' -c -I../Core/Inc -I../Drivers/STM32L4xx_HAL_Driver/Inc -I../Drivers/STM32L4xx_HAL_Driver/Inc/Legacy -I../Drivers/CMSIS/Device/ST/STM32L4xx/Include -I../Drivers/CMSIS/Include -I../BlueNRG-MS/Target -I../Middlewares/ST/BlueNRG-MS/utils -I../Middlewares/ST/BlueNRG-MS/includes -I../Middlewares/ST/BlueNRG-MS/hci/hci_tl_patterns/Basic -O0 -ffunction-sections -fdata-sections -Wall -fstack-usage -MMD -MP -MF"Drivers/STM32L4xx_HAL_Driver/Src/stm32l4xx_hal_uart_ex.d" -MT"Drivers/STM32L4xx_HAL_Driver/Src/stm32l4xx_hal_uart_ex.o" --specs=nano.specs -mfpu=fpv4-sp-d16 -mfloat-abi=hard -mthumb -o "Drivers/STM32L4xx_HAL_Driver/Src/stm32l4xx_hal_uart_ex.o"
arm-none-eabi-gcc "../Core/Src/custom_bus.c" -mcpu=cortex-m4 -std=gnu11 -g3 -DUSE_HAL_DRIVER -DSTM32L476xx -DDEBUG '-DBLUENRG_CONFIG=BLUENRG_32_MHZ' -c -I../Core/Inc -I../Drivers/STM32L4xx_HAL_Driver/Inc -I../Drivers/STM32L4xx_HAL_Driver/Inc/Legacy -I../Drivers/CMSIS/Device/ST/STM32L4xx/Include -I../Drivers/CMSIS/Include -I../BlueNRG-MS/Target -I../Middlewares/ST/BlueNRG-MS/utils -I../Middlewares/ST/BlueNRG-MS/includes -I../Middlewares/ST/BlueNRG-MS/hci/hci_tl_patterns/Basic -O0 -ffunction-sections -fdata-sections -Wall -fstack-usage -MMD -MP -MF"Core/Src/custom_bus.d" -MT"Core/Src/custom_bus.o" --specs=nano.specs -mfpu=fpv4-sp-d16 -mfloat-abi=hard -mthumb -o "Core/Src/custom_bus.o"
arm-none-eabi-gcc "../Core/Src/main.c" -mcpu=cortex-m4 -std=gnu11 -g3 -DUSE_HAL_DRIVER -DSTM32L476xx -DDEBUG '-DBLUENRG_CONFIG=BLUENRG_32_MHZ' -c -I../Core/Inc -I../Drivers/STM32L4xx_HAL_Driver/Inc -I../Drivers/STM32L4xx_HAL_Driver/Inc/Legacy -I../Drivers/CMSIS/Device/ST/STM32L4xx/Include -I../Drivers/CMSIS/Include -I../BlueNRG-MS/Target -I../Middlewares/ST/BlueNRG-MS/utils -I../Middlewares/ST/BlueNRG-MS/includes -I../Middlewares/ST/BlueNRG-MS/hci/hci_tl_patterns/Basic -O0 -ffunction-sections -fdata-sections -Wall -fstack-usage -MMD -MP -MF"Core/Src/main.d" -MT"Core/Src/main.o" --specs=nano.specs -mfpu=fpv4-sp-d16 -mfloat-abi=hard -mthumb -o "Core/Src/main.o"
arm-none-eabi-gcc "../Core/Src/stm32l4xx_hal_msp.c" -mcpu=cortex-m4 -std=gnu11 -g3 -DUSE_HAL_DRIVER -DSTM32L476xx -DDEBUG '-DBLUENRG_CONFIG=BLUENRG_32_MHZ' -c -I../Core/Inc -I../Drivers/STM32L4xx_HAL_Driver/Inc -I../Drivers/STM32L4xx_HAL_Driver/Inc/Legacy -I../Drivers/CMSIS/Device/ST/STM32L4xx/Include -I../Drivers/CMSIS/Include -I../BlueNRG-MS/Target -I../Middlewares/ST/BlueNRG-MS/utils -I../Middlewares/ST/BlueNRG-MS/includes -I../Middlewares/ST/BlueNRG-MS/hci/hci_tl_patterns/Basic -O0 -ffunction-sections -fdata-sections -Wall -fstack-usage -MMD -MP -MF"Core/Src/stm32l4xx_hal_msp.d" -MT"Core/Src/stm32l4xx_hal_msp.o" --specs=nano.specs -mfpu=fpv4-sp-d16 -mfloat-abi=hard -mthumb -o "Core/Src/stm32l4xx_hal_msp.o"
arm-none-eabi-gcc "../Core/Src/stm32l4xx_it.c" -mcpu=cortex-m4 -std=gnu11 -g3 -DUSE_HAL_DRIVER -DSTM32L476xx -DDEBUG '-DBLUENRG_CONFIG=BLUENRG_32_MHZ' -c -I../Core/Inc -I../Drivers/STM32L4xx_HAL_Driver/Inc -I../Drivers/STM32L4xx_HAL_Driver/Inc/Legacy -I../Drivers/CMSIS/Device/ST/STM32L4xx/Include -I../Drivers/CMSIS/Include -I../BlueNRG-MS/Target -I../Middlewares/ST/BlueNRG-MS/utils -I../Middlewares/ST/BlueNRG-MS/includes -I../Middlewares/ST/BlueNRG-MS/hci/hci_tl_patterns/Basic -O0 -ffunction-sections -fdata-sections -Wall -fstack-usage -MMD -MP -MF"Core/Src/stm32l4xx_it.d" -MT"Core/Src/stm32l4xx_it.o" --specs=nano.specs -mfpu=fpv4-sp-d16 -mfloat-abi=hard -mthumb -o "Core/Src/stm32l4xx_it.o"
arm-none-eabi-gcc "../Core/Src/syscalls.c" -mcpu=cortex-m4 -std=gnu11 -g3 -DUSE_HAL_DRIVER -DSTM32L476xx -DDEBUG '-DBLUENRG_CONFIG=BLUENRG_32_MHZ' -c -I../Core/Inc -I../Drivers/STM32L4xx_HAL_Driver/Inc -I../Drivers/STM32L4xx_HAL_Driver/Inc/Legacy -I../Drivers/CMSIS/Device/ST/STM32L4xx/Include -I../Drivers/CMSIS/Include -I../BlueNRG-MS/Target -I../Middlewares/ST/BlueNRG-MS/utils -I../Middlewares/ST/BlueNRG-MS/includes -I../Middlewares/ST/BlueNRG-MS/hci/hci_tl_patterns/Basic -O0 -ffunction-sections -fdata-sections -Wall -fstack-usage -MMD -MP -MF"Core/Src/syscalls.d" -MT"Core/Src/syscalls.o" --specs=nano.specs -mfpu=fpv4-sp-d16 -mfloat-abi=hard -mthumb -o "Core/Src/syscalls.o"
arm-none-eabi-gcc "../Core/Src/sysmem.c" -mcpu=cortex-m4 -std=gnu11 -g3 -DUSE_HAL_DRIVER -DSTM32L476xx -DDEBUG '-DBLUENRG_CONFIG=BLUENRG_32_MHZ' -c -I../Core/Inc -I../Drivers/STM32L4xx_HAL_Driver/Inc -I../Drivers/STM32L4xx_HAL_Driver/Inc/Legacy -I../Drivers/CMSIS/Device/ST/STM32L4xx/Include -I../Drivers/CMSIS/Include -I../BlueNRG-MS/Target -I../Middlewares/ST/BlueNRG-MS/utils -I../Middlewares/ST/BlueNRG-MS/includes -I../Middlewares/ST/BlueNRG-MS/hci/hci_tl_patterns/Basic -O0 -ffunction-sections -fdata-sections -Wall -fstack-usage -MMD -MP -MF"Core/Src/sysmem.d" -MT"Core/Src/sysmem.o" --specs=nano.specs -mfpu=fpv4-sp-d16 -mfloat-abi=hard -mthumb -o "Core/Src/sysmem.o"
arm-none-eabi-gcc "../Core/Src/system_stm32l4xx.c" -mcpu=cortex-m4 -std=gnu11 -g3 -DUSE_HAL_DRIVER -DSTM32L476xx -DDEBUG '-DBLUENRG_CONFIG=BLUENRG_32_MHZ' -c -I../Core/Inc -I../Drivers/STM32L4xx_HAL_Driver/Inc -I../Drivers/STM32L4xx_HAL_Driver/Inc/Legacy -I../Drivers/CMSIS/Device/ST/STM32L4xx/Include -I../Drivers/CMSIS/Include -I../BlueNRG-MS/Target -I../Middlewares/ST/BlueNRG-MS/utils -I../Middlewares/ST/BlueNRG-MS/includes -I../Middlewares/ST/BlueNRG-MS/hci/hci_tl_patterns/Basic -O0 -ffunction-sections -fdata-sections -Wall -fstack-usage -MMD -MP -MF"Core/Src/system_stm32l4xx.d" -MT"Core/Src/system_stm32l4xx.o" --specs=nano.specs -mfpu=fpv4-sp-d16 -mfloat-abi=hard -mthumb -o "Core/Src/system_stm32l4xx.o"
arm-none-eabi-gcc "../BlueNRG-MS/Target/hci_tl_interface.c" -mcpu=cortex-m4 -std=gnu11 -g3 -DUSE_HAL_DRIVER -DSTM32L476xx -DDEBUG '-DBLUENRG_CONFIG=BLUENRG_32_MHZ' -c -I../Core/Inc -I../Drivers/STM32L4xx_HAL_Driver/Inc -I../Drivers/STM32L4xx_HAL_Driver/Inc/Legacy -I../Drivers/CMSIS/Device/ST/STM32L4xx/Include -I../Drivers/CMSIS/Include -I../BlueNRG-MS/Target -I../Middlewares/ST/BlueNRG-MS/utils -I../Middlewares/ST/BlueNRG-MS/includes -I../Middlewares/ST/BlueNRG-MS/hci/hci_tl_patterns/Basic -O0 -ffunction-sections -fdata-sections -Wall -fstack-usage -MMD -MP -MF"BlueNRG-MS/Target/hci_tl_interface.d" -MT"BlueNRG-MS/Target/hci_tl_interface.o" --specs=nano.specs -mfpu=fpv4-sp-d16 -mfloat-abi=hard -mthumb -o "BlueNRG-MS/Target/hci_tl_interface.o"
arm-none-eabi-gcc -o "L476_BLE_Test.elf" @"objects.list"   -mcpu=cortex-m4 -T"/Users/chrissutton/Projects/EmbeddedProjects/BLE_Tests/L476_BLE_Test/STM32L476RGTX_FLASH.ld" --specs=nosys.specs -Wl,-Map="L476_BLE_Test.map" -Wl,--gc-sections -static --specs=nano.specs -mfpu=fpv4-sp-d16 -mfloat-abi=hard -mthumb -Wl,--start-group -lc -lm -Wl,--end-group
Finished building target: L476_BLE_Test.elf
 
arm-none-eabi-objdump -h -S  L476_BLE_Test.elf  > "L476_BLE_Test.list"
arm-none-eabi-objcopy  -O binary  L476_BLE_Test.elf  "L476_BLE_Test.bin"
arm-none-eabi-size   L476_BLE_Test.elf 
   text	   data	    bss	    dec	    hex	filename
  11780	     20	   1700	  13500	   34bc	L476_BLE_Test.elf
Finished building: default.size.stdout
 
Finished building: L476_BLE_Test.bin
 
Finished building: L476_BLE_Test.list
 

14:43:28 Build Finished. 0 errors, 1 warnings. (took 1s.913ms)

